Archive member included to satisfy reference by file (symbol)

/usr/lib/gcc/arm-none-eabi/9.2.0/thumb/v7+fp/hard/libgcc.a(_udivsi3.o)
                              ./source/bsp/xgpiops.o (__aeabi_uidivmod)
/usr/lib/gcc/arm-none-eabi/9.2.0/thumb/v7+fp/hard/libgcc.a(_dvmd_tls.o)
                              /usr/lib/gcc/arm-none-eabi/9.2.0/thumb/v7+fp/hard/libgcc.a(_udivsi3.o) (__aeabi_idiv0)
/usr/lib/gcc/arm-none-eabi/9.2.0/../../../../arm-none-eabi/lib/thumb/v7+fp/hard/libg.a(lib_a-atexit.o)
                              /usr/lib/gcc/arm-none-eabi/9.2.0/../../../../arm-none-eabi/lib/thumb/v7+fp/hard/crt0.o (atexit)
/usr/lib/gcc/arm-none-eabi/9.2.0/../../../../arm-none-eabi/lib/thumb/v7+fp/hard/libg.a(lib_a-exit.o)
                              /usr/lib/gcc/arm-none-eabi/9.2.0/../../../../arm-none-eabi/lib/thumb/v7+fp/hard/crt0.o (exit)
/usr/lib/gcc/arm-none-eabi/9.2.0/../../../../arm-none-eabi/lib/thumb/v7+fp/hard/libg.a(lib_a-fini.o)
                              /usr/lib/gcc/arm-none-eabi/9.2.0/../../../../arm-none-eabi/lib/thumb/v7+fp/hard/crt0.o (__libc_fini_array)
/usr/lib/gcc/arm-none-eabi/9.2.0/../../../../arm-none-eabi/lib/thumb/v7+fp/hard/libg.a(lib_a-impure.o)
                              /usr/lib/gcc/arm-none-eabi/9.2.0/../../../../arm-none-eabi/lib/thumb/v7+fp/hard/libg.a(lib_a-exit.o) (_global_impure_ptr)
/usr/lib/gcc/arm-none-eabi/9.2.0/../../../../arm-none-eabi/lib/thumb/v7+fp/hard/libg.a(lib_a-init.o)
                              /usr/lib/gcc/arm-none-eabi/9.2.0/../../../../arm-none-eabi/lib/thumb/v7+fp/hard/crt0.o (__libc_init_array)
/usr/lib/gcc/arm-none-eabi/9.2.0/../../../../arm-none-eabi/lib/thumb/v7+fp/hard/libg.a(lib_a-memcpy.o)
                              ./source/kernel/queue.o (memcpy)
/usr/lib/gcc/arm-none-eabi/9.2.0/../../../../arm-none-eabi/lib/thumb/v7+fp/hard/libg.a(lib_a-memset.o)
                              /usr/lib/gcc/arm-none-eabi/9.2.0/../../../../arm-none-eabi/lib/thumb/v7+fp/hard/crt0.o (memset)
/usr/lib/gcc/arm-none-eabi/9.2.0/../../../../arm-none-eabi/lib/thumb/v7+fp/hard/libg.a(lib_a-sprintf.o)
                              ./source/kernel/tasks.o (sprintf)
/usr/lib/gcc/arm-none-eabi/9.2.0/../../../../arm-none-eabi/lib/thumb/v7+fp/hard/libg.a(lib_a-strcpy.o)
                              ./source/kernel/tasks.o (strcpy)
/usr/lib/gcc/arm-none-eabi/9.2.0/../../../../arm-none-eabi/lib/thumb/v7+fp/hard/libg.a(lib_a-strlen-stub.o)
                              ./source/kernel/tasks.o (strlen)
/usr/lib/gcc/arm-none-eabi/9.2.0/../../../../arm-none-eabi/lib/thumb/v7+fp/hard/libg.a(lib_a-svfprintf.o)
                              /usr/lib/gcc/arm-none-eabi/9.2.0/../../../../arm-none-eabi/lib/thumb/v7+fp/hard/libg.a(lib_a-sprintf.o) (_svfprintf_r)
/usr/lib/gcc/arm-none-eabi/9.2.0/../../../../arm-none-eabi/lib/thumb/v7+fp/hard/libg.a(lib_a-__atexit.o)
                              /usr/lib/gcc/arm-none-eabi/9.2.0/../../../../arm-none-eabi/lib/thumb/v7+fp/hard/libg.a(lib_a-atexit.o) (__register_exitproc)
/usr/lib/gcc/arm-none-eabi/9.2.0/../../../../arm-none-eabi/lib/thumb/v7+fp/hard/libg.a(lib_a-__call_atexit.o)
                              /usr/lib/gcc/arm-none-eabi/9.2.0/../../../../arm-none-eabi/lib/thumb/v7+fp/hard/libg.a(lib_a-exit.o) (__call_exitprocs)
/usr/lib/gcc/arm-none-eabi/9.2.0/../../../../arm-none-eabi/lib/thumb/v7+fp/hard/libg.a(lib_a-dtoa.o)
                              /usr/lib/gcc/arm-none-eabi/9.2.0/../../../../arm-none-eabi/lib/thumb/v7+fp/hard/libg.a(lib_a-svfprintf.o) (_dtoa_r)
/usr/lib/gcc/arm-none-eabi/9.2.0/../../../../arm-none-eabi/lib/thumb/v7+fp/hard/libg.a(lib_a-localeconv.o)
                              /usr/lib/gcc/arm-none-eabi/9.2.0/../../../../arm-none-eabi/lib/thumb/v7+fp/hard/libg.a(lib_a-svfprintf.o) (_localeconv_r)
/usr/lib/gcc/arm-none-eabi/9.2.0/../../../../arm-none-eabi/lib/thumb/v7+fp/hard/libg.a(lib_a-lock.o)
                              /usr/lib/gcc/arm-none-eabi/9.2.0/../../../../arm-none-eabi/lib/thumb/v7+fp/hard/libg.a(lib_a-__atexit.o) (__retarget_lock_acquire_recursive)
/usr/lib/gcc/arm-none-eabi/9.2.0/../../../../arm-none-eabi/lib/thumb/v7+fp/hard/libg.a(lib_a-mallocr.o)
                              /usr/lib/gcc/arm-none-eabi/9.2.0/../../../../arm-none-eabi/lib/thumb/v7+fp/hard/libg.a(lib_a-svfprintf.o) (_malloc_r)
/usr/lib/gcc/arm-none-eabi/9.2.0/../../../../arm-none-eabi/lib/thumb/v7+fp/hard/libg.a(lib_a-memchr-stub.o)
                              /usr/lib/gcc/arm-none-eabi/9.2.0/../../../../arm-none-eabi/lib/thumb/v7+fp/hard/libg.a(lib_a-svfprintf.o) (memchr)
/usr/lib/gcc/arm-none-eabi/9.2.0/../../../../arm-none-eabi/lib/thumb/v7+fp/hard/libg.a(lib_a-mlock.o)
                              /usr/lib/gcc/arm-none-eabi/9.2.0/../../../../arm-none-eabi/lib/thumb/v7+fp/hard/libg.a(lib_a-mallocr.o) (__malloc_lock)
/usr/lib/gcc/arm-none-eabi/9.2.0/../../../../arm-none-eabi/lib/thumb/v7+fp/hard/libg.a(lib_a-mprec.o)
[...]
Memory Configuration

Name             Origin             Length             Attributes
*default*        0x0000000000000000 0xffffffffffffffff

Linker script and memory map

LOAD /usr/lib/gcc/arm-none-eabi/9.2.0/thumb/v7+fp/hard/crti.o
LOAD /usr/lib/gcc/arm-none-eabi/9.2.0/thumb/v7+fp/hard/crtbegin.o
LOAD /usr/lib/gcc/arm-none-eabi/9.2.0/../../../../arm-none-eabi/lib/thumb/v7+fp/hard/crt0.o
LOAD ./source/portable/port.o
LOAD ./source/portable/portASM.o
LOAD ./source/platform/macuart.o
LOAD ./source/lib/print.o
LOAD ./source/lib/printformat.o
LOAD ./source/kernel/FreeRTOS_tick_config.o
LOAD ./source/kernel/ParTest.o
LOAD ./source/kernel/croutine.o
LOAD ./source/kernel/head.o
LOAD ./source/kernel/heap_5.o
LOAD ./source/kernel/hyp_entry.o
LOAD ./source/kernel/init.o
LOAD ./source/kernel/list.o
LOAD ./source/kernel/queue.o
LOAD ./source/kernel/svc_entry.o
LOAD ./source/kernel/tasks.o
LOAD ./source/kernel/timers.o
LOAD ./source/bsp/timer/xscutimer.o
LOAD ./source/bsp/timer/xscutimer_g.o
LOAD ./source/bsp/timer/xscutimer_sinit.o
LOAD ./source/bsp/gic/xscugic.o
LOAD ./source/bsp/gic/xscugic_g.o
LOAD ./source/bsp/gic/xscugic_sinit.o
LOAD ./source/bsp/vectors.o
LOAD ./source/bsp/xgpiops.o
LOAD ./source/bsp/xil_assert.o
LOAD ./source/bsp/xil_exception.o
LOAD ./source/bsp/xplatform_info.o
LOAD ./source/bsp/xscuwdt.o
LOAD ./source/bsp/xscuwdt_g.o
LOAD ./source/bsp/xscuwdt_sinit.o
START GROUP
LOAD /usr/lib/gcc/arm-none-eabi/9.2.0/thumb/v7+fp/hard/libgcc.a
LOAD /usr/lib/gcc/arm-none-eabi/9.2.0/../../../../arm-none-eabi/lib/thumb/v7+fp/hard/libg.a
LOAD /usr/lib/gcc/arm-none-eabi/9.2.0/../../../../arm-none-eabi/lib/thumb/v7+fp/hard/libc.a
END GROUP
LOAD /usr/lib/gcc/arm-none-eabi/9.2.0/thumb/v7+fp/hard/crtend.o
LOAD /usr/lib/gcc/arm-none-eabi/9.2.0/thumb/v7+fp/hard/crtn.o
TARGET(binary)
                0x0000000080010000                . = 0x80010000

.init           0x0000000080010000       0x40
 *(.init)
 .init          0x0000000080010000        0x4 /usr/lib/gcc/arm-none-eabi/9.2.0/thumb/v7+fp/hard/crti.o
                0x0000000080010000                _init
 .init          0x0000000080010004       0x3c ./source/kernel/head.o
                0x0000000080010004                _start_
 *(.init.*)

.text           0x0000000080010100      0x938
 *(.text)
 .text          0x0000000080010100      0x2e0 ./source/portable/portASM.o
                0x0000000080010100                FreeRTOS_SWI_Handler
                0x00000000800101a8                vPortRestoreTaskContext
                0x0000000080010210                FreeRTOS_IRQ_Handler
                0x0000000080010380                vApplicationIRQHandler
 *fill*         0x00000000800103e0       0x20 
 .text          0x0000000080010400      0x150 ./source/kernel/hyp_entry.o
                0x0000000080010400                _hvc_vector
 *fill*         0x0000000080010550       0xb0 
 .text          0x0000000080010600       0xcc ./source/kernel/svc_entry.o
                0x0000000080010600                _svc_vector
 *fill*         0x00000000800106cc        0x4 
 .text          0x00000000800106d0      0x278 /usr/lib/gcc/arm-none-eabi/9.2.0/thumb/v7+fp/hard/libgcc.a(_udivsi3.o)
                0x00000000800106d0                __udivsi3
                0x00000000800106d0                __aeabi_uidiv
                0x000000008001092c                __aeabi_uidivmod
 .text          0x0000000080010948        0x4 /usr/lib/gcc/arm-none-eabi/9.2.0/thumb/v7+fp/hard/libgcc.a(_dvmd_tls.o)
                0x0000000080010948                __aeabi_ldiv0
                0x0000000080010948                __aeabi_idiv0
 .text          0x000000008001094c       0xec /usr/lib/gcc/arm-none-eabi/9.2.0/../../../../arm-none-eabi/lib/thumb/v7+fp/hard/libg.a(lib_a-memcpy.o)
                0x000000008001094c                memcpy

.glue_7         0x0000000080010a38        0x0
 .glue_7        0x0000000080010a38        0x0 linker stubs

.glue_7t        0x0000000080010a38        0x0
 .glue_7t       0x0000000080010a38        0x0 linker stubs

.vfp11_veneer   0x0000000080010a38        0x0
 .vfp11_veneer  0x0000000080010a38        0x0 linker stubs

.v4_bx          0x0000000080010a38        0x0
 .v4_bx         0x0000000080010a38        0x0 linker stubs

.fini           0x0000000080010a38        0x4
 .fini          0x0000000080010a38        0x4 /usr/lib/gcc/arm-none-eabi/9.2.0/thumb/v7+fp/hard/crti.o
                0x0000000080010a38                _fini

.text.pxPortInitialiseStack
                0x0000000080010a3c      0x294
 .text.pxPortInitialiseStack
                0x0000000080010a3c      0x294 ./source/portable/port.o
                0x0000000080010a3c                pxPortInitialiseStack

.text.xPortStartScheduler
                0x0000000080010cd0      0x1e8
 .text.xPortStartScheduler
                0x0000000080010cd0      0x1e8 ./source/portable/port.o
                0x0000000080010cd0                xPortStartScheduler

.text.vPortEnterCritical
                0x0000000080010eb8       0x68
 .text.vPortEnterCritical
                0x0000000080010eb8       0x68 ./source/portable/port.o
                0x0000000080010eb8                vPortEnterCritical

.text.vPortExitCritical
                0x0000000080010f20       0x8c
 .text.vPortExitCritical
                0x0000000080010f20       0x8c ./source/portable/port.o
                0x0000000080010f20                vPortExitCritical

.text.FreeRTOS_Tick_Handler
                0x0000000080010fac       0x94
 .text.FreeRTOS_Tick_Handler
                0x0000000080010fac       0x94 ./source/portable/port.o
                0x0000000080010fac                FreeRTOS_Tick_Handler

.text.vPortClearInterruptMask
                0x0000000080011040       0x5c
 .text.vPortClearInterruptMask
                0x0000000080011040       0x5c ./source/portable/port.o
                0x0000000080011040                vPortClearInterruptMask

.text.ulPortSetInterruptMask
                0x000000008001109c       0x78
 .text.ulPortSetInterruptMask
                0x000000008001109c       0x78 ./source/portable/port.o
                0x000000008001109c                ulPortSetInterruptMask

.text.vPortValidateInterruptPriority
                0x0000000080011114       0x5c
 .text.vPortValidateInterruptPriority
                0x0000000080011114       0x5c ./source/portable/port.o
                0x0000000080011114                vPortValidateInterruptPriority

.iplt           0x0000000080011170        0x0
 .iplt          0x0000000080011170        0x0 ./source/portable/port.o

.text.uart_send
                0x0000000080011170       0x54
 .text.uart_send
                0x0000000080011170       0x54 ./source/platform/macuart.o
                0x0000000080011170                uart_send

.text.printString
                0x00000000800111c4       0x50
 .text.printString
                0x00000000800111c4       0x50 ./source/lib/print.o
                0x00000000800111c4                printString

.text.udivide   0x0000000080011214       0xa4
 .text.udivide  0x0000000080011214       0xa4 ./source/lib/printformat.o

.text.print_spaces
                0x00000000800112b8       0x50
 .text.print_spaces
                0x00000000800112b8       0x50 ./source/lib/printformat.o

.text.print_string
                0x0000000080011308       0x64
 .text.print_string
                0x0000000080011308       0x64 ./source/lib/printformat.o

.text.xdiv      0x000000008001136c       0x5c
 .text.xdiv     0x000000008001136c       0x5c ./source/lib/printformat.o

.text.xmod      0x00000000800113c8       0x6c
 .text.xmod     0x00000000800113c8       0x6c ./source/lib/printformat.o

.text.print_unsigned_long
                0x0000000080011434      0x144
 .text.print_unsigned_long
                0x0000000080011434      0x144 ./source/lib/printformat.o

.text.print_unsigned_long_long
                0x0000000080011578      0x110
 .text.print_unsigned_long_long
                0x0000000080011578      0x110 ./source/lib/printformat.o

.text.isdigit   0x0000000080011688       0x50
 .text.isdigit  0x0000000080011688       0x50 ./source/lib/printformat.o

.text.atoi      0x00000000800116d8       0x2c
 .text.atoi     0x00000000800116d8       0x2c ./source/lib/printformat.o

.text.vprintf   0x0000000080011704      0x584
 .text.vprintf  0x0000000080011704      0x584 ./source/lib/printformat.o

.text.kprintf   0x0000000080011c88       0x44
 .text.kprintf  0x0000000080011c88       0x44 ./source/lib/printformat.o
                0x0000000080011c88                kprintf

.text.Xil_In32  0x0000000080011ccc       0xa0
 .text.Xil_In32
                0x0000000080011ccc       0x28 ./source/kernel/FreeRTOS_tick_config.o
 .text.Xil_In32
                0x0000000080011cf4       0x28 ./source/bsp/timer/xscutimer.o
 .text.Xil_In32
                0x0000000080011d1c       0x28 ./source/bsp/gic/xscugic.o
 .text.Xil_In32
                0x0000000080011d44       0x28 ./source/bsp/xgpiops.o

.text.Xil_Out32
                0x0000000080011d6c       0xe0
 .text.Xil_Out32
                0x0000000080011d6c       0x38 ./source/kernel/FreeRTOS_tick_config.o
 .text.Xil_Out32
                0x0000000080011da4       0x38 ./source/bsp/timer/xscutimer.o
 .text.Xil_Out32
                0x0000000080011ddc       0x38 ./source/bsp/gic/xscugic.o
 .text.Xil_Out32
                0x0000000080011e14       0x38 ./source/bsp/xgpiops.o

.text.vConfigureTickInterrupt
                0x0000000080011e4c      0x298
 .text.vConfigureTickInterrupt
                0x0000000080011e4c      0x298 ./source/kernel/FreeRTOS_tick_config.o
                0x0000000080011e4c                vConfigureTickInterrupt

.text.vClearTickInterrupt
                0x00000000800120e4       0x2c
 .text.vClearTickInterrupt
                0x00000000800120e4       0x2c ./source/kernel/FreeRTOS_tick_config.o
                0x00000000800120e4                vClearTickInterrupt

.text.vApplicationFPUSafeIRQHandler
                0x0000000080012110       0x6c
 .text.vApplicationFPUSafeIRQHandler
                0x0000000080012110       0x6c ./source/kernel/FreeRTOS_tick_config.o
                0x0000000080012110                vApplicationFPUSafeIRQHandler

.text.vParTestToggleLED
                0x000000008001217c       0x5c
 .text.vParTestToggleLED
                0x000000008001217c       0x5c ./source/kernel/ParTest.o
                0x000000008001217c                vParTestToggleLED

.text.pvPortMalloc
                0x00000000800121d8      0x258
 .text.pvPortMalloc
                0x00000000800121d8      0x258 ./source/kernel/heap_5.o
                0x00000000800121d8                pvPortMalloc

.text.vPortFree
                0x0000000080012430      0x124
 .text.vPortFree
                0x0000000080012430      0x124 ./source/kernel/heap_5.o
                0x0000000080012430                vPortFree

.text.xPortGetFreeHeapSize
                0x0000000080012554       0x24
 .text.xPortGetFreeHeapSize
                0x0000000080012554       0x24 ./source/kernel/heap_5.o
                0x0000000080012554                xPortGetFreeHeapSize

.text.xPortGetMinimumEverFreeHeapSize
                0x0000000080012578       0x24
 .text.xPortGetMinimumEverFreeHeapSize
                0x0000000080012578       0x24 ./source/kernel/heap_5.o
                0x0000000080012578                xPortGetMinimumEverFreeHeapSize

.text.prvInsertBlockIntoFreeList
                0x000000008001259c      0x158
 .text.prvInsertBlockIntoFreeList
                0x000000008001259c      0x158 ./source/kernel/heap_5.o

.text.vPortDefineHeapRegions
                0x00000000800126f4      0x2a4
 .text.vPortDefineHeapRegions
                0x00000000800126f4      0x2a4 ./source/kernel/heap_5.o
                0x00000000800126f4                vPortDefineHeapRegions

.text.vApplicationStackOverflowHook
                0x0000000080012998       0x1c
 .text.vApplicationStackOverflowHook
                0x0000000080012998       0x1c ./source/kernel/init.o
                0x0000000080012998                vApplicationStackOverflowHook

.text.vApplicationIdleHook
                0x00000000800129b4       0x38
 .text.vApplicationIdleHook
                0x00000000800129b4       0x38 ./source/kernel/init.o
                0x00000000800129b4                vApplicationIdleHook

.text.vApplicationGetTimerTaskMemory
                0x00000000800129ec       0x54
 .text.vApplicationGetTimerTaskMemory
                0x00000000800129ec       0x54 ./source/kernel/init.o
                0x00000000800129ec                vApplicationGetTimerTaskMemory

.text.vAssertCalled
                0x0000000080012a40       0x44
 .text.vAssertCalled
                0x0000000080012a40       0x44 ./source/kernel/init.o
                0x0000000080012a40                vAssertCalled

.text.vApplicationMallocFailedHook
                0x0000000080012a84       0x10
 .text.vApplicationMallocFailedHook
                0x0000000080012a84       0x10 ./source/kernel/init.o
                0x0000000080012a84                vApplicationMallocFailedHook

.text.vApplicationGetIdleTaskMemory
                0x0000000080012a94       0x54
 .text.vApplicationGetIdleTaskMemory
                0x0000000080012a94       0x54 ./source/kernel/init.o
                0x0000000080012a94                vApplicationGetIdleTaskMemory

.text.vApplicationTickHook
                0x0000000080012ae8       0x18
 .text.vApplicationTickHook
                0x0000000080012ae8       0x18 ./source/kernel/init.o
                0x0000000080012ae8                vApplicationTickHook

.text.main_blinky
                0x0000000080012b00       0xa0
 .text.main_blinky
                0x0000000080012b00       0xa0 ./source/kernel/init.o
                0x0000000080012b00                main_blinky

.text.prvQueueSendTask
                0x0000000080012ba0       0x54
 .text.prvQueueSendTask
                0x0000000080012ba0       0x54 ./source/kernel/init.o

.text.prvQueueReceiveTask
                0x0000000080012bf4       0x58
 .text.prvQueueReceiveTask
                0x0000000080012bf4       0x58 ./source/kernel/init.o

.text.main      0x0000000080012c4c       0x44
 .text.main     0x0000000080012c4c       0x44 ./source/kernel/init.o
                0x0000000080012c4c                main

.text.prvInitialiseHeap
                0x0000000080012c90       0x54
 .text.prvInitialiseHeap
                0x0000000080012c90       0x54 ./source/kernel/init.o

.text.prvSetupHardware
                0x0000000080012ce4       0xd0
 .text.prvSetupHardware
                0x0000000080012ce4       0xd0 ./source/kernel/init.o

.text.vListInitialise
                0x0000000080012db4       0x68
 .text.vListInitialise
                0x0000000080012db4       0x68 ./source/kernel/list.o
                0x0000000080012db4                vListInitialise

.text.vListInitialiseItem
                0x0000000080012e1c       0x2c
 .text.vListInitialiseItem
                0x0000000080012e1c       0x2c ./source/kernel/list.o
                0x0000000080012e1c                vListInitialiseItem

.text.vListInsertEnd
                0x0000000080012e48       0x88
 .text.vListInsertEnd
                0x0000000080012e48       0x88 ./source/kernel/list.o
                0x0000000080012e48                vListInsertEnd

.text.vListInsert
                0x0000000080012ed0       0xd8
 .text.vListInsert
                0x0000000080012ed0       0xd8 ./source/kernel/list.o
                0x0000000080012ed0                vListInsert

.text.uxListRemove
                0x0000000080012fa8       0xa0
 .text.uxListRemove
                0x0000000080012fa8       0xa0 ./source/kernel/list.o
                0x0000000080012fa8                uxListRemove

.text.xQueueGenericReset
                0x0000000080013048      0x138
 .text.xQueueGenericReset
                0x0000000080013048      0x138 ./source/kernel/queue.o
                0x0000000080013048                xQueueGenericReset

.text.xQueueGenericCreateStatic
                0x0000000080013180      0x144
 .text.xQueueGenericCreateStatic
                0x0000000080013180      0x144 ./source/kernel/queue.o
                0x0000000080013180                xQueueGenericCreateStatic

.text.xQueueGenericCreate
                0x00000000800132c4       0xd0
 .text.xQueueGenericCreate
                0x00000000800132c4       0xd0 ./source/kernel/queue.o
                0x00000000800132c4                xQueueGenericCreate

.text.prvInitialiseNewQueue
                0x0000000080013394       0x8c
 .text.prvInitialiseNewQueue
                0x0000000080013394       0x8c ./source/kernel/queue.o

.text.xQueueGenericSend
                0x0000000080013420      0x308
 .text.xQueueGenericSend
                0x0000000080013420      0x308 ./source/kernel/queue.o
                0x0000000080013420                xQueueGenericSend

.text.xQueueGenericSendFromISR
                0x0000000080013728      0x1e8
 .text.xQueueGenericSendFromISR
                0x0000000080013728      0x1e8 ./source/kernel/queue.o
                0x0000000080013728                xQueueGenericSendFromISR

.text.xQueueReceive
                0x0000000080013910      0x26c
 .text.xQueueReceive
                0x0000000080013910      0x26c ./source/kernel/queue.o
                0x0000000080013910                xQueueReceive

.text.prvCopyDataToQueue
                0x0000000080013b7c      0x198
 .text.prvCopyDataToQueue
                0x0000000080013b7c      0x198 ./source/kernel/queue.o

.text.prvCopyDataFromQueue
                0x0000000080013d14       0x90
 .text.prvCopyDataFromQueue
                0x0000000080013d14       0x90 ./source/kernel/queue.o

.text.prvUnlockQueue
                0x0000000080013da4      0x13c
 .text.prvUnlockQueue
                0x0000000080013da4      0x13c ./source/kernel/queue.o

.text.prvIsQueueEmpty
                0x0000000080013ee0       0x4c
 .text.prvIsQueueEmpty
                0x0000000080013ee0       0x4c ./source/kernel/queue.o

.text.prvIsQueueFull
                0x0000000080013f2c       0x54
 .text.prvIsQueueFull
                0x0000000080013f2c       0x54 ./source/kernel/queue.o

.text.vQueueAddToRegistry
                0x0000000080013f80       0x98
 .text.vQueueAddToRegistry
                0x0000000080013f80       0x98 ./source/kernel/queue.o
                0x0000000080013f80                vQueueAddToRegistry

.text.vQueueWaitForMessageRestricted
                0x0000000080014018       0xa4
 .text.vQueueWaitForMessageRestricted
                0x0000000080014018       0xa4 ./source/kernel/queue.o
                0x0000000080014018                vQueueWaitForMessageRestricted

.text.prvNotifyQueueSetContainer
                0x00000000800140bc      0x114
 .text.prvNotifyQueueSetContainer
                0x00000000800140bc      0x114 ./source/kernel/queue.o

.text.xTaskCreateStatic
                0x00000000800141d0      0x10c
 .text.xTaskCreateStatic
                0x00000000800141d0      0x10c ./source/kernel/tasks.o
                0x00000000800141d0                xTaskCreateStatic

.text.xTaskCreate
                0x00000000800142dc       0xf4
 .text.xTaskCreate
                0x00000000800142dc       0xf4 ./source/kernel/tasks.o
                0x00000000800142dc                xTaskCreate

.text.prvInitialiseNewTask
                0x00000000800143d0      0x1f8
 .text.prvInitialiseNewTask
                0x00000000800143d0      0x1f8 ./source/kernel/tasks.o

.text.prvAddNewTaskToReadyList
                0x00000000800145c8      0x188
 .text.prvAddNewTaskToReadyList
                0x00000000800145c8      0x188 ./source/kernel/tasks.o

.text.vTaskDelayUntil
                0x0000000080014750      0x164
 .text.vTaskDelayUntil
                0x0000000080014750      0x164 ./source/kernel/tasks.o
                0x0000000080014750                vTaskDelayUntil

.text.vTaskStartScheduler
                0x00000000800148b4      0x13c
 .text.vTaskStartScheduler
                0x00000000800148b4      0x13c ./source/kernel/tasks.o
                0x00000000800148b4                vTaskStartScheduler

.text.vTaskSuspendAll
                0x00000000800149f0       0x34
 .text.vTaskSuspendAll
                0x00000000800149f0       0x34 ./source/kernel/tasks.o
                0x00000000800149f0                vTaskSuspendAll

.text.xTaskResumeAll
                0x0000000080014a24      0x208
 .text.xTaskResumeAll
                0x0000000080014a24      0x208 ./source/kernel/tasks.o
                0x0000000080014a24                xTaskResumeAll

.text.xTaskGetTickCount
                0x0000000080014c2c       0x30
 .text.xTaskGetTickCount
                0x0000000080014c2c       0x30 ./source/kernel/tasks.o
                0x0000000080014c2c                xTaskGetTickCount

.text.xTaskIncrementTick
                0x0000000080014c5c      0x2bc
 .text.xTaskIncrementTick
                0x0000000080014c5c      0x2bc ./source/kernel/tasks.o
                0x0000000080014c5c                xTaskIncrementTick

.text.vTaskSwitchContext
                0x0000000080014f18      0x1b4
 .text.vTaskSwitchContext
                0x0000000080014f18      0x1b4 ./source/kernel/tasks.o
                0x0000000080014f18                vTaskSwitchContext

.text.vTaskPlaceOnEventList
                0x00000000800150cc       0x64
 .text.vTaskPlaceOnEventList
                0x00000000800150cc       0x64 ./source/kernel/tasks.o
                0x00000000800150cc                vTaskPlaceOnEventList

.text.vTaskPlaceOnEventListRestricted
                0x0000000080015130       0x7c
 .text.vTaskPlaceOnEventListRestricted
                0x0000000080015130       0x7c ./source/kernel/tasks.o
                0x0000000080015130                vTaskPlaceOnEventListRestricted

.text.xTaskRemoveFromEventList
                0x00000000800151ac      0x13c
 .text.xTaskRemoveFromEventList
                0x00000000800151ac      0x13c ./source/kernel/tasks.o
                0x00000000800151ac                xTaskRemoveFromEventList

.text.vTaskInternalSetTimeOutState
                0x00000000800152e8       0x48
 .text.vTaskInternalSetTimeOutState
                0x00000000800152e8       0x48 ./source/kernel/tasks.o
                0x00000000800152e8                vTaskInternalSetTimeOutState

.text.xTaskCheckForTimeOut
                0x0000000080015330      0x16c
 .text.xTaskCheckForTimeOut
                0x0000000080015330      0x16c ./source/kernel/tasks.o
                0x0000000080015330                xTaskCheckForTimeOut

.text.vTaskMissedYield
                0x000000008001549c       0x28
 .text.vTaskMissedYield
                0x000000008001549c       0x28 ./source/kernel/tasks.o
                0x000000008001549c                vTaskMissedYield

.text.prvIdleTask
                0x00000000800154c4       0x34
 .text.prvIdleTask
                0x00000000800154c4       0x34 ./source/kernel/tasks.o

.text.prvInitialiseTaskLists
                0x00000000800154f8       0xc0
 .text.prvInitialiseTaskLists
                0x00000000800154f8       0xc0 ./source/kernel/tasks.o

.text.prvCheckTasksWaitingTermination
                0x00000000800155b8       0xa0
 .text.prvCheckTasksWaitingTermination
                0x00000000800155b8       0xa0 ./source/kernel/tasks.o

.text.prvDeleteTCB
                0x0000000080015658       0x84
 .text.prvDeleteTCB
                0x0000000080015658       0x84 ./source/kernel/tasks.o

.text.prvResetNextTaskUnblockTime
                0x00000000800156dc       0x74
 .text.prvResetNextTaskUnblockTime
                0x00000000800156dc       0x74 ./source/kernel/tasks.o

.text.xTaskGetSchedulerState
                0x0000000080015750       0x68
 .text.xTaskGetSchedulerState
                0x0000000080015750       0x68 ./source/kernel/tasks.o
                0x0000000080015750                xTaskGetSchedulerState

.text.xTaskPriorityDisinherit
                0x00000000800157b8      0x1bc
 .text.xTaskPriorityDisinherit
                0x00000000800157b8      0x1bc ./source/kernel/tasks.o
                0x00000000800157b8                xTaskPriorityDisinherit

.text.prvAddCurrentTaskToDelayedList
                0x0000000080015974      0x18c
 .text.prvAddCurrentTaskToDelayedList
                0x0000000080015974      0x18c ./source/kernel/tasks.o

.text.xTimerCreateTimerTask
                0x0000000080015b00       0xe0
 .text.xTimerCreateTimerTask
                0x0000000080015b00       0xe0 ./source/kernel/timers.o
                0x0000000080015b00                xTimerCreateTimerTask

.text.xTimerGenericCommand
                0x0000000080015be0      0x100
 .text.xTimerGenericCommand
                0x0000000080015be0      0x100 ./source/kernel/timers.o
                0x0000000080015be0                xTimerGenericCommand

.text.prvProcessExpiredTimer
                0x0000000080015ce0       0xf0
 .text.prvProcessExpiredTimer
                0x0000000080015ce0       0xf0 ./source/kernel/timers.o

.text.prvTimerTask
                0x0000000080015dd0       0x38
 .text.prvTimerTask
                0x0000000080015dd0       0x38 ./source/kernel/timers.o

.text.prvProcessTimerOrBlockTask
                0x0000000080015e08       0xe4
 .text.prvProcessTimerOrBlockTask
                0x0000000080015e08       0xe4 ./source/kernel/timers.o

.text.prvGetNextExpireTime
                0x0000000080015eec       0x84
 .text.prvGetNextExpireTime
                0x0000000080015eec       0x84 ./source/kernel/timers.o

.text.prvSampleTimeNow
                0x0000000080015f70       0x70
 .text.prvSampleTimeNow
                0x0000000080015f70       0x70 ./source/kernel/timers.o

.text.prvInsertTimerInActiveList
                0x0000000080015fe0       0xf4
 .text.prvInsertTimerInActiveList
                0x0000000080015fe0       0xf4 ./source/kernel/timers.o

.text.prvProcessReceivedCommands
                0x00000000800160d4      0x290
 .text.prvProcessReceivedCommands
                0x00000000800160d4      0x290 ./source/kernel/timers.o

.text.prvSwitchTimerLists
                0x0000000080016364      0x16c
 .text.prvSwitchTimerLists
                0x0000000080016364      0x16c ./source/kernel/timers.o

.text.prvCheckForValidListAndQueue
                0x00000000800164d0       0xd8
 .text.prvCheckForValidListAndQueue
                0x00000000800164d0       0xd8 ./source/kernel/timers.o

.text.XScuTimer_CfgInitialize
                0x00000000800165a8      0x11c
 .text.XScuTimer_CfgInitialize
                0x00000000800165a8      0x11c ./source/bsp/timer/xscutimer.o
                0x00000000800165a8                XScuTimer_CfgInitialize

.text.XScuTimer_Start
                0x00000000800166c4       0xf8
 .text.XScuTimer_Start
                0x00000000800166c4       0xf8 ./source/bsp/timer/xscutimer.o
                0x00000000800166c4                XScuTimer_Start

.text.XScuTimer_SetPrescaler
                0x00000000800167bc      0x104
 .text.XScuTimer_SetPrescaler
                0x00000000800167bc      0x104 ./source/bsp/timer/xscutimer.o
                0x00000000800167bc                XScuTimer_SetPrescaler

.text.XScuTimer_LookupConfig
                0x00000000800168c0       0x94
 .text.XScuTimer_LookupConfig
                0x00000000800168c0       0x94 ./source/bsp/timer/xscutimer_sinit.o
                0x00000000800168c0                XScuTimer_LookupConfig

.text.DoDistributorInit
                0x0000000080016954      0x1bc
 .text.DoDistributorInit
                0x0000000080016954      0x1bc ./source/bsp/gic/xscugic.o

.text.DistributorInit
                0x0000000080016b10      0x148
 .text.DistributorInit
                0x0000000080016b10      0x148 ./source/bsp/gic/xscugic.o

.text.CPUInitialize
                0x0000000080016c58       0x50
 .text.CPUInitialize
                0x0000000080016c58       0x50 ./source/bsp/gic/xscugic.o

.text.XScuGic_CfgInitialize
                0x0000000080016ca8      0x1b4
 .text.XScuGic_CfgInitialize
                0x0000000080016ca8      0x1b4 ./source/bsp/gic/xscugic.o
                0x0000000080016ca8                XScuGic_CfgInitialize

.text.XScuGic_Connect
                0x0000000080016e5c      0x194
 .text.XScuGic_Connect
                0x0000000080016e5c      0x194 ./source/bsp/gic/xscugic.o
                0x0000000080016e5c                XScuGic_Connect

.text.XScuGic_Enable
                0x0000000080016ff0      0x134
 .text.XScuGic_Enable
                0x0000000080016ff0      0x134 ./source/bsp/gic/xscugic.o
                0x0000000080016ff0                XScuGic_Enable

.text.StubHandler
                0x0000000080017124       0x70
 .text.StubHandler
                0x0000000080017124       0x70 ./source/bsp/gic/xscugic.o

.text.XScuGic_SetPriorityTriggerType
                0x0000000080017194      0x2d8
 .text.XScuGic_SetPriorityTriggerType
                0x0000000080017194      0x2d8 ./source/bsp/gic/xscugic.o
                0x0000000080017194                XScuGic_SetPriorityTriggerType

.text.XScuGic_Stop
                0x000000008001746c      0x1ec
 .text.XScuGic_Stop
                0x000000008001746c      0x1ec ./source/bsp/gic/xscugic.o
                0x000000008001746c                XScuGic_Stop

.text.XScuGic_LookupConfig
                0x0000000080017658       0x9c
 .text.XScuGic_LookupConfig
                0x0000000080017658       0x9c ./source/bsp/gic/xscugic_sinit.o
                0x0000000080017658                XScuGic_LookupConfig

.text.FIQInterrupt
                0x00000000800176f4       0x18
 .text.FIQInterrupt
                0x00000000800176f4       0x18 ./source/bsp/vectors.o
                0x00000000800176f4                FIQInterrupt

.text.IRQInterrupt
                0x000000008001770c       0x30
 .text.IRQInterrupt
                0x000000008001770c       0x30 ./source/bsp/vectors.o
                0x000000008001770c                IRQInterrupt

.text.UndefinedException
                0x000000008001773c       0x30
 .text.UndefinedException
                0x000000008001773c       0x30 ./source/bsp/vectors.o
                0x000000008001773c                UndefinedException

.text.SWInterrupt
                0x000000008001776c       0x30
 .text.SWInterrupt
                0x000000008001776c       0x30 ./source/bsp/vectors.o
                0x000000008001776c                SWInterrupt

.text.DataAbortInterrupt
                0x000000008001779c       0x18
 .text.DataAbortInterrupt
                0x000000008001779c       0x18 ./source/bsp/vectors.o
                0x000000008001779c                DataAbortInterrupt

.text.PrefetchAbortInterrupt
                0x00000000800177b4       0x18
 .text.PrefetchAbortInterrupt
                0x00000000800177b4       0x18 ./source/bsp/vectors.o
                0x00000000800177b4                PrefetchAbortInterrupt

.text.XGpioPs_ReadPin
                0x00000000800177cc      0x150
 .text.XGpioPs_ReadPin
                0x00000000800177cc      0x150 ./source/bsp/xgpiops.o
                0x00000000800177cc                XGpioPs_ReadPin

.text.XGpioPs_WritePin
                0x000000008001791c      0x1b8
 .text.XGpioPs_WritePin
                0x000000008001791c      0x1b8 ./source/bsp/xgpiops.o
                0x000000008001791c                XGpioPs_WritePin

.text.XGpioPs_GetBankPin
                0x0000000080017ad4      0x1d8
 .text.XGpioPs_GetBankPin
                0x0000000080017ad4      0x1d8 ./source/bsp/xgpiops.o
                0x0000000080017ad4                XGpioPs_GetBankPin

.text.Xil_Assert
                0x0000000080017cac       0x68
 .text.Xil_Assert
                0x0000000080017cac       0x68 ./source/bsp/xil_assert.o
                0x0000000080017cac                Xil_Assert

.text.Xil_ExceptionNullHandler
                0x0000000080017d14       0x14
 .text.Xil_ExceptionNullHandler
                0x0000000080017d14       0x14 ./source/bsp/xil_exception.o

.text.Xil_DataAbortHandler
                0x0000000080017d28       0x14
 .text.Xil_DataAbortHandler
                0x0000000080017d28       0x14 ./source/bsp/xil_exception.o
                0x0000000080017d28                Xil_DataAbortHandler

.text.Xil_PrefetchAbortHandler
                0x0000000080017d3c       0x14
 .text.Xil_PrefetchAbortHandler
                0x0000000080017d3c       0x14 ./source/bsp/xil_exception.o
                0x0000000080017d3c                Xil_PrefetchAbortHandler

.text.Xil_UndefinedExceptionHandler
                0x0000000080017d50       0x14
 .text.Xil_UndefinedExceptionHandler
                0x0000000080017d50       0x14 ./source/bsp/xil_exception.o
                0x0000000080017d50                Xil_UndefinedExceptionHandler

.text.XGetPlatform_Info
                0x0000000080017d64       0x1c
 .text.XGetPlatform_Info
                0x0000000080017d64       0x1c ./source/bsp/xplatform_info.o
                0x0000000080017d64                XGetPlatform_Info

.text.memset    0x0000000080017d80       0xa0
 .text.memset   0x0000000080017d80       0xa0 /usr/lib/gcc/arm-none-eabi/9.2.0/../../../../arm-none-eabi/lib/thumb/v7+fp/hard/libg.a(lib_a-memset.o)
                0x0000000080017d80                memset

.rodata.ulICCIAR
                0x0000000080017e20        0x4
 .rodata.ulICCIAR
                0x0000000080017e20        0x4 ./source/portable/port.o
                0x0000000080017e20                ulICCIAR

.rodata.ulICCEOIR
                0x0000000080017e24        0x4
 .rodata.ulICCEOIR
                0x0000000080017e24        0x4 ./source/portable/port.o
                0x0000000080017e24                ulICCEOIR

.rodata.ulICCPMR
                0x0000000080017e28        0x4
 .rodata.ulICCPMR
                0x0000000080017e28        0x4 ./source/portable/port.o
                0x0000000080017e28                ulICCPMR

.rodata.ulMaxAPIPriorityMask
                0x0000000080017e2c        0x4
 .rodata.ulMaxAPIPriorityMask
                0x0000000080017e2c        0x4 ./source/portable/port.o
                0x0000000080017e2c                ulMaxAPIPriorityMask

.rodata         0x0000000080017e30      0x2e4
 .rodata        0x0000000080017e30      0x104 ./source/portable/port.o
 .rodata        0x0000000080017f34        0xb ./source/lib/printformat.o
 *fill*         0x0000000080017f3f        0x1 
 .rodata        0x0000000080017f40       0x82 ./source/kernel/FreeRTOS_tick_config.o
 *fill*         0x0000000080017fc2        0x2 
 .rodata        0x0000000080017fc4       0x1a ./source/kernel/heap_5.o
 *fill*         0x0000000080017fde        0x2 
 .rodata        0x0000000080017fe0       0x58 ./source/kernel/init.o
 .rodata        0x0000000080018038       0x19 ./source/kernel/queue.o
 *fill*         0x0000000080018051        0x3 
 .rodata        0x0000000080018054       0x3f ./source/kernel/tasks.o
 *fill*         0x0000000080018093        0x1 
 .rodata        0x0000000080018094       0x29 ./source/kernel/timers.o
 *fill*         0x00000000800180bd        0x3 
 .rodata        0x00000000800180c0       0x20 ./source/bsp/timer/xscutimer.o
 .rodata        0x00000000800180e0       0x1c ./source/bsp/gic/xscugic.o
 .rodata        0x00000000800180fc       0x18 ./source/bsp/xgpiops.o

.rodata.xHeapRegions
                0x0000000080018114       0x20
 .rodata.xHeapRegions
                0x0000000080018114       0x20 ./source/kernel/init.o
                0x0000000080018114                xHeapRegions

.rel.dyn        0x0000000080018134        0x0
 .rel.iplt      0x0000000080018134        0x0 ./source/portable/port.o

.data
 *(.data)

.data.ulCriticalNesting
                0x0000000080018134        0x4
 .data.ulCriticalNesting
                0x0000000080018134        0x4 ./source/portable/port.o
                0x0000000080018134                ulCriticalNesting

.igot.plt       0x0000000080018138        0x0
 .igot.plt      0x0000000080018138        0x0 ./source/portable/port.o

.data.pxVectorTable.6705
                0x0000000080018138        0x4
 .data.pxVectorTable.6705
                0x0000000080018138        0x4 ./source/kernel/FreeRTOS_tick_config.o

.data.ulAdditionalOffset
                0x000000008001813c        0x4
 .data.ulAdditionalOffset
                0x000000008001813c        0x4 ./source/kernel/init.o
                0x000000008001813c                ulAdditionalOffset

.data.XScuTimer_ConfigTable
                0x0000000080018140        0x8
 .data.XScuTimer_ConfigTable
                0x0000000080018140        0x8 ./source/bsp/timer/xscutimer_g.o
                0x0000000080018140                XScuTimer_ConfigTable

.data.XScuGic_ConfigTable
                0x0000000080018148      0x624
 .data.XScuGic_ConfigTable
                0x0000000080018148      0x624 ./source/bsp/gic/xscugic_g.o
                0x0000000080018148                XScuGic_ConfigTable

.data.Xil_AssertWait
                0x000000008001876c        0x4
 .data.Xil_AssertWait
                0x000000008001876c        0x4 ./source/bsp/xil_assert.o
                0x000000008001876c                Xil_AssertWait

.data.XExc_VectorTable
                0x0000000080018770       0x38
 .data.XExc_VectorTable
                0x0000000080018770       0x38 ./source/bsp/xil_exception.o
                0x0000000080018770                XExc_VectorTable

.bss            0x00000000800187a8       0x5c
 *(.bss)
 COMMON         0x00000000800187a8        0xc ./source/kernel/FreeRTOS_tick_config.o
                0x00000000800187a8                xInterruptController
 COMMON         0x00000000800187b4       0x40 ./source/kernel/queue.o
                0x00000000800187b4                xQueueRegistry
 COMMON         0x00000000800187f4        0x4 ./source/bsp/xil_assert.o
                0x00000000800187f4                Xil_AssertStatus
 COMMON         0x00000000800187f8        0xc ./source/bsp/xil_exception.o
                0x00000000800187f8                UndefinedExceptionAddr
                0x00000000800187fc                PrefetchAbortAddr
                0x0000000080018800                DataAbortAddr
                0x0000000080019000                . = ALIGN (0x1000)
                0x0000000080019000                _stack_start = .
                0x0000000080059000                _stack_end = (_stack_start + 0x40000)
OUTPUT(fros.elf elf32-littlearm)

.bss.ulPortTaskHasFPUContext
                0x0000000080019000        0x4
 .bss.ulPortTaskHasFPUContext
                0x0000000080019000        0x4 ./source/portable/port.o
                0x0000000080019000                ulPortTaskHasFPUContext

.bss.ulPortYieldRequired
                0x0000000080019004        0x4
 .bss.ulPortYieldRequired
                0x0000000080019004        0x4 ./source/portable/port.o
                0x0000000080019004                ulPortYieldRequired

.bss.ulPortInterruptNesting
                0x0000000080019008        0x4
 .bss.ulPortInterruptNesting
                0x0000000080019008        0x4 ./source/portable/port.o
                0x0000000080019008                ulPortInterruptNesting

.bss.xTimer     0x000000008001900c       0x10
 .bss.xTimer    0x000000008001900c       0x10 ./source/kernel/FreeRTOS_tick_config.o

.bss.xGpio      0x000000008001901c       0x20
 .bss.xGpio     0x000000008001901c       0x20 ./source/kernel/ParTest.o

.bss.xStart     0x000000008001903c        0x8
 .bss.xStart    0x000000008001903c        0x8 ./source/kernel/heap_5.o

.bss.pxEnd      0x0000000080019044        0x4
 .bss.pxEnd     0x0000000080019044        0x4 ./source/kernel/heap_5.o

.bss.xFreeBytesRemaining
                0x0000000080019048        0x4
 .bss.xFreeBytesRemaining
                0x0000000080019048        0x4 ./source/kernel/heap_5.o

.bss.xMinimumEverFreeBytesRemaining
                0x000000008001904c        0x4
 .bss.xMinimumEverFreeBytesRemaining
                0x000000008001904c        0x4 ./source/kernel/heap_5.o

.bss.xBlockAllocatedBit
                0x0000000080019050        0x4
 .bss.xBlockAllocatedBit
                0x0000000080019050        0x4 ./source/kernel/heap_5.o

.bss.ucHeap     0x0000000080019054    0x1f400
 .bss.ucHeap    0x0000000080019054    0x1f400 ./source/kernel/init.o

.bss.xQueue     0x0000000080038454        0x4
 .bss.xQueue    0x0000000080038454        0x4 ./source/kernel/init.o

.bss.xTimerTaskTCB.6821
                0x0000000080038458       0x58
 .bss.xTimerTaskTCB.6821
                0x0000000080038458       0x58 ./source/kernel/init.o

.bss.uxTimerTaskStack.6822
                0x00000000800384b0      0x7d0
 .bss.uxTimerTaskStack.6822
                0x00000000800384b0      0x7d0 ./source/kernel/init.o

.bss.xIdleTaskTCB.6840
                0x0000000080038c80       0x58
 .bss.xIdleTaskTCB.6840
                0x0000000080038c80       0x58 ./source/kernel/init.o

.bss.uxIdleTaskStack.6841
                0x0000000080038cd8      0x3e8
 .bss.uxIdleTaskStack.6841
                0x0000000080038cd8      0x3e8 ./source/kernel/init.o

.bss.pxCurrentTCB
                0x00000000800390c0        0x4
 .bss.pxCurrentTCB
                0x00000000800390c0        0x4 ./source/kernel/tasks.o
                0x00000000800390c0                pxCurrentTCB

.bss.pxReadyTasksLists
                0x00000000800390c4       0x8c
 .bss.pxReadyTasksLists
                0x00000000800390c4       0x8c ./source/kernel/tasks.o

.bss.xDelayedTaskList1
                0x0000000080039150       0x14
 .bss.xDelayedTaskList1
                0x0000000080039150       0x14 ./source/kernel/tasks.o

.bss.xDelayedTaskList2
                0x0000000080039164       0x14
 .bss.xDelayedTaskList2
                0x0000000080039164       0x14 ./source/kernel/tasks.o

.bss.pxDelayedTaskList
                0x0000000080039178        0x4
 .bss.pxDelayedTaskList
                0x0000000080039178        0x4 ./source/kernel/tasks.o

.bss.pxOverflowDelayedTaskList
                0x000000008003917c        0x4
 .bss.pxOverflowDelayedTaskList
                0x000000008003917c        0x4 ./source/kernel/tasks.o

.bss.xPendingReadyList
                0x0000000080039180       0x14
 .bss.xPendingReadyList
                0x0000000080039180       0x14 ./source/kernel/tasks.o

.bss.xTasksWaitingTermination
                0x0000000080039194       0x14
 .bss.xTasksWaitingTermination
                0x0000000080039194       0x14 ./source/kernel/tasks.o

.bss.uxDeletedTasksWaitingCleanUp
                0x00000000800391a8        0x4
 .bss.uxDeletedTasksWaitingCleanUp
                0x00000000800391a8        0x4 ./source/kernel/tasks.o

.bss.xSuspendedTaskList
                0x00000000800391ac       0x14
 .bss.xSuspendedTaskList
                0x00000000800391ac       0x14 ./source/kernel/tasks.o

.bss.uxCurrentNumberOfTasks
                0x00000000800391c0        0x4
 .bss.uxCurrentNumberOfTasks
                0x00000000800391c0        0x4 ./source/kernel/tasks.o

.bss.xTickCount
                0x00000000800391c4        0x4
 .bss.xTickCount
                0x00000000800391c4        0x4 ./source/kernel/tasks.o

.bss.uxTopReadyPriority
                0x00000000800391c8        0x4
 .bss.uxTopReadyPriority
                0x00000000800391c8        0x4 ./source/kernel/tasks.o

.bss.xSchedulerRunning
                0x00000000800391cc        0x4
 .bss.xSchedulerRunning
                0x00000000800391cc        0x4 ./source/kernel/tasks.o

.bss.uxPendedTicks
                0x00000000800391d0        0x4
 .bss.uxPendedTicks
                0x00000000800391d0        0x4 ./source/kernel/tasks.o

.bss.xYieldPending
                0x00000000800391d4        0x4
 .bss.xYieldPending
                0x00000000800391d4        0x4 ./source/kernel/tasks.o

.bss.xNumOfOverflows
                0x00000000800391d8        0x4
 .bss.xNumOfOverflows
                0x00000000800391d8        0x4 ./source/kernel/tasks.o

.bss.uxTaskNumber
                0x00000000800391dc        0x4
 .bss.uxTaskNumber
                0x00000000800391dc        0x4 ./source/kernel/tasks.o

.bss.xNextTaskUnblockTime
                0x00000000800391e0        0x4
 .bss.xNextTaskUnblockTime
                0x00000000800391e0        0x4 ./source/kernel/tasks.o

.bss.xIdleTaskHandle
                0x00000000800391e4        0x4
 .bss.xIdleTaskHandle
                0x00000000800391e4        0x4 ./source/kernel/tasks.o

.bss.uxSchedulerSuspended
                0x00000000800391e8        0x4
 .bss.uxSchedulerSuspended
                0x00000000800391e8        0x4 ./source/kernel/tasks.o

.bss.xActiveTimerList1
                0x00000000800391ec       0x14
 .bss.xActiveTimerList1
                0x00000000800391ec       0x14 ./source/kernel/timers.o

.bss.xActiveTimerList2
                0x0000000080039200       0x14
 .bss.xActiveTimerList2
                0x0000000080039200       0x14 ./source/kernel/timers.o

.bss.pxCurrentTimerList
                0x0000000080039214        0x4
 .bss.pxCurrentTimerList
                0x0000000080039214        0x4 ./source/kernel/timers.o

.bss.pxOverflowTimerList
                0x0000000080039218        0x4
 .bss.pxOverflowTimerList
                0x0000000080039218        0x4 ./source/kernel/timers.o

.bss.xTimerQueue
                0x000000008003921c        0x4
 .bss.xTimerQueue
                0x000000008003921c        0x4 ./source/kernel/timers.o

.bss.xTimerTaskHandle
                0x0000000080039220        0x4
 .bss.xTimerTaskHandle
                0x0000000080039220        0x4 ./source/kernel/timers.o

.bss.xLastTime.7299
                0x0000000080039224        0x4
 .bss.xLastTime.7299
                0x0000000080039224        0x4 ./source/kernel/timers.o

.bss.ucStaticTimerQueueStorage.7346
                0x0000000080039228       0x50
 .bss.ucStaticTimerQueueStorage.7346
                0x0000000080039228       0x50 ./source/kernel/timers.o

.bss.xStaticTimerQueue.7345
                0x0000000080039278       0x54
 .bss.xStaticTimerQueue.7345
                0x0000000080039278       0x54 ./source/kernel/timers.o

.bss.CpuId      0x00000000800392cc        0x4
 .bss.CpuId     0x00000000800392cc        0x4 ./source/bsp/gic/xscugic.o

.bss.Xil_AssertCallbackRoutine
                0x00000000800392d0        0x4
 .bss.Xil_AssertCallbackRoutine
                0x00000000800392d0        0x4 ./source/bsp/xil_assert.o

.ARM.attributes
                0x0000000000000000       0x31
 .ARM.attributes
                0x0000000000000000       0x19 /usr/lib/gcc/arm-none-eabi/9.2.0/thumb/v7+fp/hard/crti.o
 .ARM.attributes
                0x0000000000000019       0x33 ./source/portable/port.o
 .ARM.attributes
                0x000000000000004c       0x1f ./source/portable/portASM.o
 .ARM.attributes
                0x000000000000006b       0x33 ./source/platform/macuart.o
 .ARM.attributes
                0x000000000000009e       0x33 ./source/lib/print.o
 .ARM.attributes
                0x00000000000000d1       0x33 ./source/lib/printformat.o
 .ARM.attributes
                0x0000000000000104       0x33 ./source/kernel/FreeRTOS_tick_config.o
 .ARM.attributes
                0x0000000000000137       0x33 ./source/kernel/ParTest.o
 .ARM.attributes
                0x000000000000016a       0x23 ./source/kernel/head.o
 .ARM.attributes
                0x000000000000018d       0x33 ./source/kernel/heap_5.o
 .ARM.attributes
                0x00000000000001c0       0x23 ./source/kernel/hyp_entry.o
 .ARM.attributes
                0x00000000000001e3       0x33 ./source/kernel/init.o
 .ARM.attributes
                0x0000000000000216       0x33 ./source/kernel/list.o
 .ARM.attributes
                0x0000000000000249       0x33 ./source/kernel/queue.o
 .ARM.attributes
                0x000000000000027c       0x1f ./source/kernel/svc_entry.o
 .ARM.attributes
                0x000000000000029b       0x33 ./source/kernel/tasks.o
 .ARM.attributes
                0x00000000000002ce       0x33 ./source/kernel/timers.o
 .ARM.attributes
                0x0000000000000301       0x33 ./source/bsp/timer/xscutimer.o
 .ARM.attributes
                0x0000000000000334       0x33 ./source/bsp/timer/xscutimer_g.o
 .ARM.attributes
                0x0000000000000367       0x33 ./source/bsp/timer/xscutimer_sinit.o
 .ARM.attributes
                0x000000000000039a       0x33 ./source/bsp/gic/xscugic.o
 .ARM.attributes
                0x00000000000003cd       0x33 ./source/bsp/gic/xscugic_g.o
 .ARM.attributes
                0x0000000000000400       0x33 ./source/bsp/gic/xscugic_sinit.o
 .ARM.attributes
                0x0000000000000433       0x33 ./source/bsp/vectors.o
 .ARM.attributes
                0x0000000000000466       0x33 ./source/bsp/xgpiops.o
 .ARM.attributes
                0x0000000000000499       0x33 ./source/bsp/xil_assert.o
 .ARM.attributes
                0x00000000000004cc       0x33 ./source/bsp/xil_exception.o
 .ARM.attributes
                0x00000000000004ff       0x33 ./source/bsp/xplatform_info.o
 .ARM.attributes
                0x0000000000000532       0x19 /usr/lib/gcc/arm-none-eabi/9.2.0/thumb/v7+fp/hard/libgcc.a(_udivsi3.o)
 .ARM.attributes
                0x000000000000054b       0x19 /usr/lib/gcc/arm-none-eabi/9.2.0/thumb/v7+fp/hard/libgcc.a(_dvmd_tls.o)
 .ARM.attributes
                0x0000000000000564       0x17 /usr/lib/gcc/arm-none-eabi/9.2.0/../../../../arm-none-eabi/lib/thumb/v7+fp/hard/libg.a(lib_a-memcpy.o)
 .ARM.attributes
                0x000000000000057b       0x2d /usr/lib/gcc/arm-none-eabi/9.2.0/../../../../arm-none-eabi/lib/thumb/v7+fp/hard/libg.a(lib_a-memset.o)

.comment        0x0000000000000000       0x21
 .comment       0x0000000000000000       0x21 ./source/portable/port.o
                                         0x22 (size before relaxing)
 .comment       0x0000000000000021       0x22 ./source/platform/macuart.o
 .comment       0x0000000000000021       0x22 ./source/lib/print.o
 .comment       0x0000000000000021       0x22 ./source/lib/printformat.o
 .comment       0x0000000000000021       0x22 ./source/kernel/FreeRTOS_tick_config.o
 .comment       0x0000000000000021       0x22 ./source/kernel/ParTest.o
 .comment       0x0000000000000021       0x22 ./source/kernel/heap_5.o
 .comment       0x0000000000000021       0x22 ./source/kernel/init.o
 .comment       0x0000000000000021       0x22 ./source/kernel/list.o
 .comment       0x0000000000000021       0x22 ./source/kernel/queue.o
 .comment       0x0000000000000021       0x22 ./source/kernel/tasks.o
 .comment       0x0000000000000021       0x22 ./source/kernel/timers.o
 .comment       0x0000000000000021       0x22 ./source/bsp/timer/xscutimer.o
 .comment       0x0000000000000021       0x22 ./source/bsp/timer/xscutimer_g.o
 .comment       0x0000000000000021       0x22 ./source/bsp/timer/xscutimer_sinit.o
 .comment       0x0000000000000021       0x22 ./source/bsp/gic/xscugic.o
 .comment       0x0000000000000021       0x22 ./source/bsp/gic/xscugic_g.o
 .comment       0x0000000000000021       0x22 ./source/bsp/gic/xscugic_sinit.o
 .comment       0x0000000000000021       0x22 ./source/bsp/vectors.o
 .comment       0x0000000000000021       0x22 ./source/bsp/xgpiops.o
 .comment       0x0000000000000021       0x22 ./source/bsp/xil_assert.o
 .comment       0x0000000000000021       0x22 ./source/bsp/xil_exception.o
 .comment       0x0000000000000021       0x22 ./source/bsp/xplatform_info.o
 .comment       0x0000000000000021       0x22 /usr/lib/gcc/arm-none-eabi/9.2.0/../../../../arm-none-eabi/lib/thumb/v7+fp/hard/libg.a(lib_a-memset.o)

.debug_info     0x0000000000000000    0x130c2
 .debug_info    0x0000000000000000      0xce6 ./source/portable/port.o
 .debug_info    0x0000000000000ce6       0x26 ./source/portable/portASM.o
 .debug_info    0x0000000000000d0c       0xcc ./source/platform/macuart.o
 .debug_info    0x0000000000000dd8       0x81 ./source/lib/print.o
 .debug_info    0x0000000000000e59      0x463 ./source/lib/printformat.o
 .debug_info    0x00000000000012bc      0xd8b ./source/kernel/FreeRTOS_tick_config.o
 .debug_info    0x0000000000002047      0xbec ./source/kernel/ParTest.o
 .debug_info    0x0000000000002c33       0x26 ./source/kernel/head.o
 .debug_info    0x0000000000002c59      0xd43 ./source/kernel/heap_5.o
 .debug_info    0x000000000000399c       0x26 ./source/kernel/hyp_entry.o
 .debug_info    0x00000000000039c2     0x11c7 ./source/kernel/init.o
 .debug_info    0x0000000000004b89      0xc77 ./source/kernel/list.o
 .debug_info    0x0000000000005800     0x205a ./source/kernel/queue.o
 .debug_info    0x000000000000785a       0x26 ./source/kernel/svc_entry.o
 .debug_info    0x0000000000007880     0x26c0 ./source/kernel/tasks.o
 .debug_info    0x0000000000009f40     0x1a8a ./source/kernel/timers.o
 .debug_info    0x000000000000b9ca      0xc2f ./source/bsp/timer/xscutimer.o
 .debug_info    0x000000000000c5f9      0xa03 ./source/bsp/timer/xscutimer_g.o
 .debug_info    0x000000000000cffc      0xa53 ./source/bsp/timer/xscutimer_sinit.o
 .debug_info    0x000000000000da4f     0x114f ./source/bsp/gic/xscugic.o
 .debug_info    0x000000000000eb9e      0xaf4 ./source/bsp/gic/xscugic_g.o
 .debug_info    0x000000000000f692      0xac7 ./source/bsp/gic/xscugic_sinit.o
 .debug_info    0x0000000000010159      0x1b0 ./source/bsp/vectors.o
 .debug_info    0x0000000000010309     0x1047 ./source/bsp/xgpiops.o
 .debug_info    0x0000000000011350      0x1c4 ./source/bsp/xil_assert.o
 .debug_info    0x0000000000011514      0x2a7 ./source/bsp/xil_exception.o
 .debug_info    0x00000000000117bb      0x96f ./source/bsp/xplatform_info.o
 .debug_info    0x000000000001212a       0x26 /usr/lib/gcc/arm-none-eabi/9.2.0/thumb/v7+fp/hard/libgcc.a(_udivsi3.o)
 .debug_info    0x0000000000012150       0x26 /usr/lib/gcc/arm-none-eabi/9.2.0/thumb/v7+fp/hard/libgcc.a(_dvmd_tls.o)
 .debug_info    0x0000000000012176       0x26 /usr/lib/gcc/arm-none-eabi/9.2.0/../../../../arm-none-eabi/lib/thumb/v7+fp/hard/libg.a(lib_a-memcpy.o)
 .debug_info    0x000000000001219c      0xf26 /usr/lib/gcc/arm-none-eabi/9.2.0/../../../../arm-none-eabi/lib/thumb/v7+fp/hard/libg.a(lib_a-memset.o)

.debug_abbrev   0x0000000000000000     0x357f
 .debug_abbrev  0x0000000000000000      0x318 ./source/portable/port.o
 .debug_abbrev  0x0000000000000318       0x14 ./source/portable/portASM.o
 .debug_abbrev  0x000000000000032c       0xb5 ./source/platform/macuart.o
 .debug_abbrev  0x00000000000003e1       0x8b ./source/lib/print.o
 .debug_abbrev  0x000000000000046c      0x19d ./source/lib/printformat.o
 .debug_abbrev  0x0000000000000609      0x2ac ./source/kernel/FreeRTOS_tick_config.o
 .debug_abbrev  0x00000000000008b5      0x20a ./source/kernel/ParTest.o
 .debug_abbrev  0x0000000000000abf       0x14 ./source/kernel/head.o
 .debug_abbrev  0x0000000000000ad3      0x2bc ./source/kernel/heap_5.o
 .debug_abbrev  0x0000000000000d8f       0x14 ./source/kernel/hyp_entry.o
 .debug_abbrev  0x0000000000000da3      0x3a7 ./source/kernel/init.o
 .debug_abbrev  0x000000000000114a      0x249 ./source/kernel/list.o
 .debug_abbrev  0x0000000000001393      0x325 ./source/kernel/queue.o
 .debug_abbrev  0x00000000000016b8       0x14 ./source/kernel/svc_entry.o
 .debug_abbrev  0x00000000000016cc      0x3a8 ./source/kernel/tasks.o
 .debug_abbrev  0x0000000000001a74      0x320 ./source/kernel/timers.o
 .debug_abbrev  0x0000000000001d94      0x2a3 ./source/bsp/timer/xscutimer.o
 .debug_abbrev  0x0000000000002037      0x1db ./source/bsp/timer/xscutimer_g.o
 .debug_abbrev  0x0000000000002212      0x20c ./source/bsp/timer/xscutimer_sinit.o
 .debug_abbrev  0x000000000000241e      0x2e4 ./source/bsp/gic/xscugic.o
 .debug_abbrev  0x0000000000002702      0x1ea ./source/bsp/gic/xscugic_g.o
 .debug_abbrev  0x00000000000028ec      0x219 ./source/bsp/gic/xscugic_sinit.o
 .debug_abbrev  0x0000000000002b05       0xe0 ./source/bsp/vectors.o
 .debug_abbrev  0x0000000000002be5      0x2f2 ./source/bsp/xgpiops.o
 .debug_abbrev  0x0000000000002ed7       0xec ./source/bsp/xil_assert.o
 .debug_abbrev  0x0000000000002fc3      0x17a ./source/bsp/xil_exception.o
 .debug_abbrev  0x000000000000313d      0x1e6 ./source/bsp/xplatform_info.o
 .debug_abbrev  0x0000000000003323       0x14 /usr/lib/gcc/arm-none-eabi/9.2.0/thumb/v7+fp/hard/libgcc.a(_udivsi3.o)
 .debug_abbrev  0x0000000000003337       0x14 /usr/lib/gcc/arm-none-eabi/9.2.0/thumb/v7+fp/hard/libgcc.a(_dvmd_tls.o)
 .debug_abbrev  0x000000000000334b       0x14 /usr/lib/gcc/arm-none-eabi/9.2.0/../../../../arm-none-eabi/lib/thumb/v7+fp/hard/libg.a(lib_a-memcpy.o)
 .debug_abbrev  0x000000000000335f      0x220 /usr/lib/gcc/arm-none-eabi/9.2.0/../../../../arm-none-eabi/lib/thumb/v7+fp/hard/libg.a(lib_a-memset.o)

.debug_aranges  0x0000000000000000      0xb50
 .debug_aranges
                0x0000000000000000       0x70 ./source/portable/port.o
 .debug_aranges
                0x0000000000000070       0x20 ./source/portable/portASM.o
 .debug_aranges
                0x0000000000000090       0x38 ./source/platform/macuart.o
 .debug_aranges
                0x00000000000000c8       0x20 ./source/lib/print.o
 .debug_aranges
                0x00000000000000e8       0x78 ./source/lib/printformat.o
 .debug_aranges
                0x0000000000000160       0x40 ./source/kernel/FreeRTOS_tick_config.o
 .debug_aranges
                0x00000000000001a0       0x30 ./source/kernel/ParTest.o
 .debug_aranges
                0x00000000000001d0       0x20 ./source/kernel/head.o
 .debug_aranges
                0x00000000000001f0       0x48 ./source/kernel/heap_5.o
 .debug_aranges
                0x0000000000000238       0x20 ./source/kernel/hyp_entry.o
 .debug_aranges
                0x0000000000000258       0x98 ./source/kernel/init.o
 .debug_aranges
                0x00000000000002f0       0x40 ./source/kernel/list.o
 .debug_aranges
                0x0000000000000330      0x188 ./source/kernel/queue.o
 .debug_aranges
                0x00000000000004b8       0x20 ./source/kernel/svc_entry.o
 .debug_aranges
                0x00000000000004d8      0x218 ./source/kernel/tasks.o
 .debug_aranges
                0x00000000000006f0       0xe8 ./source/kernel/timers.o
 .debug_aranges
                0x00000000000007d8       0x50 ./source/bsp/timer/xscutimer.o
 .debug_aranges
                0x0000000000000828       0x18 ./source/bsp/timer/xscutimer_g.o
 .debug_aranges
                0x0000000000000840       0x20 ./source/bsp/timer/xscutimer_sinit.o
 .debug_aranges
                0x0000000000000860       0xb8 ./source/bsp/gic/xscugic.o
 .debug_aranges
                0x0000000000000918       0x18 ./source/bsp/gic/xscugic_g.o
 .debug_aranges
                0x0000000000000930       0x20 ./source/bsp/gic/xscugic_sinit.o
 .debug_aranges
                0x0000000000000950       0x48 ./source/bsp/vectors.o
 .debug_aranges
                0x0000000000000998       0x98 ./source/bsp/xgpiops.o
 .debug_aranges
                0x0000000000000a30       0x30 ./source/bsp/xil_assert.o
 .debug_aranges
                0x0000000000000a60       0x50 ./source/bsp/xil_exception.o
 .debug_aranges
                0x0000000000000ab0       0x20 ./source/bsp/xplatform_info.o
 .debug_aranges
                0x0000000000000ad0       0x20 /usr/lib/gcc/arm-none-eabi/9.2.0/thumb/v7+fp/hard/libgcc.a(_udivsi3.o)
 .debug_aranges
                0x0000000000000af0       0x20 /usr/lib/gcc/arm-none-eabi/9.2.0/thumb/v7+fp/hard/libgcc.a(_dvmd_tls.o)
 .debug_aranges
                0x0000000000000b10       0x20 /usr/lib/gcc/arm-none-eabi/9.2.0/../../../../arm-none-eabi/lib/thumb/v7+fp/hard/libg.a(lib_a-memcpy.o)
 .debug_aranges
                0x0000000000000b30       0x20 /usr/lib/gcc/arm-none-eabi/9.2.0/../../../../arm-none-eabi/lib/thumb/v7+fp/hard/libg.a(lib_a-memset.o)

.debug_ranges   0x0000000000000000      0x8e0
 .debug_ranges  0x0000000000000000       0x60 ./source/portable/port.o
 .debug_ranges  0x0000000000000060       0x28 ./source/platform/macuart.o
 .debug_ranges  0x0000000000000088       0x10 ./source/lib/print.o
 .debug_ranges  0x0000000000000098       0x68 ./source/lib/printformat.o
 .debug_ranges  0x0000000000000100       0x30 ./source/kernel/FreeRTOS_tick_config.o
 .debug_ranges  0x0000000000000130       0x20 ./source/kernel/ParTest.o
 .debug_ranges  0x0000000000000150       0x38 ./source/kernel/heap_5.o
 .debug_ranges  0x0000000000000188       0x88 ./source/kernel/init.o
 .debug_ranges  0x0000000000000210       0x30 ./source/kernel/list.o
 .debug_ranges  0x0000000000000240      0x178 ./source/kernel/queue.o
 .debug_ranges  0x00000000000003b8      0x208 ./source/kernel/tasks.o
 .debug_ranges  0x00000000000005c0       0xd8 ./source/kernel/timers.o
 .debug_ranges  0x0000000000000698       0x40 ./source/bsp/timer/xscutimer.o
 .debug_ranges  0x00000000000006d8       0x10 ./source/bsp/timer/xscutimer_sinit.o
 .debug_ranges  0x00000000000006e8       0xa8 ./source/bsp/gic/xscugic.o
 .debug_ranges  0x0000000000000790       0x10 ./source/bsp/gic/xscugic_sinit.o
 .debug_ranges  0x00000000000007a0       0x38 ./source/bsp/vectors.o
 .debug_ranges  0x00000000000007d8       0x88 ./source/bsp/xgpiops.o
 .debug_ranges  0x0000000000000860       0x20 ./source/bsp/xil_assert.o
 .debug_ranges  0x0000000000000880       0x40 ./source/bsp/xil_exception.o
 .debug_ranges  0x00000000000008c0       0x10 ./source/bsp/xplatform_info.o
 .debug_ranges  0x00000000000008d0       0x10 /usr/lib/gcc/arm-none-eabi/9.2.0/../../../../arm-none-eabi/lib/thumb/v7+fp/hard/libg.a(lib_a-memset.o)

.debug_macro    0x0000000000000000     0x8246
 .debug_macro   0x0000000000000000      0x2fe ./source/portable/port.o
 .debug_macro   0x00000000000002fe      0xab4 ./source/portable/port.o
 .debug_macro   0x0000000000000db2       0x17 ./source/portable/port.o
 .debug_macro   0x0000000000000dc9       0x22 ./source/portable/port.o
 .debug_macro   0x0000000000000deb       0x52 ./source/portable/port.o
 .debug_macro   0x0000000000000e3d       0x94 ./source/portable/port.o
 .debug_macro   0x0000000000000ed1       0x35 ./source/portable/port.o
 .debug_macro   0x0000000000000f06       0x34 ./source/portable/port.o
 .debug_macro   0x0000000000000f3a       0x16 ./source/portable/port.o
 .debug_macro   0x0000000000000f50      0x10e ./source/portable/port.o
 .debug_macro   0x000000000000105e       0x8d ./source/portable/port.o
 .debug_macro   0x00000000000010eb       0x57 ./source/portable/port.o
 .debug_macro   0x0000000000001142       0x58 ./source/portable/port.o
 .debug_macro   0x000000000000119a       0x1f ./source/portable/port.o
 .debug_macro   0x00000000000011b9       0x43 ./source/portable/port.o
 .debug_macro   0x00000000000011fc       0x20 ./source/portable/port.o
 .debug_macro   0x000000000000121c      0x18e ./source/portable/port.o
 .debug_macro   0x00000000000013aa      0x339 ./source/portable/port.o
 .debug_macro   0x00000000000016e3       0x16 ./source/portable/port.o
 .debug_macro   0x00000000000016f9       0x29 ./source/portable/port.o
 .debug_macro   0x0000000000001722       0xef ./source/portable/port.o
 .debug_macro   0x0000000000001811       0x6a ./source/portable/port.o
 .debug_macro   0x000000000000187b      0x1df ./source/portable/port.o
 .debug_macro   0x0000000000001a5a       0x1c ./source/portable/port.o
 .debug_macro   0x0000000000001a76      0x58a ./source/portable/port.o
 .debug_macro   0x0000000000002000      0x5c4 ./source/portable/port.o
 .debug_macro   0x00000000000025c4      0x122 ./source/portable/port.o
 .debug_macro   0x00000000000026e6       0x4a ./source/portable/port.o
 .debug_macro   0x0000000000002730       0x31 ./source/portable/port.o
 .debug_macro   0x0000000000002761      0x400 ./source/portable/port.o
 .debug_macro   0x0000000000002b61      0x119 ./source/portable/port.o
 .debug_macro   0x0000000000002c7a       0x16 ./source/portable/port.o
 .debug_macro   0x0000000000002c90       0x35 ./source/portable/port.o
 .debug_macro   0x0000000000002cc5       0x58 ./source/portable/port.o
 .debug_macro   0x0000000000002d1d       0x10 ./source/portable/port.o
 .debug_macro   0x0000000000002d2d      0x696 ./source/portable/port.o
 .debug_macro   0x00000000000033c3       0x93 ./source/portable/port.o
 .debug_macro   0x0000000000003456       0x54 ./source/portable/port.o
 .debug_macro   0x00000000000034aa       0x6f ./source/portable/port.o
 .debug_macro   0x0000000000003519       0x2e ./source/portable/port.o
 .debug_macro   0x0000000000003547       0xc8 ./source/portable/port.o
 .debug_macro   0x000000000000360f      0x15a ./source/portable/port.o
 .debug_macro   0x0000000000003769      0x143 ./source/portable/port.o
 .debug_macro   0x00000000000038ac       0x1c ./source/portable/port.o
 .debug_macro   0x00000000000038c8       0x26 ./source/portable/port.o
 .debug_macro   0x00000000000038ee      0x48d ./source/portable/port.o
 .debug_macro   0x0000000000003d7b       0xb5 ./source/portable/port.o
 .debug_macro   0x0000000000003e30       0xaa ./source/portable/port.o
 .debug_macro   0x0000000000003eda       0x10 ./source/portable/port.o
 .debug_macro   0x0000000000003eea      0x250 ./source/platform/macuart.o
 .debug_macro   0x000000000000413a       0x11 ./source/lib/print.o
 .debug_macro   0x000000000000414b       0x3c ./source/lib/printformat.o
 .debug_macro   0x0000000000004187       0x16 ./source/lib/printformat.o
 .debug_macro   0x000000000000419d       0x64 ./source/lib/printformat.o
 .debug_macro   0x0000000000004201       0x1c ./source/lib/printformat.o
 .debug_macro   0x000000000000421d      0x2ab ./source/kernel/FreeRTOS_tick_config.o
 .debug_macro   0x00000000000044c8      0x174 ./source/kernel/FreeRTOS_tick_config.o
 .debug_macro   0x000000000000463c       0x8e ./source/kernel/FreeRTOS_tick_config.o
 .debug_macro   0x00000000000046ca       0x51 ./source/kernel/FreeRTOS_tick_config.o
 .debug_macro   0x000000000000471b       0x58 ./source/kernel/FreeRTOS_tick_config.o
 .debug_macro   0x0000000000004773       0x10 ./source/kernel/FreeRTOS_tick_config.o
 .debug_macro   0x0000000000004783       0x8b ./source/kernel/FreeRTOS_tick_config.o
 .debug_macro   0x000000000000480e       0x4a ./source/kernel/FreeRTOS_tick_config.o
 .debug_macro   0x0000000000004858       0x81 ./source/kernel/FreeRTOS_tick_config.o
 .debug_macro   0x00000000000048d9      0x2a4 ./source/kernel/FreeRTOS_tick_config.o
 .debug_macro   0x0000000000004b7d       0x35 ./source/kernel/FreeRTOS_tick_config.o
 .debug_macro   0x0000000000004bb2      0x2ab ./source/kernel/ParTest.o
 .debug_macro   0x0000000000004e5d       0x10 ./source/kernel/ParTest.o
 .debug_macro   0x0000000000004e6d       0x9c ./source/kernel/ParTest.o
 .debug_macro   0x0000000000004f09       0x58 ./source/kernel/ParTest.o
 .debug_macro   0x0000000000004f61       0x66 ./source/kernel/ParTest.o
 .debug_macro   0x0000000000004fc7      0x29b ./source/kernel/heap_5.o
 .debug_macro   0x0000000000005262      0x2ed ./source/kernel/init.o
 .debug_macro   0x000000000000554f       0x5e ./source/kernel/init.o
 .debug_macro   0x00000000000055ad       0x87 ./source/kernel/init.o
 .debug_macro   0x0000000000005634      0x10c ./source/kernel/init.o
 .debug_macro   0x0000000000005740      0x274 ./source/kernel/list.o
 .debug_macro   0x00000000000059b4      0x2cd ./source/kernel/queue.o
 .debug_macro   0x0000000000005c81      0x11f ./source/kernel/queue.o
 .debug_macro   0x0000000000005da0      0x3ef ./source/kernel/tasks.o
 .debug_macro   0x000000000000618f       0x91 ./source/kernel/tasks.o
 .debug_macro   0x0000000000006220       0x10 ./source/kernel/tasks.o
 .debug_macro   0x0000000000006230       0x1c ./source/kernel/tasks.o
 .debug_macro   0x000000000000624c       0x10 ./source/kernel/tasks.o
 .debug_macro   0x000000000000625c       0x1c ./source/kernel/tasks.o
 .debug_macro   0x0000000000006278       0x52 ./source/kernel/tasks.o
 .debug_macro   0x00000000000062ca       0x40 ./source/kernel/tasks.o
 .debug_macro   0x000000000000630a       0x10 ./source/kernel/tasks.o
 .debug_macro   0x000000000000631a       0x40 ./source/kernel/tasks.o
 .debug_macro   0x000000000000635a       0xd7 ./source/kernel/tasks.o
 .debug_macro   0x0000000000006431       0x1c ./source/kernel/tasks.o
 .debug_macro   0x000000000000644d       0x3d ./source/kernel/tasks.o
 .debug_macro   0x000000000000648a       0x16 ./source/kernel/tasks.o
 .debug_macro   0x00000000000064a0      0x16f ./source/kernel/tasks.o
 .debug_macro   0x000000000000660f      0x2c9 ./source/kernel/timers.o
 .debug_macro   0x00000000000068d8       0x97 ./source/kernel/timers.o
 .debug_macro   0x000000000000696f      0x1e4 ./source/bsp/timer/xscutimer.o
 .debug_macro   0x0000000000006b53       0x85 ./source/bsp/timer/xscutimer.o
 .debug_macro   0x0000000000006bd8      0x1e4 ./source/bsp/timer/xscutimer_g.o
 .debug_macro   0x0000000000006dbc      0x1e4 ./source/bsp/timer/xscutimer_sinit.o
 .debug_macro   0x0000000000006fa0      0x1f4 ./source/bsp/gic/xscugic.o
 .debug_macro   0x0000000000007194      0x406 ./source/bsp/gic/xscugic.o
 .debug_macro   0x000000000000759a      0x21a ./source/bsp/gic/xscugic_g.o
 .debug_macro   0x00000000000077b4      0x128 ./source/bsp/gic/xscugic_g.o
 .debug_macro   0x00000000000078dc       0x75 ./source/bsp/gic/xscugic_g.o
 .debug_macro   0x0000000000007951      0x1eb ./source/bsp/gic/xscugic_sinit.o
 .debug_macro   0x0000000000007b3c       0xb9 ./source/bsp/vectors.o
 .debug_macro   0x0000000000007bf5       0x7b ./source/bsp/vectors.o
 .debug_macro   0x0000000000007c70       0x37 ./source/bsp/vectors.o
 .debug_macro   0x0000000000007ca7      0x1f1 ./source/bsp/xgpiops.o
 .debug_macro   0x0000000000007e98       0x8e ./source/bsp/xil_assert.o
 .debug_macro   0x0000000000007f26       0xc6 ./source/bsp/xil_exception.o
 .debug_macro   0x0000000000007fec       0x16 ./source/bsp/xil_exception.o
 .debug_macro   0x0000000000008002      0x1b7 ./source/bsp/xplatform_info.o
 .debug_macro   0x00000000000081b9       0x8d ./source/bsp/xplatform_info.o

.debug_line     0x0000000000000000     0x9a44
 .debug_line    0x0000000000000000      0x6bb ./source/portable/port.o
 .debug_line    0x00000000000006bb       0xa4 ./source/portable/portASM.o
 .debug_line    0x000000000000075f      0x139 ./source/platform/macuart.o
 .debug_line    0x0000000000000898       0x5a ./source/lib/print.o
 .debug_line    0x00000000000008f2      0x4a6 ./source/lib/printformat.o
 .debug_line    0x0000000000000d98      0x5b7 ./source/kernel/FreeRTOS_tick_config.o
 .debug_line    0x000000000000134f      0x4a2 ./source/kernel/ParTest.o
 .debug_line    0x00000000000017f1       0x59 ./source/kernel/head.o
 .debug_line    0x000000000000184a      0x69d ./source/kernel/heap_5.o
 .debug_line    0x0000000000001ee7       0x78 ./source/kernel/hyp_entry.o
 .debug_line    0x0000000000001f5f      0x754 ./source/kernel/init.o
 .debug_line    0x00000000000026b3      0x504 ./source/kernel/list.o
 .debug_line    0x0000000000002bb7     0x12ee ./source/kernel/queue.o
 .debug_line    0x0000000000003ea5       0x8a ./source/kernel/svc_entry.o
 .debug_line    0x0000000000003f2f     0x1a21 ./source/kernel/tasks.o
 .debug_line    0x0000000000005950      0xa13 ./source/kernel/timers.o
 .debug_line    0x0000000000006363      0x556 ./source/bsp/timer/xscutimer.o
 .debug_line    0x00000000000068b9      0x353 ./source/bsp/timer/xscutimer_g.o
 .debug_line    0x0000000000006c0c      0x392 ./source/bsp/timer/xscutimer_sinit.o
 .debug_line    0x0000000000006f9e      0xbfb ./source/bsp/gic/xscugic.o
 .debug_line    0x0000000000007b99      0x38d ./source/bsp/gic/xscugic_g.o
 .debug_line    0x0000000000007f26      0x39b ./source/bsp/gic/xscugic_sinit.o
 .debug_line    0x00000000000082c1      0x262 ./source/bsp/vectors.o
 .debug_line    0x0000000000008523      0x978 ./source/bsp/xgpiops.o
 .debug_line    0x0000000000008e9b      0x1dc ./source/bsp/xil_assert.o
 .debug_line    0x0000000000009077      0x290 ./source/bsp/xil_exception.o
 .debug_line    0x0000000000009307      0x30b ./source/bsp/xplatform_info.o
 .debug_line    0x0000000000009612       0x89 /usr/lib/gcc/arm-none-eabi/9.2.0/thumb/v7+fp/hard/libgcc.a(_udivsi3.o)
 .debug_line    0x000000000000969b       0x6a /usr/lib/gcc/arm-none-eabi/9.2.0/thumb/v7+fp/hard/libgcc.a(_dvmd_tls.o)
 .debug_line    0x0000000000009705       0xc1 /usr/lib/gcc/arm-none-eabi/9.2.0/../../../../arm-none-eabi/lib/thumb/v7+fp/hard/libg.a(lib_a-memcpy.o)
 .debug_line    0x00000000000097c6      0x27e /usr/lib/gcc/arm-none-eabi/9.2.0/../../../../arm-none-eabi/lib/thumb/v7+fp/hard/libg.a(lib_a-memset.o)

.debug_str      0x0000000000000000    0x1dc6c
 .debug_str     0x0000000000000000    0x13e0a ./source/portable/port.o
                                      0x140de (size before relaxing)
 .debug_str     0x0000000000013e0a       0x29 ./source/portable/portASM.o
                                         0x50 (size before relaxing)
 .debug_str     0x0000000000013e33      0xdb6 ./source/platform/macuart.o
                                       0x3b97 (size before relaxing)
 .debug_str     0x0000000000014be9       0x22 ./source/lib/print.o
                                       0x2df1 (size before relaxing)
 .debug_str     0x0000000000014c0b      0x2e2 ./source/lib/printformat.o
                                       0x31de (size before relaxing)
 .debug_str     0x0000000000014eed     0x24c3 ./source/kernel/FreeRTOS_tick_config.o
                                      0x15f19 (size before relaxing)
 .debug_str     0x00000000000173b0      0x864 ./source/kernel/ParTest.o
                                      0x14229 (size before relaxing)
 .debug_str     0x0000000000017c14       0x18 ./source/kernel/head.o
                                         0x4b (size before relaxing)
 .debug_str     0x0000000000017c2c      0x30d ./source/kernel/heap_5.o
                                      0x13db4 (size before relaxing)
 .debug_str     0x0000000000017f39       0x1d ./source/kernel/hyp_entry.o
                                         0x50 (size before relaxing)
 .debug_str     0x0000000000017f56      0xf4c ./source/kernel/init.o
                                      0x163bb (size before relaxing)
 .debug_str     0x0000000000018ea2      0x108 ./source/kernel/list.o
                                      0x13551 (size before relaxing)
 .debug_str     0x0000000000018faa      0xa5c ./source/kernel/queue.o
                                      0x14ef6 (size before relaxing)
 .debug_str     0x0000000000019a06       0x1d ./source/kernel/svc_entry.o
                                         0x50 (size before relaxing)
 .debug_str     0x0000000000019a23     0x2f46 ./source/kernel/tasks.o
                                      0x16dcc (size before relaxing)
 .debug_str     0x000000000001c969      0x638 ./source/kernel/timers.o
                                      0x15421 (size before relaxing)
 .debug_str     0x000000000001cfa1       0xbc ./source/bsp/timer/xscutimer.o
                                       0xfaa8 (size before relaxing)
 .debug_str     0x000000000001d05d       0x38 ./source/bsp/timer/xscutimer_g.o
                                       0xf98f (size before relaxing)
 .debug_str     0x000000000001d095       0x44 ./source/bsp/timer/xscutimer_sinit.o
                                       0xf9b7 (size before relaxing)
 .debug_str     0x000000000001d0d9      0x20d ./source/bsp/gic/xscugic.o
                                      0x1076c (size before relaxing)
 .debug_str     0x000000000001d2e6       0x1e ./source/bsp/gic/xscugic_g.o
                                      0x11587 (size before relaxing)
 .debug_str     0x000000000001d304       0x37 ./source/bsp/gic/xscugic_sinit.o
                                      0x104f3 (size before relaxing)
 .debug_str     0x000000000001d33b       0xaf ./source/bsp/vectors.o
                                       0x7282 (size before relaxing)
 .debug_str     0x000000000001d3ea      0x1a4 ./source/bsp/xgpiops.o
                                       0xf6e5 (size before relaxing)
 .debug_str     0x000000000001d58e       0x8a ./source/bsp/xil_assert.o
                                       0x4474 (size before relaxing)
 .debug_str     0x000000000001d618      0x142 ./source/bsp/xil_exception.o
                                       0x7348 (size before relaxing)
 .debug_str     0x000000000001d75a       0x31 ./source/bsp/xplatform_info.o
                                       0xdc2f (size before relaxing)
 .debug_str     0x000000000001d78b       0xa3 /usr/lib/gcc/arm-none-eabi/9.2.0/thumb/v7+fp/hard/libgcc.a(_udivsi3.o)
                                         0xaf (size before relaxing)
 .debug_str     0x000000000001d82e       0xaf /usr/lib/gcc/arm-none-eabi/9.2.0/thumb/v7+fp/hard/libgcc.a(_dvmd_tls.o)
 .debug_str     0x000000000001d82e       0xaa /usr/lib/gcc/arm-none-eabi/9.2.0/../../../../arm-none-eabi/lib/thumb/v7+fp/hard/libg.a(lib_a-memcpy.o)
                                         0xb6 (size before relaxing)
 .debug_str     0x000000000001d8d8      0x394 /usr/lib/gcc/arm-none-eabi/9.2.0/../../../../arm-none-eabi/lib/thumb/v7+fp/hard/libg.a(lib_a-memset.o)
                                        0x8be (size before relaxing)

.debug_frame    0x0000000000000000     0x2234
 .debug_frame   0x0000000000000000      0x160 ./source/portable/port.o
 .debug_frame   0x0000000000000160       0x8c ./source/platform/macuart.o
 .debug_frame   0x00000000000001ec       0x30 ./source/lib/print.o
 .debug_frame   0x000000000000021c      0x1ac ./source/lib/printformat.o
 .debug_frame   0x00000000000003c8       0xb0 ./source/kernel/FreeRTOS_tick_config.o
 .debug_frame   0x0000000000000478       0x70 ./source/kernel/ParTest.o
 .debug_frame   0x00000000000004e8       0xd8 ./source/kernel/heap_5.o
 .debug_frame   0x00000000000005c0      0x1f4 ./source/kernel/init.o
 .debug_frame   0x00000000000007b4       0xb0 ./source/kernel/list.o
 .debug_frame   0x0000000000000864      0x5e8 ./source/kernel/queue.o
 .debug_frame   0x0000000000000e4c      0x818 ./source/kernel/tasks.o
 .debug_frame   0x0000000000001664      0x34c ./source/kernel/timers.o
 .debug_frame   0x00000000000019b0       0xf0 ./source/bsp/timer/xscutimer.o
 .debug_frame   0x0000000000001aa0       0x30 ./source/bsp/timer/xscutimer_sinit.o
 .debug_frame   0x0000000000001ad0      0x298 ./source/bsp/gic/xscugic.o
 .debug_frame   0x0000000000001d68       0x30 ./source/bsp/gic/xscugic_sinit.o
 .debug_frame   0x0000000000001d98       0xc4 ./source/bsp/vectors.o
 .debug_frame   0x0000000000001e5c      0x210 ./source/bsp/xgpiops.o
 .debug_frame   0x000000000000206c       0x70 ./source/bsp/xil_assert.o
 .debug_frame   0x00000000000020dc       0xd0 ./source/bsp/xil_exception.o
 .debug_frame   0x00000000000021ac       0x30 ./source/bsp/xplatform_info.o
 .debug_frame   0x00000000000021dc       0x20 /usr/lib/gcc/arm-none-eabi/9.2.0/thumb/v7+fp/hard/libgcc.a(_udivsi3.o)
 .debug_frame   0x00000000000021fc       0x38 /usr/lib/gcc/arm-none-eabi/9.2.0/../../../../arm-none-eabi/lib/thumb/v7+fp/hard/libg.a(lib_a-memset.o)

.debug_loc      0x0000000000000000      0x22c
 .debug_loc     0x0000000000000000      0x22c /usr/lib/gcc/arm-none-eabi/9.2.0/../../../../arm-none-eabi/lib/thumb/v7+fp/hard/libg.a(lib_a-memset.o)
