Archive member included to satisfy reference by file (symbol)

/usr/lib/gcc/arm-none-eabi/7.4.0/thumb/v7-ar/fpv3/hard/libgcc.a(_udivsi3.o)
                              ./source/kernel/tasks.o (__aeabi_uidiv)
/usr/lib/gcc/arm-none-eabi/7.4.0/thumb/v7-ar/fpv3/hard/libgcc.a(_dvmd_tls.o)
                              /usr/lib/gcc/arm-none-eabi/7.4.0/thumb/v7-ar/fpv3/hard/libgcc.a(_udivsi3.o) (__aeabi_idiv0)
/usr/lib/gcc/arm-none-eabi/7.4.0/../../../../arm-none-eabi/lib/thumb/v7-ar/fpv3/hard/libg.a(lib_a-atexit.o)
                              /usr/lib/gcc/arm-none-eabi/7.4.0/../../../../arm-none-eabi/lib/thumb/v7-ar/fpv3/hard/crt0.o (atexit)
/usr/lib/gcc/arm-none-eabi/7.4.0/../../../../arm-none-eabi/lib/thumb/v7-ar/fpv3/hard/libg.a(lib_a-exit.o)
                              /usr/lib/gcc/arm-none-eabi/7.4.0/../../../../arm-none-eabi/lib/thumb/v7-ar/fpv3/hard/crt0.o (exit)
/usr/lib/gcc/arm-none-eabi/7.4.0/../../../../arm-none-eabi/lib/thumb/v7-ar/fpv3/hard/libg.a(lib_a-fini.o)
                              /usr/lib/gcc/arm-none-eabi/7.4.0/../../../../arm-none-eabi/lib/thumb/v7-ar/fpv3/hard/crt0.o (__libc_fini_array)
/usr/lib/gcc/arm-none-eabi/7.4.0/../../../../arm-none-eabi/lib/thumb/v7-ar/fpv3/hard/libg.a(lib_a-impure.o)
                              /usr/lib/gcc/arm-none-eabi/7.4.0/../../../../arm-none-eabi/lib/thumb/v7-ar/fpv3/hard/libg.a(lib_a-exit.o) (_global_impure_ptr)
/usr/lib/gcc/arm-none-eabi/7.4.0/../../../../arm-none-eabi/lib/thumb/v7-ar/fpv3/hard/libg.a(lib_a-init.o)
                              /usr/lib/gcc/arm-none-eabi/7.4.0/../../../../arm-none-eabi/lib/thumb/v7-ar/fpv3/hard/crt0.o (__libc_init_array)
/usr/lib/gcc/arm-none-eabi/7.4.0/../../../../arm-none-eabi/lib/thumb/v7-ar/fpv3/hard/libg.a(lib_a-memcpy.o)
                              ./source/kernel/queue.o (memcpy)
/usr/lib/gcc/arm-none-eabi/7.4.0/../../../../arm-none-eabi/lib/thumb/v7-ar/fpv3/hard/libg.a(lib_a-memset.o)
                              /usr/lib/gcc/arm-none-eabi/7.4.0/../../../../arm-none-eabi/lib/thumb/v7-ar/fpv3/hard/crt0.o (memset)
/usr/lib/gcc/arm-none-eabi/7.4.0/../../../../arm-none-eabi/lib/thumb/v7-ar/fpv3/hard/libg.a(lib_a-sprintf.o)
                              ./source/kernel/tasks.o (sprintf)
/usr/lib/gcc/arm-none-eabi/7.4.0/../../../../arm-none-eabi/lib/thumb/v7-ar/fpv3/hard/libg.a(lib_a-strcpy.o)
                              ./source/kernel/tasks.o (strcpy)
/usr/lib/gcc/arm-none-eabi/7.4.0/../../../../arm-none-eabi/lib/thumb/v7-ar/fpv3/hard/libg.a(lib_a-strlen-stub.o)
                              ./source/kernel/tasks.o (strlen)
/usr/lib/gcc/arm-none-eabi/7.4.0/../../../../arm-none-eabi/lib/thumb/v7-ar/fpv3/hard/libg.a(lib_a-svfprintf.o)
                              /usr/lib/gcc/arm-none-eabi/7.4.0/../../../../arm-none-eabi/lib/thumb/v7-ar/fpv3/hard/libg.a(lib_a-sprintf.o) (_svfprintf_r)
/usr/lib/gcc/arm-none-eabi/7.4.0/../../../../arm-none-eabi/lib/thumb/v7-ar/fpv3/hard/libg.a(lib_a-__atexit.o)
                              /usr/lib/gcc/arm-none-eabi/7.4.0/../../../../arm-none-eabi/lib/thumb/v7-ar/fpv3/hard/libg.a(lib_a-atexit.o) (__register_exitproc)
/usr/lib/gcc/arm-none-eabi/7.4.0/../../../../arm-none-eabi/lib/thumb/v7-ar/fpv3/hard/libg.a(lib_a-__call_atexit.o)
                              /usr/lib/gcc/arm-none-eabi/7.4.0/../../../../arm-none-eabi/lib/thumb/v7-ar/fpv3/hard/libg.a(lib_a-exit.o) (__call_exitprocs)
/usr/lib/gcc/arm-none-eabi/7.4.0/../../../../arm-none-eabi/lib/thumb/v7-ar/fpv3/hard/libg.a(lib_a-dtoa.o)
                              /usr/lib/gcc/arm-none-eabi/7.4.0/../../../../arm-none-eabi/lib/thumb/v7-ar/fpv3/hard/libg.a(lib_a-svfprintf.o) (_dtoa_r)
/usr/lib/gcc/arm-none-eabi/7.4.0/../../../../arm-none-eabi/lib/thumb/v7-ar/fpv3/hard/libg.a(lib_a-localeconv.o)
                              /usr/lib/gcc/arm-none-eabi/7.4.0/../../../../arm-none-eabi/lib/thumb/v7-ar/fpv3/hard/libg.a(lib_a-svfprintf.o) (_localeconv_r)
/usr/lib/gcc/arm-none-eabi/7.4.0/../../../../arm-none-eabi/lib/thumb/v7-ar/fpv3/hard/libg.a(lib_a-lock.o)
                              /usr/lib/gcc/arm-none-eabi/7.4.0/../../../../arm-none-eabi/lib/thumb/v7-ar/fpv3/hard/libg.a(lib_a-__atexit.o) (__retarget_lock_acquire_recursive)
/usr/lib/gcc/arm-none-eabi/7.4.0/../../../../arm-none-eabi/lib/thumb/v7-ar/fpv3/hard/libg.a(lib_a-mallocr.o)
                              /usr/lib/gcc/arm-none-eabi/7.4.0/../../../../arm-none-eabi/lib/thumb/v7-ar/fpv3/hard/libg.a(lib_a-svfprintf.o) (_malloc_r)
/usr/lib/gcc/arm-none-eabi/7.4.0/../../../../arm-none-eabi/lib/thumb/v7-ar/fpv3/hard/libg.a(lib_a-memchr-stub.o)
                              /usr/lib/gcc/arm-none-eabi/7.4.0/../../../../arm-none-eabi/lib/thumb/v7-ar/fpv3/hard/libg.a(lib_a-svfprintf.o) (memchr)
/usr/lib/gcc/arm-none-eabi/7.4.0/../../../../arm-none-eabi/lib/thumb/v7-ar/fpv3/hard/libg.a(lib_a-mlock.o)
                              /usr/lib/gcc/arm-none-eabi/7.4.0/../../../../arm-none-eabi/lib/thumb/v7-ar/fpv3/hard/libg.a(lib_a-mallocr.o) (__malloc_lock)
[...]
Memory Configuration

Name             Origin             Length             Attributes
*default*        0x0000000000000000 0xffffffffffffffff

Linker script and memory map

LOAD /usr/lib/gcc/arm-none-eabi/7.4.0/thumb/v7-ar/fpv3/hard/crti.o
LOAD /usr/lib/gcc/arm-none-eabi/7.4.0/thumb/v7-ar/fpv3/hard/crtbegin.o
LOAD /usr/lib/gcc/arm-none-eabi/7.4.0/../../../../arm-none-eabi/lib/thumb/v7-ar/fpv3/hard/crt0.o
LOAD ./source/portable/port.o
LOAD ./source/portable/portASM.o
LOAD ./source/platform/macuart.o
LOAD ./source/lib/print.o
LOAD ./source/lib/printformat.o
LOAD ./source/kernel/croutine.o
LOAD ./source/kernel/head.o
LOAD ./source/kernel/heap_5.o
LOAD ./source/kernel/hyp_entry.o
LOAD ./source/kernel/init.o
LOAD ./source/kernel/list.o
LOAD ./source/kernel/queue.o
LOAD ./source/kernel/svc_entry.o
LOAD ./source/kernel/tasks.o
LOAD ./source/kernel/timers.o
LOAD ./source/bsp/vectors.o
LOAD ./source/bsp/xil_assert.o
LOAD ./source/bsp/xil_exception.o
LOAD ./source/bsp/xscugic.o
LOAD ./source/bsp/xscugic_g.o
LOAD ./source/bsp/xscugic_sinit.o
LOAD ./source/bsp/xscuwdt.o
LOAD ./source/bsp/xscuwdt_g.o
LOAD ./source/bsp/xscuwdt_sinit.o
START GROUP
LOAD /usr/lib/gcc/arm-none-eabi/7.4.0/thumb/v7-ar/fpv3/hard/libgcc.a
LOAD /usr/lib/gcc/arm-none-eabi/7.4.0/../../../../arm-none-eabi/lib/thumb/v7-ar/fpv3/hard/libg.a
LOAD /usr/lib/gcc/arm-none-eabi/7.4.0/../../../../arm-none-eabi/lib/thumb/v7-ar/fpv3/hard/libc.a
END GROUP
LOAD /usr/lib/gcc/arm-none-eabi/7.4.0/thumb/v7-ar/fpv3/hard/crtend.o
LOAD /usr/lib/gcc/arm-none-eabi/7.4.0/thumb/v7-ar/fpv3/hard/crtn.o
TARGET(binary)
                0x0000000080010000                . = 0x80010000

.init           0x0000000080010000       0x40
 *(.init)
 .init          0x0000000080010000        0x4 /usr/lib/gcc/arm-none-eabi/7.4.0/thumb/v7-ar/fpv3/hard/crti.o
                0x0000000080010000                _init
 .init          0x0000000080010004       0x3c ./source/kernel/head.o
                0x0000000080010004                _start_
 *(.init.*)

.text           0x0000000080010100      0x2cc
 *(.text)
 .text          0x0000000080010100      0x150 ./source/kernel/hyp_entry.o
                0x0000000080010100                _hvc_vector
 *fill*         0x0000000080010250       0xb0 
 .text          0x0000000080010300       0xcc ./source/kernel/svc_entry.o
                0x0000000080010300                _svc_vector

.glue_7         0x00000000800103cc        0x0
 .glue_7        0x00000000800103cc        0x0 linker stubs

.glue_7t        0x00000000800103cc        0x0
 .glue_7t       0x00000000800103cc        0x0 linker stubs

.vfp11_veneer   0x00000000800103cc        0x0
 .vfp11_veneer  0x00000000800103cc        0x0 linker stubs

.v4_bx          0x00000000800103cc        0x0
 .v4_bx         0x00000000800103cc        0x0 linker stubs

.fini           0x00000000800103cc        0x4
 .fini          0x00000000800103cc        0x4 /usr/lib/gcc/arm-none-eabi/7.4.0/thumb/v7-ar/fpv3/hard/crti.o
                0x00000000800103cc                _fini

.text.vPortEnterCritical
                0x00000000800103d0       0x68
 .text.vPortEnterCritical
                0x00000000800103d0       0x68 ./source/portable/port.o
                0x00000000800103d0                vPortEnterCritical

.text.vPortExitCritical
                0x0000000080010438       0x8c
 .text.vPortExitCritical
                0x0000000080010438       0x8c ./source/portable/port.o
                0x0000000080010438                vPortExitCritical

.text.ulPortSetInterruptMask
                0x00000000800104c4       0x78
 .text.ulPortSetInterruptMask
                0x00000000800104c4       0x78 ./source/portable/port.o
                0x00000000800104c4                ulPortSetInterruptMask

.iplt           0x000000008001053c        0x0
 .iplt          0x000000008001053c        0x0 ./source/portable/port.o

.text.uart_send
                0x000000008001053c       0x54
 .text.uart_send
                0x000000008001053c       0x54 ./source/platform/macuart.o
                0x000000008001053c                uart_send

.text.printString
                0x0000000080010590       0x4c
 .text.printString
                0x0000000080010590       0x4c ./source/lib/print.o
                0x0000000080010590                printString

.text.udivide   0x00000000800105dc       0xa4
 .text.udivide  0x00000000800105dc       0xa4 ./source/lib/printformat.o

.text.print_spaces
                0x0000000080010680       0x50
 .text.print_spaces
                0x0000000080010680       0x50 ./source/lib/printformat.o

.text.print_string
                0x00000000800106d0       0x64
 .text.print_string
                0x00000000800106d0       0x64 ./source/lib/printformat.o

.text.xdiv      0x0000000080010734       0x58
 .text.xdiv     0x0000000080010734       0x58 ./source/lib/printformat.o

.text.xmod      0x000000008001078c       0x68
 .text.xmod     0x000000008001078c       0x68 ./source/lib/printformat.o

.text.print_unsigned_long
                0x00000000800107f4      0x144
 .text.print_unsigned_long
                0x00000000800107f4      0x144 ./source/lib/printformat.o

.text.print_unsigned_long_long
                0x0000000080010938      0x110
 .text.print_unsigned_long_long
                0x0000000080010938      0x110 ./source/lib/printformat.o

.text.isdigit   0x0000000080010a48       0x50
 .text.isdigit  0x0000000080010a48       0x50 ./source/lib/printformat.o

.text.atoi      0x0000000080010a98       0x2c
 .text.atoi     0x0000000080010a98       0x2c ./source/lib/printformat.o

.text.vprintf   0x0000000080010ac4      0x548
 .text.vprintf  0x0000000080010ac4      0x548 ./source/lib/printformat.o

.text.kprintf   0x000000008001100c       0x44
 .text.kprintf  0x000000008001100c       0x44 ./source/lib/printformat.o
                0x000000008001100c                kprintf

.text.vAssertCalled
                0x0000000080011050       0x44
 .text.vAssertCalled
                0x0000000080011050       0x44 ./source/kernel/init.o
                0x0000000080011050                vAssertCalled

.text.main      0x0000000080011094       0x30
 .text.main     0x0000000080011094       0x30 ./source/kernel/init.o
                0x0000000080011094                main

.text.prvSetupHardware
                0x00000000800110c4       0xd0
 .text.prvSetupHardware
                0x00000000800110c4       0xd0 ./source/kernel/init.o

.text.FIQInterrupt
                0x0000000080011194       0x18
 .text.FIQInterrupt
                0x0000000080011194       0x18 ./source/bsp/vectors.o
                0x0000000080011194                FIQInterrupt

.text.IRQInterrupt
                0x00000000800111ac       0x30
 .text.IRQInterrupt
                0x00000000800111ac       0x30 ./source/bsp/vectors.o
                0x00000000800111ac                IRQInterrupt

.text.UndefinedException
                0x00000000800111dc       0x30
 .text.UndefinedException
                0x00000000800111dc       0x30 ./source/bsp/vectors.o
                0x00000000800111dc                UndefinedException

.text.SWInterrupt
                0x000000008001120c       0x30
 .text.SWInterrupt
                0x000000008001120c       0x30 ./source/bsp/vectors.o
                0x000000008001120c                SWInterrupt

.text.DataAbortInterrupt
                0x000000008001123c       0x18
 .text.DataAbortInterrupt
                0x000000008001123c       0x18 ./source/bsp/vectors.o
                0x000000008001123c                DataAbortInterrupt

.text.PrefetchAbortInterrupt
                0x0000000080011254       0x18
 .text.PrefetchAbortInterrupt
                0x0000000080011254       0x18 ./source/bsp/vectors.o
                0x0000000080011254                PrefetchAbortInterrupt

.text.Xil_Assert
                0x000000008001126c       0x64
 .text.Xil_Assert
                0x000000008001126c       0x64 ./source/bsp/xil_assert.o
                0x000000008001126c                Xil_Assert

.text.Xil_ExceptionNullHandler
                0x00000000800112d0       0x14
 .text.Xil_ExceptionNullHandler
                0x00000000800112d0       0x14 ./source/bsp/xil_exception.o

.text.Xil_DataAbortHandler
                0x00000000800112e4       0x14
 .text.Xil_DataAbortHandler
                0x00000000800112e4       0x14 ./source/bsp/xil_exception.o
                0x00000000800112e4                Xil_DataAbortHandler

.text.Xil_PrefetchAbortHandler
                0x00000000800112f8       0x14
 .text.Xil_PrefetchAbortHandler
                0x00000000800112f8       0x14 ./source/bsp/xil_exception.o
                0x00000000800112f8                Xil_PrefetchAbortHandler

.text.Xil_UndefinedExceptionHandler
                0x000000008001130c       0x14
 .text.Xil_UndefinedExceptionHandler
                0x000000008001130c       0x14 ./source/bsp/xil_exception.o
                0x000000008001130c                Xil_UndefinedExceptionHandler

.text.Xil_In32  0x0000000080011320       0x28
 .text.Xil_In32
                0x0000000080011320       0x28 ./source/bsp/xscugic.o

.text.Xil_Out32
                0x0000000080011348       0x38
 .text.Xil_Out32
                0x0000000080011348       0x38 ./source/bsp/xscugic.o

.text.DoDistributorInit
                0x0000000080011380      0x1bc
 .text.DoDistributorInit
                0x0000000080011380      0x1bc ./source/bsp/xscugic.o

.text.DistributorInit
                0x000000008001153c      0x148
 .text.DistributorInit
                0x000000008001153c      0x148 ./source/bsp/xscugic.o

.text.CPUInitialize
                0x0000000080011684       0x50
 .text.CPUInitialize
                0x0000000080011684       0x50 ./source/bsp/xscugic.o

.text.XScuGic_CfgInitialize
                0x00000000800116d4      0x1b4
 .text.XScuGic_CfgInitialize
                0x00000000800116d4      0x1b4 ./source/bsp/xscugic.o
                0x00000000800116d4                XScuGic_CfgInitialize

.text.StubHandler
                0x0000000080011888       0x70
 .text.StubHandler
                0x0000000080011888       0x70 ./source/bsp/xscugic.o

.text.XScuGic_Stop
                0x00000000800118f8      0x1ec
 .text.XScuGic_Stop
                0x00000000800118f8      0x1ec ./source/bsp/xscugic.o
                0x00000000800118f8                XScuGic_Stop

.text.XScuGic_LookupConfig
                0x0000000080011ae4       0x9c
 .text.XScuGic_LookupConfig
                0x0000000080011ae4       0x9c ./source/bsp/xscugic_sinit.o
                0x0000000080011ae4                XScuGic_LookupConfig

.rodata         0x0000000080011b80       0xa4
 .rodata        0x0000000080011b80       0x1a ./source/portable/port.o
 *fill*         0x0000000080011b9a        0x2 
 .rodata        0x0000000080011b9c        0xb ./source/lib/printformat.o
 *fill*         0x0000000080011ba7        0x1 
 .rodata        0x0000000080011ba8       0x64 ./source/kernel/init.o
 .rodata        0x0000000080011c0c       0x18 ./source/bsp/xscugic.o

.rel.dyn        0x0000000080011c24        0x0
 .rel.iplt      0x0000000080011c24        0x0 ./source/portable/port.o

.data
 *(.data)

.data.ulCriticalNesting
                0x0000000080011c24        0x4
 .data.ulCriticalNesting
                0x0000000080011c24        0x4 ./source/portable/port.o
                0x0000000080011c24                ulCriticalNesting

.igot.plt       0x0000000080011c28        0x0
 .igot.plt      0x0000000080011c28        0x0 ./source/portable/port.o

.data.Xil_AssertWait
                0x0000000080011c28        0x4
 .data.Xil_AssertWait
                0x0000000080011c28        0x4 ./source/bsp/xil_assert.o
                0x0000000080011c28                Xil_AssertWait

.data.XExc_VectorTable
                0x0000000080011c2c       0x38
 .data.XExc_VectorTable
                0x0000000080011c2c       0x38 ./source/bsp/xil_exception.o
                0x0000000080011c2c                XExc_VectorTable

.data.XScuGic_ConfigTable
                0x0000000080011c64      0x624
 .data.XScuGic_ConfigTable
                0x0000000080011c64      0x624 ./source/bsp/xscugic_g.o
                0x0000000080011c64                XScuGic_ConfigTable

.bss            0x0000000080012288       0x2c
 *(.bss)
 COMMON         0x0000000080012288       0x1c ./source/kernel/init.o
                0x0000000080012288                xWatchDogInstance
                0x0000000080012298                xInterruptController
 COMMON         0x00000000800122a4        0x4 ./source/bsp/xil_assert.o
                0x00000000800122a4                Xil_AssertStatus
 COMMON         0x00000000800122a8        0xc ./source/bsp/xil_exception.o
                0x00000000800122a8                UndefinedExceptionAddr
                0x00000000800122ac                PrefetchAbortAddr
                0x00000000800122b0                DataAbortAddr
                0x0000000080013000                . = ALIGN (0x1000)
                0x0000000080013000                _stack_start = .
                0x0000000080053000                _stack_end = (_stack_start + 0x40000)
OUTPUT(fros-1.elf elf32-littlearm)

.bss.ulPortInterruptNesting
                0x0000000080013000        0x4
 .bss.ulPortInterruptNesting
                0x0000000080013000        0x4 ./source/portable/port.o
                0x0000000080013000                ulPortInterruptNesting

.bss.Xil_AssertCallbackRoutine
                0x0000000080013004        0x4
 .bss.Xil_AssertCallbackRoutine
                0x0000000080013004        0x4 ./source/bsp/xil_assert.o

.bss.CpuId      0x0000000080013008        0x4
 .bss.CpuId     0x0000000080013008        0x4 ./source/bsp/xscugic.o

.ARM.attributes
                0x0000000000000000       0x33
 .ARM.attributes
                0x0000000000000000       0x1b /usr/lib/gcc/arm-none-eabi/7.4.0/thumb/v7-ar/fpv3/hard/crti.o
 .ARM.attributes
                0x000000000000001b       0x33 ./source/portable/port.o
 .ARM.attributes
                0x000000000000004e       0x33 ./source/platform/macuart.o
 .ARM.attributes
                0x0000000000000081       0x33 ./source/lib/print.o
 .ARM.attributes
                0x00000000000000b4       0x33 ./source/lib/printformat.o
 .ARM.attributes
                0x00000000000000e7       0x2b ./source/kernel/head.o
 .ARM.attributes
                0x0000000000000112       0x2b ./source/kernel/hyp_entry.o
 .ARM.attributes
                0x000000000000013d       0x33 ./source/kernel/init.o
 .ARM.attributes
                0x0000000000000170       0x2b ./source/kernel/svc_entry.o
 .ARM.attributes
                0x000000000000019b       0x33 ./source/bsp/vectors.o
 .ARM.attributes
                0x00000000000001ce       0x33 ./source/bsp/xil_assert.o
 .ARM.attributes
                0x0000000000000201       0x33 ./source/bsp/xil_exception.o
 .ARM.attributes
                0x0000000000000234       0x33 ./source/bsp/xscugic.o
 .ARM.attributes
                0x0000000000000267       0x33 ./source/bsp/xscugic_g.o
 .ARM.attributes
                0x000000000000029a       0x33 ./source/bsp/xscugic_sinit.o

.comment        0x0000000000000000       0x21
 .comment       0x0000000000000000       0x21 ./source/portable/port.o
                                         0x22 (size before relaxing)
 .comment       0x0000000000000021       0x22 ./source/platform/macuart.o
 .comment       0x0000000000000021       0x22 ./source/lib/print.o
 .comment       0x0000000000000021       0x22 ./source/lib/printformat.o
 .comment       0x0000000000000021       0x22 ./source/kernel/init.o
 .comment       0x0000000000000021       0x22 ./source/bsp/vectors.o
 .comment       0x0000000000000021       0x22 ./source/bsp/xil_assert.o
 .comment       0x0000000000000021       0x22 ./source/bsp/xil_exception.o
 .comment       0x0000000000000021       0x22 ./source/bsp/xscugic.o
 .comment       0x0000000000000021       0x22 ./source/bsp/xscugic_g.o
 .comment       0x0000000000000021       0x22 ./source/bsp/xscugic_sinit.o

.debug_info     0x0000000000000000     0x4c41
 .debug_info    0x0000000000000000      0xc1a ./source/portable/port.o
 .debug_info    0x0000000000000c1a       0xc5 ./source/platform/macuart.o
 .debug_info    0x0000000000000cdf       0x7e ./source/lib/print.o
 .debug_info    0x0000000000000d5d      0x42d ./source/lib/printformat.o
 .debug_info    0x000000000000118a       0x26 ./source/kernel/head.o
 .debug_info    0x00000000000011b0       0x26 ./source/kernel/hyp_entry.o
 .debug_info    0x00000000000011d6      0xfa4 ./source/kernel/init.o
 .debug_info    0x000000000000217a       0x26 ./source/kernel/svc_entry.o
 .debug_info    0x00000000000021a0      0x19c ./source/bsp/vectors.o
 .debug_info    0x000000000000233c      0x1b0 ./source/bsp/xil_assert.o
 .debug_info    0x00000000000024ec      0x286 ./source/bsp/xil_exception.o
 .debug_info    0x0000000000002772     0x1052 ./source/bsp/xscugic.o
 .debug_info    0x00000000000037c4      0xa52 ./source/bsp/xscugic_g.o
 .debug_info    0x0000000000004216      0xa2b ./source/bsp/xscugic_sinit.o

.debug_abbrev   0x0000000000000000     0x11ea
 .debug_abbrev  0x0000000000000000      0x2be ./source/portable/port.o
 .debug_abbrev  0x00000000000002be       0xa9 ./source/platform/macuart.o
 .debug_abbrev  0x0000000000000367       0x85 ./source/lib/print.o
 .debug_abbrev  0x00000000000003ec      0x183 ./source/lib/printformat.o
 .debug_abbrev  0x000000000000056f       0x14 ./source/kernel/head.o
 .debug_abbrev  0x0000000000000583       0x14 ./source/kernel/hyp_entry.o
 .debug_abbrev  0x0000000000000597      0x2e8 ./source/kernel/init.o
 .debug_abbrev  0x000000000000087f       0x14 ./source/kernel/svc_entry.o
 .debug_abbrev  0x0000000000000893       0xd2 ./source/bsp/vectors.o
 .debug_abbrev  0x0000000000000965       0xdc ./source/bsp/xil_assert.o
 .debug_abbrev  0x0000000000000a41      0x15e ./source/bsp/xil_exception.o
 .debug_abbrev  0x0000000000000b9f      0x2a4 ./source/bsp/xscugic.o
 .debug_abbrev  0x0000000000000e43      0x1be ./source/bsp/xscugic_g.o
 .debug_abbrev  0x0000000000001001      0x1e9 ./source/bsp/xscugic_sinit.o

.debug_aranges  0x0000000000000000      0x3d8
 .debug_aranges
                0x0000000000000000       0x70 ./source/portable/port.o
 .debug_aranges
                0x0000000000000070       0x38 ./source/platform/macuart.o
 .debug_aranges
                0x00000000000000a8       0x20 ./source/lib/print.o
 .debug_aranges
                0x00000000000000c8       0x78 ./source/lib/printformat.o
 .debug_aranges
                0x0000000000000140       0x20 ./source/kernel/head.o
 .debug_aranges
                0x0000000000000160       0x20 ./source/kernel/hyp_entry.o
 .debug_aranges
                0x0000000000000180       0x80 ./source/kernel/init.o
 .debug_aranges
                0x0000000000000200       0x20 ./source/kernel/svc_entry.o
 .debug_aranges
                0x0000000000000220       0x48 ./source/bsp/vectors.o
 .debug_aranges
                0x0000000000000268       0x30 ./source/bsp/xil_assert.o
 .debug_aranges
                0x0000000000000298       0x50 ./source/bsp/xil_exception.o
 .debug_aranges
                0x00000000000002e8       0xb8 ./source/bsp/xscugic.o
 .debug_aranges
                0x00000000000003a0       0x18 ./source/bsp/xscugic_g.o
 .debug_aranges
                0x00000000000003b8       0x20 ./source/bsp/xscugic_sinit.o

.debug_ranges   0x0000000000000000      0x2c0
 .debug_ranges  0x0000000000000000       0x60 ./source/portable/port.o
 .debug_ranges  0x0000000000000060       0x28 ./source/platform/macuart.o
 .debug_ranges  0x0000000000000088       0x10 ./source/lib/print.o
 .debug_ranges  0x0000000000000098       0x68 ./source/lib/printformat.o
 .debug_ranges  0x0000000000000100       0x70 ./source/kernel/init.o
 .debug_ranges  0x0000000000000170       0x38 ./source/bsp/vectors.o
 .debug_ranges  0x00000000000001a8       0x20 ./source/bsp/xil_assert.o
 .debug_ranges  0x00000000000001c8       0x40 ./source/bsp/xil_exception.o
 .debug_ranges  0x0000000000000208       0xa8 ./source/bsp/xscugic.o
 .debug_ranges  0x00000000000002b0       0x10 ./source/bsp/xscugic_sinit.o

.debug_macro    0x0000000000000000     0x5879
 .debug_macro   0x0000000000000000      0x2f5 ./source/portable/port.o
 .debug_macro   0x00000000000002f5      0xa54 ./source/portable/port.o
 .debug_macro   0x0000000000000d49       0x17 ./source/portable/port.o
 .debug_macro   0x0000000000000d60       0x22 ./source/portable/port.o
 .debug_macro   0x0000000000000d82       0x52 ./source/portable/port.o
 .debug_macro   0x0000000000000dd4       0x94 ./source/portable/port.o
 .debug_macro   0x0000000000000e68       0x35 ./source/portable/port.o
 .debug_macro   0x0000000000000e9d       0x34 ./source/portable/port.o
 .debug_macro   0x0000000000000ed1       0x16 ./source/portable/port.o
 .debug_macro   0x0000000000000ee7      0x10e ./source/portable/port.o
 .debug_macro   0x0000000000000ff5       0x8d ./source/portable/port.o
 .debug_macro   0x0000000000001082       0x57 ./source/portable/port.o
 .debug_macro   0x00000000000010d9       0x58 ./source/portable/port.o
 .debug_macro   0x0000000000001131       0x1f ./source/portable/port.o
 .debug_macro   0x0000000000001150       0x43 ./source/portable/port.o
 .debug_macro   0x0000000000001193       0x20 ./source/portable/port.o
 .debug_macro   0x00000000000011b3      0x18e ./source/portable/port.o
 .debug_macro   0x0000000000001341      0x339 ./source/portable/port.o
 .debug_macro   0x000000000000167a       0x16 ./source/portable/port.o
 .debug_macro   0x0000000000001690       0x29 ./source/portable/port.o
 .debug_macro   0x00000000000016b9       0xef ./source/portable/port.o
 .debug_macro   0x00000000000017a8       0x6a ./source/portable/port.o
 .debug_macro   0x0000000000001812      0x1df ./source/portable/port.o
 .debug_macro   0x00000000000019f1       0x1c ./source/portable/port.o
 .debug_macro   0x0000000000001a0d      0x58a ./source/portable/port.o
 .debug_macro   0x0000000000001f97      0x5c4 ./source/portable/port.o
 .debug_macro   0x000000000000255b      0x122 ./source/portable/port.o
 .debug_macro   0x000000000000267d       0x4a ./source/portable/port.o
 .debug_macro   0x00000000000026c7       0x31 ./source/portable/port.o
 .debug_macro   0x00000000000026f8      0x400 ./source/portable/port.o
 .debug_macro   0x0000000000002af8      0x119 ./source/portable/port.o
 .debug_macro   0x0000000000002c11       0x16 ./source/portable/port.o
 .debug_macro   0x0000000000002c27       0x35 ./source/portable/port.o
 .debug_macro   0x0000000000002c5c       0x58 ./source/portable/port.o
 .debug_macro   0x0000000000002cb4       0x10 ./source/portable/port.o
 .debug_macro   0x0000000000002cc4      0x696 ./source/portable/port.o
 .debug_macro   0x000000000000335a       0x93 ./source/portable/port.o
 .debug_macro   0x00000000000033ed       0x54 ./source/portable/port.o
 .debug_macro   0x0000000000003441       0x74 ./source/portable/port.o
 .debug_macro   0x00000000000034b5       0x43 ./source/portable/port.o
 .debug_macro   0x00000000000034f8       0xcf ./source/portable/port.o
 .debug_macro   0x00000000000035c7      0x15a ./source/portable/port.o
 .debug_macro   0x0000000000003721      0x143 ./source/portable/port.o
 .debug_macro   0x0000000000003864       0x1c ./source/portable/port.o
 .debug_macro   0x0000000000003880       0x26 ./source/portable/port.o
 .debug_macro   0x00000000000038a6      0x486 ./source/portable/port.o
 .debug_macro   0x0000000000003d2c       0xb5 ./source/portable/port.o
 .debug_macro   0x0000000000003de1       0xaa ./source/portable/port.o
 .debug_macro   0x0000000000003e8b      0x250 ./source/platform/macuart.o
 .debug_macro   0x00000000000040db       0x11 ./source/lib/print.o
 .debug_macro   0x00000000000040ec       0x3c ./source/lib/printformat.o
 .debug_macro   0x0000000000004128       0x16 ./source/lib/printformat.o
 .debug_macro   0x000000000000413e       0x64 ./source/lib/printformat.o
 .debug_macro   0x00000000000041a2       0x1c ./source/lib/printformat.o
 .debug_macro   0x00000000000041be      0x2c3 ./source/kernel/init.o
 .debug_macro   0x0000000000004481       0x10 ./source/kernel/init.o
 .debug_macro   0x0000000000004491       0x5e ./source/kernel/init.o
 .debug_macro   0x00000000000044ef       0x87 ./source/kernel/init.o
 .debug_macro   0x0000000000004576      0x10c ./source/kernel/init.o
 .debug_macro   0x0000000000004682       0x81 ./source/kernel/init.o
 .debug_macro   0x0000000000004703      0x2a4 ./source/kernel/init.o
 .debug_macro   0x00000000000049a7       0x35 ./source/kernel/init.o
 .debug_macro   0x00000000000049dc       0xb9 ./source/bsp/vectors.o
 .debug_macro   0x0000000000004a95       0x7b ./source/bsp/vectors.o
 .debug_macro   0x0000000000004b10       0x37 ./source/bsp/vectors.o
 .debug_macro   0x0000000000004b47       0x8e ./source/bsp/xil_assert.o
 .debug_macro   0x0000000000004bd5       0xc6 ./source/bsp/xil_exception.o
 .debug_macro   0x0000000000004c9b       0x16 ./source/bsp/xil_exception.o
 .debug_macro   0x0000000000004cb1      0x201 ./source/bsp/xscugic.o
 .debug_macro   0x0000000000004eb2      0x406 ./source/bsp/xscugic.o
 .debug_macro   0x00000000000052b8      0x227 ./source/bsp/xscugic_g.o
 .debug_macro   0x00000000000054df      0x128 ./source/bsp/xscugic_g.o
 .debug_macro   0x0000000000005607       0x7a ./source/bsp/xscugic_g.o
 .debug_macro   0x0000000000005681      0x1f8 ./source/bsp/xscugic_sinit.o

.debug_line     0x0000000000000000     0x26f8
 .debug_line    0x0000000000000000      0x566 ./source/portable/port.o
 .debug_line    0x0000000000000566       0xe7 ./source/platform/macuart.o
 .debug_line    0x000000000000064d       0x48 ./source/lib/print.o
 .debug_line    0x0000000000000695      0x2e8 ./source/lib/printformat.o
 .debug_line    0x000000000000097d       0x59 ./source/kernel/head.o
 .debug_line    0x00000000000009d6       0x78 ./source/kernel/hyp_entry.o
 .debug_line    0x0000000000000a4e      0x611 ./source/kernel/init.o
 .debug_line    0x000000000000105f       0x8a ./source/kernel/svc_entry.o
 .debug_line    0x00000000000010e9      0x243 ./source/bsp/vectors.o
 .debug_line    0x000000000000132c      0x1c2 ./source/bsp/xil_assert.o
 .debug_line    0x00000000000014ee      0x26e ./source/bsp/xil_exception.o
 .debug_line    0x000000000000175c      0x8ed ./source/bsp/xscugic.o
 .debug_line    0x0000000000002049      0x35c ./source/bsp/xscugic_g.o
 .debug_line    0x00000000000023a5      0x353 ./source/bsp/xscugic_sinit.o

.debug_str      0x0000000000000000    0x17b03
 .debug_str     0x0000000000000000    0x13efb ./source/portable/port.o
                                      0x141b9 (size before relaxing)
 .debug_str     0x0000000000013efb      0xdb6 ./source/platform/macuart.o
                                       0x3a52 (size before relaxing)
 .debug_str     0x0000000000014cb1       0x22 ./source/lib/print.o
                                       0x2cac (size before relaxing)
 .debug_str     0x0000000000014cd3      0x2e2 ./source/lib/printformat.o
                                       0x3099 (size before relaxing)
 .debug_str     0x0000000000014fb5       0x24 ./source/kernel/head.o
                                         0x4d (size before relaxing)
 .debug_str     0x0000000000014fd9       0x1d ./source/kernel/hyp_entry.o
                                         0x52 (size before relaxing)
 .debug_str     0x0000000000014ff6     0x25c7 ./source/kernel/init.o
                                      0x162d0 (size before relaxing)
 .debug_str     0x00000000000175bd       0x1d ./source/kernel/svc_entry.o
                                         0x52 (size before relaxing)
 .debug_str     0x00000000000175da       0xc9 ./source/bsp/vectors.o
                                       0x713d (size before relaxing)
 .debug_str     0x00000000000176a3       0x8a ./source/bsp/xil_assert.o
                                       0x432f (size before relaxing)
 .debug_str     0x000000000001772d      0x142 ./source/bsp/xil_exception.o
                                       0x7203 (size before relaxing)
 .debug_str     0x000000000001786f      0x226 ./source/bsp/xscugic.o
                                      0x10623 (size before relaxing)
 .debug_str     0x0000000000017a95       0x2e ./source/bsp/xscugic_g.o
                                      0x116ac (size before relaxing)
 .debug_str     0x0000000000017ac3       0x40 ./source/bsp/xscugic_sinit.o
                                      0x103aa (size before relaxing)

.debug_frame    0x0000000000000000      0xa38
 .debug_frame   0x0000000000000000      0x160 ./source/portable/port.o
 .debug_frame   0x0000000000000160       0x8c ./source/platform/macuart.o
 .debug_frame   0x00000000000001ec       0x30 ./source/lib/print.o
 .debug_frame   0x000000000000021c      0x1ac ./source/lib/printformat.o
 .debug_frame   0x00000000000003c8      0x1a4 ./source/kernel/init.o
 .debug_frame   0x000000000000056c       0xc4 ./source/bsp/vectors.o
 .debug_frame   0x0000000000000630       0x70 ./source/bsp/xil_assert.o
 .debug_frame   0x00000000000006a0       0xd0 ./source/bsp/xil_exception.o
 .debug_frame   0x0000000000000770      0x298 ./source/bsp/xscugic.o
 .debug_frame   0x0000000000000a08       0x30 ./source/bsp/xscugic_sinit.o
