Archive member included to satisfy reference by file (symbol)

/usr/lib/gcc/arm-none-eabi/7.4.0/thumb/v7-ar/fpv3/hard/libgcc.a(_udivsi3.o)
                              ./source/bsp/xgpiops.o (__aeabi_uidivmod)
/usr/lib/gcc/arm-none-eabi/7.4.0/thumb/v7-ar/fpv3/hard/libgcc.a(_dvmd_tls.o)
                              /usr/lib/gcc/arm-none-eabi/7.4.0/thumb/v7-ar/fpv3/hard/libgcc.a(_udivsi3.o) (__aeabi_idiv0)
/usr/lib/gcc/arm-none-eabi/7.4.0/../../../../arm-none-eabi/lib/thumb/v7-ar/fpv3/hard/libg.a(lib_a-atexit.o)
                              /usr/lib/gcc/arm-none-eabi/7.4.0/../../../../arm-none-eabi/lib/thumb/v7-ar/fpv3/hard/crt0.o (atexit)
/usr/lib/gcc/arm-none-eabi/7.4.0/../../../../arm-none-eabi/lib/thumb/v7-ar/fpv3/hard/libg.a(lib_a-exit.o)
                              /usr/lib/gcc/arm-none-eabi/7.4.0/../../../../arm-none-eabi/lib/thumb/v7-ar/fpv3/hard/crt0.o (exit)
/usr/lib/gcc/arm-none-eabi/7.4.0/../../../../arm-none-eabi/lib/thumb/v7-ar/fpv3/hard/libg.a(lib_a-fini.o)
                              /usr/lib/gcc/arm-none-eabi/7.4.0/../../../../arm-none-eabi/lib/thumb/v7-ar/fpv3/hard/crt0.o (__libc_fini_array)
/usr/lib/gcc/arm-none-eabi/7.4.0/../../../../arm-none-eabi/lib/thumb/v7-ar/fpv3/hard/libg.a(lib_a-impure.o)
                              /usr/lib/gcc/arm-none-eabi/7.4.0/../../../../arm-none-eabi/lib/thumb/v7-ar/fpv3/hard/libg.a(lib_a-exit.o) (_global_impure_ptr)
/usr/lib/gcc/arm-none-eabi/7.4.0/../../../../arm-none-eabi/lib/thumb/v7-ar/fpv3/hard/libg.a(lib_a-init.o)
                              /usr/lib/gcc/arm-none-eabi/7.4.0/../../../../arm-none-eabi/lib/thumb/v7-ar/fpv3/hard/crt0.o (__libc_init_array)
/usr/lib/gcc/arm-none-eabi/7.4.0/../../../../arm-none-eabi/lib/thumb/v7-ar/fpv3/hard/libg.a(lib_a-memcpy.o)
                              ./source/kernel/queue.o (memcpy)
/usr/lib/gcc/arm-none-eabi/7.4.0/../../../../arm-none-eabi/lib/thumb/v7-ar/fpv3/hard/libg.a(lib_a-memset.o)
                              /usr/lib/gcc/arm-none-eabi/7.4.0/../../../../arm-none-eabi/lib/thumb/v7-ar/fpv3/hard/crt0.o (memset)
/usr/lib/gcc/arm-none-eabi/7.4.0/../../../../arm-none-eabi/lib/thumb/v7-ar/fpv3/hard/libg.a(lib_a-sprintf.o)
                              ./source/kernel/tasks.o (sprintf)
/usr/lib/gcc/arm-none-eabi/7.4.0/../../../../arm-none-eabi/lib/thumb/v7-ar/fpv3/hard/libg.a(lib_a-strcpy.o)
                              ./source/kernel/tasks.o (strcpy)
/usr/lib/gcc/arm-none-eabi/7.4.0/../../../../arm-none-eabi/lib/thumb/v7-ar/fpv3/hard/libg.a(lib_a-strlen-stub.o)
                              ./source/kernel/tasks.o (strlen)
/usr/lib/gcc/arm-none-eabi/7.4.0/../../../../arm-none-eabi/lib/thumb/v7-ar/fpv3/hard/libg.a(lib_a-svfprintf.o)
                              /usr/lib/gcc/arm-none-eabi/7.4.0/../../../../arm-none-eabi/lib/thumb/v7-ar/fpv3/hard/libg.a(lib_a-sprintf.o) (_svfprintf_r)
/usr/lib/gcc/arm-none-eabi/7.4.0/../../../../arm-none-eabi/lib/thumb/v7-ar/fpv3/hard/libg.a(lib_a-__atexit.o)
                              /usr/lib/gcc/arm-none-eabi/7.4.0/../../../../arm-none-eabi/lib/thumb/v7-ar/fpv3/hard/libg.a(lib_a-atexit.o) (__register_exitproc)
/usr/lib/gcc/arm-none-eabi/7.4.0/../../../../arm-none-eabi/lib/thumb/v7-ar/fpv3/hard/libg.a(lib_a-__call_atexit.o)
                              /usr/lib/gcc/arm-none-eabi/7.4.0/../../../../arm-none-eabi/lib/thumb/v7-ar/fpv3/hard/libg.a(lib_a-exit.o) (__call_exitprocs)
/usr/lib/gcc/arm-none-eabi/7.4.0/../../../../arm-none-eabi/lib/thumb/v7-ar/fpv3/hard/libg.a(lib_a-dtoa.o)
                              /usr/lib/gcc/arm-none-eabi/7.4.0/../../../../arm-none-eabi/lib/thumb/v7-ar/fpv3/hard/libg.a(lib_a-svfprintf.o) (_dtoa_r)
/usr/lib/gcc/arm-none-eabi/7.4.0/../../../../arm-none-eabi/lib/thumb/v7-ar/fpv3/hard/libg.a(lib_a-localeconv.o)
                              /usr/lib/gcc/arm-none-eabi/7.4.0/../../../../arm-none-eabi/lib/thumb/v7-ar/fpv3/hard/libg.a(lib_a-svfprintf.o) (_localeconv_r)
/usr/lib/gcc/arm-none-eabi/7.4.0/../../../../arm-none-eabi/lib/thumb/v7-ar/fpv3/hard/libg.a(lib_a-lock.o)
                              /usr/lib/gcc/arm-none-eabi/7.4.0/../../../../arm-none-eabi/lib/thumb/v7-ar/fpv3/hard/libg.a(lib_a-__atexit.o) (__retarget_lock_acquire_recursive)
/usr/lib/gcc/arm-none-eabi/7.4.0/../../../../arm-none-eabi/lib/thumb/v7-ar/fpv3/hard/libg.a(lib_a-mallocr.o)
                              /usr/lib/gcc/arm-none-eabi/7.4.0/../../../../arm-none-eabi/lib/thumb/v7-ar/fpv3/hard/libg.a(lib_a-svfprintf.o) (_malloc_r)
/usr/lib/gcc/arm-none-eabi/7.4.0/../../../../arm-none-eabi/lib/thumb/v7-ar/fpv3/hard/libg.a(lib_a-memchr-stub.o)
                              /usr/lib/gcc/arm-none-eabi/7.4.0/../../../../arm-none-eabi/lib/thumb/v7-ar/fpv3/hard/libg.a(lib_a-svfprintf.o) (memchr)
/usr/lib/gcc/arm-none-eabi/7.4.0/../../../../arm-none-eabi/lib/thumb/v7-ar/fpv3/hard/libg.a(lib_a-mlock.o)
                              /usr/lib/gcc/arm-none-eabi/7.4.0/../../../../arm-none-eabi/lib/thumb/v7-ar/fpv3/hard/libg.a(lib_a-mallocr.o) (__malloc_lock)
[...]
Memory Configuration

Name             Origin             Length             Attributes
*default*        0x0000000000000000 0xffffffffffffffff

Linker script and memory map

LOAD /usr/lib/gcc/arm-none-eabi/7.4.0/thumb/v7-ar/fpv3/hard/crti.o
LOAD /usr/lib/gcc/arm-none-eabi/7.4.0/thumb/v7-ar/fpv3/hard/crtbegin.o
LOAD /usr/lib/gcc/arm-none-eabi/7.4.0/../../../../arm-none-eabi/lib/thumb/v7-ar/fpv3/hard/crt0.o
LOAD ./source/portable/port.o
LOAD ./source/portable/portASM.o
LOAD ./source/platform/macuart.o
LOAD ./source/lib/print.o
LOAD ./source/lib/printformat.o
LOAD ./source/kernel/FreeRTOS_tick_config.o
LOAD ./source/kernel/ParTest.o
LOAD ./source/kernel/croutine.o
LOAD ./source/kernel/head.o
LOAD ./source/kernel/heap_5.o
LOAD ./source/kernel/hyp_entry.o
LOAD ./source/kernel/init.o
LOAD ./source/kernel/list.o
LOAD ./source/kernel/queue.o
LOAD ./source/kernel/svc_entry.o
LOAD ./source/kernel/tasks.o
LOAD ./source/kernel/timers.o
LOAD ./source/bsp/timer/xscutimer.o
LOAD ./source/bsp/timer/xscutimer_g.o
LOAD ./source/bsp/timer/xscutimer_sinit.o
LOAD ./source/bsp/gic/xscugic.o
LOAD ./source/bsp/gic/xscugic_g.o
LOAD ./source/bsp/gic/xscugic_sinit.o
LOAD ./source/bsp/vectors.o
LOAD ./source/bsp/xgpiops.o
LOAD ./source/bsp/xil_assert.o
LOAD ./source/bsp/xil_exception.o
LOAD ./source/bsp/xplatform_info.o
LOAD ./source/bsp/xscuwdt.o
LOAD ./source/bsp/xscuwdt_g.o
LOAD ./source/bsp/xscuwdt_sinit.o
START GROUP
LOAD /usr/lib/gcc/arm-none-eabi/7.4.0/thumb/v7-ar/fpv3/hard/libgcc.a
LOAD /usr/lib/gcc/arm-none-eabi/7.4.0/../../../../arm-none-eabi/lib/thumb/v7-ar/fpv3/hard/libg.a
LOAD /usr/lib/gcc/arm-none-eabi/7.4.0/../../../../arm-none-eabi/lib/thumb/v7-ar/fpv3/hard/libc.a
END GROUP
LOAD /usr/lib/gcc/arm-none-eabi/7.4.0/thumb/v7-ar/fpv3/hard/crtend.o
LOAD /usr/lib/gcc/arm-none-eabi/7.4.0/thumb/v7-ar/fpv3/hard/crtn.o
TARGET(binary)
                0x0000000080010000                . = 0x80010000

.init           0x0000000080010000       0x1c
 *(.init)
 .init          0x0000000080010000        0x4 /usr/lib/gcc/arm-none-eabi/7.4.0/thumb/v7-ar/fpv3/hard/crti.o
                0x0000000080010000                _init
 .init          0x0000000080010004       0x18 ./source/kernel/head.o
                0x0000000080010004                _start_
 *(.init.*)

.text           0x0000000080010100      0x7b8
 *(.text)
 .text          0x0000000080010100      0x2d0 ./source/portable/portASM.o
                0x0000000080010100                FreeRTOS_SWI_Handler
                0x00000000800101a8                vPortRestoreTaskContext
                0x0000000080010200                FreeRTOS_IRQ_Handler
                0x0000000080010370                vApplicationIRQHandler
 *fill*         0x00000000800103d0       0x30 
 .text          0x0000000080010400      0x150 ./source/kernel/hyp_entry.o
                0x0000000080010400                _hvc_vector
 .text          0x0000000080010550      0x278 /usr/lib/gcc/arm-none-eabi/7.4.0/thumb/v7-ar/fpv3/hard/libgcc.a(_udivsi3.o)
                0x0000000080010550                __udivsi3
                0x0000000080010550                __aeabi_uidiv
                0x00000000800107ac                __aeabi_uidivmod
 .text          0x00000000800107c8        0x4 /usr/lib/gcc/arm-none-eabi/7.4.0/thumb/v7-ar/fpv3/hard/libgcc.a(_dvmd_tls.o)
                0x00000000800107c8                __aeabi_ldiv0
                0x00000000800107c8                __aeabi_idiv0
 .text          0x00000000800107cc       0xec /usr/lib/gcc/arm-none-eabi/7.4.0/../../../../arm-none-eabi/lib/thumb/v7-ar/fpv3/hard/libg.a(lib_a-memcpy.o)
                0x00000000800107cc                memcpy

.glue_7         0x00000000800108b8        0x0
 .glue_7        0x00000000800108b8        0x0 linker stubs

.glue_7t        0x00000000800108b8        0x0
 .glue_7t       0x00000000800108b8        0x0 linker stubs

.vfp11_veneer   0x00000000800108b8        0x0
 .vfp11_veneer  0x00000000800108b8        0x0 linker stubs

.v4_bx          0x00000000800108b8        0x0
 .v4_bx         0x00000000800108b8        0x0 linker stubs

.fini           0x00000000800108b8        0x4
 .fini          0x00000000800108b8        0x4 /usr/lib/gcc/arm-none-eabi/7.4.0/thumb/v7-ar/fpv3/hard/crti.o
                0x00000000800108b8                _fini

.text.pxPortInitialiseStack
                0x00000000800108bc       0xb4
 .text.pxPortInitialiseStack
                0x00000000800108bc       0xb4 ./source/portable/port.o
                0x00000000800108bc                pxPortInitialiseStack

.text.prvTaskExitError
                0x0000000080010970       0x34
 .text.prvTaskExitError
                0x0000000080010970       0x34 ./source/portable/port.o

.text.xPortStartScheduler
                0x00000000800109a4      0x1e8
 .text.xPortStartScheduler
                0x00000000800109a4      0x1e8 ./source/portable/port.o
                0x00000000800109a4                xPortStartScheduler

.text.vPortEnterCritical
                0x0000000080010b8c       0x68
 .text.vPortEnterCritical
                0x0000000080010b8c       0x68 ./source/portable/port.o
                0x0000000080010b8c                vPortEnterCritical

.text.vPortExitCritical
                0x0000000080010bf4       0x8c
 .text.vPortExitCritical
                0x0000000080010bf4       0x8c ./source/portable/port.o
                0x0000000080010bf4                vPortExitCritical

.text.FreeRTOS_Tick_Handler
                0x0000000080010c80       0x94
 .text.FreeRTOS_Tick_Handler
                0x0000000080010c80       0x94 ./source/portable/port.o
                0x0000000080010c80                FreeRTOS_Tick_Handler

.text.ulPortSetInterruptMask
                0x0000000080010d14       0x78
 .text.ulPortSetInterruptMask
                0x0000000080010d14       0x78 ./source/portable/port.o
                0x0000000080010d14                ulPortSetInterruptMask

.iplt           0x0000000080010d8c        0x0
 .iplt          0x0000000080010d8c        0x0 ./source/portable/port.o

.text.uart_send
                0x0000000080010d8c       0x54
 .text.uart_send
                0x0000000080010d8c       0x54 ./source/platform/macuart.o
                0x0000000080010d8c                uart_send

.text.printString
                0x0000000080010de0       0x4c
 .text.printString
                0x0000000080010de0       0x4c ./source/lib/print.o
                0x0000000080010de0                printString

.text.udivide   0x0000000080010e2c       0xa4
 .text.udivide  0x0000000080010e2c       0xa4 ./source/lib/printformat.o

.text.print_spaces
                0x0000000080010ed0       0x50
 .text.print_spaces
                0x0000000080010ed0       0x50 ./source/lib/printformat.o

.text.print_string
                0x0000000080010f20       0x64
 .text.print_string
                0x0000000080010f20       0x64 ./source/lib/printformat.o

.text.xdiv      0x0000000080010f84       0x58
 .text.xdiv     0x0000000080010f84       0x58 ./source/lib/printformat.o

.text.xmod      0x0000000080010fdc       0x68
 .text.xmod     0x0000000080010fdc       0x68 ./source/lib/printformat.o

.text.print_unsigned_long
                0x0000000080011044      0x144
 .text.print_unsigned_long
                0x0000000080011044      0x144 ./source/lib/printformat.o

.text.print_unsigned_long_long
                0x0000000080011188      0x110
 .text.print_unsigned_long_long
                0x0000000080011188      0x110 ./source/lib/printformat.o

.text.isdigit   0x0000000080011298       0x50
 .text.isdigit  0x0000000080011298       0x50 ./source/lib/printformat.o

.text.atoi      0x00000000800112e8       0x2c
 .text.atoi     0x00000000800112e8       0x2c ./source/lib/printformat.o

.text.vprintf   0x0000000080011314      0x548
 .text.vprintf  0x0000000080011314      0x548 ./source/lib/printformat.o

.text.kprintf   0x000000008001185c       0x44
 .text.kprintf  0x000000008001185c       0x44 ./source/lib/printformat.o
                0x000000008001185c                kprintf

.text.Xil_In32  0x00000000800118a0       0xa0
 .text.Xil_In32
                0x00000000800118a0       0x28 ./source/kernel/FreeRTOS_tick_config.o
 .text.Xil_In32
                0x00000000800118c8       0x28 ./source/bsp/timer/xscutimer.o
 .text.Xil_In32
                0x00000000800118f0       0x28 ./source/bsp/gic/xscugic.o
 .text.Xil_In32
                0x0000000080011918       0x28 ./source/bsp/xgpiops.o

.text.Xil_Out32
                0x0000000080011940       0xe0
 .text.Xil_Out32
                0x0000000080011940       0x38 ./source/kernel/FreeRTOS_tick_config.o
 .text.Xil_Out32
                0x0000000080011978       0x38 ./source/bsp/timer/xscutimer.o
 .text.Xil_Out32
                0x00000000800119b0       0x38 ./source/bsp/gic/xscugic.o
 .text.Xil_Out32
                0x00000000800119e8       0x38 ./source/bsp/xgpiops.o

.text.vConfigureTickInterrupt
                0x0000000080011a20      0x244
 .text.vConfigureTickInterrupt
                0x0000000080011a20      0x244 ./source/kernel/FreeRTOS_tick_config.o
                0x0000000080011a20                vConfigureTickInterrupt

.text.vClearTickInterrupt
                0x0000000080011c64       0x2c
 .text.vClearTickInterrupt
                0x0000000080011c64       0x2c ./source/kernel/FreeRTOS_tick_config.o
                0x0000000080011c64                vClearTickInterrupt

.text.vApplicationFPUSafeIRQHandler
                0x0000000080011c90       0x6c
 .text.vApplicationFPUSafeIRQHandler
                0x0000000080011c90       0x6c ./source/kernel/FreeRTOS_tick_config.o
                0x0000000080011c90                vApplicationFPUSafeIRQHandler

.text.vParTestToggleLED
                0x0000000080011cfc       0x5c
 .text.vParTestToggleLED
                0x0000000080011cfc       0x5c ./source/kernel/ParTest.o
                0x0000000080011cfc                vParTestToggleLED

.text.pvPortMalloc
                0x0000000080011d58      0x258
 .text.pvPortMalloc
                0x0000000080011d58      0x258 ./source/kernel/heap_5.o
                0x0000000080011d58                pvPortMalloc

.text.vPortFree
                0x0000000080011fb0      0x124
 .text.vPortFree
                0x0000000080011fb0      0x124 ./source/kernel/heap_5.o
                0x0000000080011fb0                vPortFree

.text.xPortGetFreeHeapSize
                0x00000000800120d4       0x24
 .text.xPortGetFreeHeapSize
                0x00000000800120d4       0x24 ./source/kernel/heap_5.o
                0x00000000800120d4                xPortGetFreeHeapSize

.text.xPortGetMinimumEverFreeHeapSize
                0x00000000800120f8       0x24
 .text.xPortGetMinimumEverFreeHeapSize
                0x00000000800120f8       0x24 ./source/kernel/heap_5.o
                0x00000000800120f8                xPortGetMinimumEverFreeHeapSize

.text.prvInsertBlockIntoFreeList
                0x000000008001211c      0x158
 .text.prvInsertBlockIntoFreeList
                0x000000008001211c      0x158 ./source/kernel/heap_5.o

.text.vPortDefineHeapRegions
                0x0000000080012274      0x2a4
 .text.vPortDefineHeapRegions
                0x0000000080012274      0x2a4 ./source/kernel/heap_5.o
                0x0000000080012274                vPortDefineHeapRegions

.text.vApplicationStackOverflowHook
                0x0000000080012518       0x1c
 .text.vApplicationStackOverflowHook
                0x0000000080012518       0x1c ./source/kernel/init.o
                0x0000000080012518                vApplicationStackOverflowHook

.text.vApplicationIdleHook
                0x0000000080012534       0x38
 .text.vApplicationIdleHook
                0x0000000080012534       0x38 ./source/kernel/init.o
                0x0000000080012534                vApplicationIdleHook

.text.vAssertCalled
                0x000000008001256c       0x44
 .text.vAssertCalled
                0x000000008001256c       0x44 ./source/kernel/init.o
                0x000000008001256c                vAssertCalled

.text.vApplicationMallocFailedHook
                0x00000000800125b0       0x10
 .text.vApplicationMallocFailedHook
                0x00000000800125b0       0x10 ./source/kernel/init.o
                0x00000000800125b0                vApplicationMallocFailedHook

.text.vApplicationGetIdleTaskMemory
                0x00000000800125c0       0x54
 .text.vApplicationGetIdleTaskMemory
                0x00000000800125c0       0x54 ./source/kernel/init.o
                0x00000000800125c0                vApplicationGetIdleTaskMemory

.text.vApplicationTickHook
                0x0000000080012614       0x18
 .text.vApplicationTickHook
                0x0000000080012614       0x18 ./source/kernel/init.o
                0x0000000080012614                vApplicationTickHook

.text.main_blinky
                0x000000008001262c       0xa0
 .text.main_blinky
                0x000000008001262c       0xa0 ./source/kernel/init.o
                0x000000008001262c                main_blinky

.text.prvQueueSendTask
                0x00000000800126cc       0x54
 .text.prvQueueSendTask
                0x00000000800126cc       0x54 ./source/kernel/init.o

.text.prvQueueReceiveTask
                0x0000000080012720       0x64
 .text.prvQueueReceiveTask
                0x0000000080012720       0x64 ./source/kernel/init.o

.text.main      0x0000000080012784       0x44
 .text.main     0x0000000080012784       0x44 ./source/kernel/init.o
                0x0000000080012784                main

.text.prvInitialiseHeap
                0x00000000800127c8       0x54
 .text.prvInitialiseHeap
                0x00000000800127c8       0x54 ./source/kernel/init.o

.text.prvSetupHardware
                0x000000008001281c       0xd0
 .text.prvSetupHardware
                0x000000008001281c       0xd0 ./source/kernel/init.o

.text.vListInitialise
                0x00000000800128ec       0x68
 .text.vListInitialise
                0x00000000800128ec       0x68 ./source/kernel/list.o
                0x00000000800128ec                vListInitialise

.text.vListInitialiseItem
                0x0000000080012954       0x2c
 .text.vListInitialiseItem
                0x0000000080012954       0x2c ./source/kernel/list.o
                0x0000000080012954                vListInitialiseItem

.text.vListInsertEnd
                0x0000000080012980       0x88
 .text.vListInsertEnd
                0x0000000080012980       0x88 ./source/kernel/list.o
                0x0000000080012980                vListInsertEnd

.text.vListInsert
                0x0000000080012a08       0xd8
 .text.vListInsert
                0x0000000080012a08       0xd8 ./source/kernel/list.o
                0x0000000080012a08                vListInsert

.text.uxListRemove
                0x0000000080012ae0       0xa0
 .text.uxListRemove
                0x0000000080012ae0       0xa0 ./source/kernel/list.o
                0x0000000080012ae0                uxListRemove

.text.xQueueGenericReset
                0x0000000080012b80      0x138
 .text.xQueueGenericReset
                0x0000000080012b80      0x138 ./source/kernel/queue.o
                0x0000000080012b80                xQueueGenericReset

.text.xQueueGenericCreate
                0x0000000080012cb8       0xd0
 .text.xQueueGenericCreate
                0x0000000080012cb8       0xd0 ./source/kernel/queue.o
                0x0000000080012cb8                xQueueGenericCreate

.text.prvInitialiseNewQueue
                0x0000000080012d88       0x8c
 .text.prvInitialiseNewQueue
                0x0000000080012d88       0x8c ./source/kernel/queue.o

.text.xQueueGenericSend
                0x0000000080012e14      0x308
 .text.xQueueGenericSend
                0x0000000080012e14      0x308 ./source/kernel/queue.o
                0x0000000080012e14                xQueueGenericSend

.text.xQueueReceive
                0x000000008001311c      0x26c
 .text.xQueueReceive
                0x000000008001311c      0x26c ./source/kernel/queue.o
                0x000000008001311c                xQueueReceive

.text.prvCopyDataToQueue
                0x0000000080013388      0x198
 .text.prvCopyDataToQueue
                0x0000000080013388      0x198 ./source/kernel/queue.o

.text.prvCopyDataFromQueue
                0x0000000080013520       0x90
 .text.prvCopyDataFromQueue
                0x0000000080013520       0x90 ./source/kernel/queue.o

.text.prvUnlockQueue
                0x00000000800135b0      0x13c
 .text.prvUnlockQueue
                0x00000000800135b0      0x13c ./source/kernel/queue.o

.text.prvIsQueueEmpty
                0x00000000800136ec       0x4c
 .text.prvIsQueueEmpty
                0x00000000800136ec       0x4c ./source/kernel/queue.o

.text.prvIsQueueFull
                0x0000000080013738       0x54
 .text.prvIsQueueFull
                0x0000000080013738       0x54 ./source/kernel/queue.o

.text.prvNotifyQueueSetContainer
                0x000000008001378c      0x114
 .text.prvNotifyQueueSetContainer
                0x000000008001378c      0x114 ./source/kernel/queue.o

.text.xTaskCreateStatic
                0x00000000800138a0      0x10c
 .text.xTaskCreateStatic
                0x00000000800138a0      0x10c ./source/kernel/tasks.o
                0x00000000800138a0                xTaskCreateStatic

.text.xTaskCreate
                0x00000000800139ac       0xf4
 .text.xTaskCreate
                0x00000000800139ac       0xf4 ./source/kernel/tasks.o
                0x00000000800139ac                xTaskCreate

.text.prvInitialiseNewTask
                0x0000000080013aa0      0x1f8
 .text.prvInitialiseNewTask
                0x0000000080013aa0      0x1f8 ./source/kernel/tasks.o

.text.prvAddNewTaskToReadyList
                0x0000000080013c98      0x188
 .text.prvAddNewTaskToReadyList
                0x0000000080013c98      0x188 ./source/kernel/tasks.o

.text.vTaskDelayUntil
                0x0000000080013e20      0x164
 .text.vTaskDelayUntil
                0x0000000080013e20      0x164 ./source/kernel/tasks.o
                0x0000000080013e20                vTaskDelayUntil

.text.vTaskStartScheduler
                0x0000000080013f84      0x128
 .text.vTaskStartScheduler
                0x0000000080013f84      0x128 ./source/kernel/tasks.o
                0x0000000080013f84                vTaskStartScheduler

.text.vTaskSuspendAll
                0x00000000800140ac       0x34
 .text.vTaskSuspendAll
                0x00000000800140ac       0x34 ./source/kernel/tasks.o
                0x00000000800140ac                vTaskSuspendAll

.text.xTaskResumeAll
                0x00000000800140e0      0x208
 .text.xTaskResumeAll
                0x00000000800140e0      0x208 ./source/kernel/tasks.o
                0x00000000800140e0                xTaskResumeAll

.text.xTaskGetTickCount
                0x00000000800142e8       0x30
 .text.xTaskGetTickCount
                0x00000000800142e8       0x30 ./source/kernel/tasks.o
                0x00000000800142e8                xTaskGetTickCount

.text.xTaskIncrementTick
                0x0000000080014318      0x2bc
 .text.xTaskIncrementTick
                0x0000000080014318      0x2bc ./source/kernel/tasks.o
                0x0000000080014318                xTaskIncrementTick

.text.vTaskSwitchContext
                0x00000000800145d4      0x1b4
 .text.vTaskSwitchContext
                0x00000000800145d4      0x1b4 ./source/kernel/tasks.o
                0x00000000800145d4                vTaskSwitchContext

.text.vTaskPlaceOnEventList
                0x0000000080014788       0x64
 .text.vTaskPlaceOnEventList
                0x0000000080014788       0x64 ./source/kernel/tasks.o
                0x0000000080014788                vTaskPlaceOnEventList

.text.xTaskRemoveFromEventList
                0x00000000800147ec      0x13c
 .text.xTaskRemoveFromEventList
                0x00000000800147ec      0x13c ./source/kernel/tasks.o
                0x00000000800147ec                xTaskRemoveFromEventList

.text.vTaskInternalSetTimeOutState
                0x0000000080014928       0x48
 .text.vTaskInternalSetTimeOutState
                0x0000000080014928       0x48 ./source/kernel/tasks.o
                0x0000000080014928                vTaskInternalSetTimeOutState

.text.xTaskCheckForTimeOut
                0x0000000080014970      0x16c
 .text.xTaskCheckForTimeOut
                0x0000000080014970      0x16c ./source/kernel/tasks.o
                0x0000000080014970                xTaskCheckForTimeOut

.text.vTaskMissedYield
                0x0000000080014adc       0x28
 .text.vTaskMissedYield
                0x0000000080014adc       0x28 ./source/kernel/tasks.o
                0x0000000080014adc                vTaskMissedYield

.text.prvIdleTask
                0x0000000080014b04       0x34
 .text.prvIdleTask
                0x0000000080014b04       0x34 ./source/kernel/tasks.o

.text.prvInitialiseTaskLists
                0x0000000080014b38       0xc0
 .text.prvInitialiseTaskLists
                0x0000000080014b38       0xc0 ./source/kernel/tasks.o

.text.prvCheckTasksWaitingTermination
                0x0000000080014bf8       0x9c
 .text.prvCheckTasksWaitingTermination
                0x0000000080014bf8       0x9c ./source/kernel/tasks.o

.text.prvDeleteTCB
                0x0000000080014c94       0x84
 .text.prvDeleteTCB
                0x0000000080014c94       0x84 ./source/kernel/tasks.o

.text.prvResetNextTaskUnblockTime
                0x0000000080014d18       0x74
 .text.prvResetNextTaskUnblockTime
                0x0000000080014d18       0x74 ./source/kernel/tasks.o

.text.xTaskGetSchedulerState
                0x0000000080014d8c       0x68
 .text.xTaskGetSchedulerState
                0x0000000080014d8c       0x68 ./source/kernel/tasks.o
                0x0000000080014d8c                xTaskGetSchedulerState

.text.xTaskPriorityDisinherit
                0x0000000080014df4      0x1bc
 .text.xTaskPriorityDisinherit
                0x0000000080014df4      0x1bc ./source/kernel/tasks.o
                0x0000000080014df4                xTaskPriorityDisinherit

.text.prvAddCurrentTaskToDelayedList
                0x0000000080014fb0      0x18c
 .text.prvAddCurrentTaskToDelayedList
                0x0000000080014fb0      0x18c ./source/kernel/tasks.o

.text.XScuTimer_CfgInitialize
                0x000000008001513c      0x11c
 .text.XScuTimer_CfgInitialize
                0x000000008001513c      0x11c ./source/bsp/timer/xscutimer.o
                0x000000008001513c                XScuTimer_CfgInitialize

.text.XScuTimer_Start
                0x0000000080015258       0xf8
 .text.XScuTimer_Start
                0x0000000080015258       0xf8 ./source/bsp/timer/xscutimer.o
                0x0000000080015258                XScuTimer_Start

.text.XScuTimer_SetPrescaler
                0x0000000080015350      0x104
 .text.XScuTimer_SetPrescaler
                0x0000000080015350      0x104 ./source/bsp/timer/xscutimer.o
                0x0000000080015350                XScuTimer_SetPrescaler

.text.XScuTimer_LookupConfig
                0x0000000080015454       0x94
 .text.XScuTimer_LookupConfig
                0x0000000080015454       0x94 ./source/bsp/timer/xscutimer_sinit.o
                0x0000000080015454                XScuTimer_LookupConfig

.text.DoDistributorInit
                0x00000000800154e8      0x1bc
 .text.DoDistributorInit
                0x00000000800154e8      0x1bc ./source/bsp/gic/xscugic.o

.text.DistributorInit
                0x00000000800156a4      0x148
 .text.DistributorInit
                0x00000000800156a4      0x148 ./source/bsp/gic/xscugic.o

.text.CPUInitialize
                0x00000000800157ec       0x50
 .text.CPUInitialize
                0x00000000800157ec       0x50 ./source/bsp/gic/xscugic.o

.text.XScuGic_CfgInitialize
                0x000000008001583c      0x1b4
 .text.XScuGic_CfgInitialize
                0x000000008001583c      0x1b4 ./source/bsp/gic/xscugic.o
                0x000000008001583c                XScuGic_CfgInitialize

.text.XScuGic_Connect
                0x00000000800159f0      0x194
 .text.XScuGic_Connect
                0x00000000800159f0      0x194 ./source/bsp/gic/xscugic.o
                0x00000000800159f0                XScuGic_Connect

.text.XScuGic_Enable
                0x0000000080015b84      0x134
 .text.XScuGic_Enable
                0x0000000080015b84      0x134 ./source/bsp/gic/xscugic.o
                0x0000000080015b84                XScuGic_Enable

.text.StubHandler
                0x0000000080015cb8       0x70
 .text.StubHandler
                0x0000000080015cb8       0x70 ./source/bsp/gic/xscugic.o

.text.XScuGic_SetPriorityTriggerType
                0x0000000080015d28      0x2d8
 .text.XScuGic_SetPriorityTriggerType
                0x0000000080015d28      0x2d8 ./source/bsp/gic/xscugic.o
                0x0000000080015d28                XScuGic_SetPriorityTriggerType

.text.XScuGic_Stop
                0x0000000080016000      0x1ec
 .text.XScuGic_Stop
                0x0000000080016000      0x1ec ./source/bsp/gic/xscugic.o
                0x0000000080016000                XScuGic_Stop

.text.XScuGic_LookupConfig
                0x00000000800161ec       0x9c
 .text.XScuGic_LookupConfig
                0x00000000800161ec       0x9c ./source/bsp/gic/xscugic_sinit.o
                0x00000000800161ec                XScuGic_LookupConfig

.text.XGpioPs_ReadPin
                0x0000000080016288      0x150
 .text.XGpioPs_ReadPin
                0x0000000080016288      0x150 ./source/bsp/xgpiops.o
                0x0000000080016288                XGpioPs_ReadPin

.text.XGpioPs_WritePin
                0x00000000800163d8      0x1b8
 .text.XGpioPs_WritePin
                0x00000000800163d8      0x1b8 ./source/bsp/xgpiops.o
                0x00000000800163d8                XGpioPs_WritePin

.text.XGpioPs_GetBankPin
                0x0000000080016590      0x1d8
 .text.XGpioPs_GetBankPin
                0x0000000080016590      0x1d8 ./source/bsp/xgpiops.o
                0x0000000080016590                XGpioPs_GetBankPin

.text.Xil_Assert
                0x0000000080016768       0x64
 .text.Xil_Assert
                0x0000000080016768       0x64 ./source/bsp/xil_assert.o
                0x0000000080016768                Xil_Assert

.text.XGetPlatform_Info
                0x00000000800167cc       0x1c
 .text.XGetPlatform_Info
                0x00000000800167cc       0x1c ./source/bsp/xplatform_info.o
                0x00000000800167cc                XGetPlatform_Info

.text.memset    0x00000000800167e8       0x98
 .text.memset   0x00000000800167e8       0x98 /usr/lib/gcc/arm-none-eabi/7.4.0/../../../../arm-none-eabi/lib/thumb/v7-ar/fpv3/hard/libg.a(lib_a-memset.o)
                0x00000000800167e8                memset

.rodata.ulICCIAR
                0x0000000080016880        0x4
 .rodata.ulICCIAR
                0x0000000080016880        0x4 ./source/portable/port.o
                0x0000000080016880                ulICCIAR

.rodata.ulICCEOIR
                0x0000000080016884        0x4
 .rodata.ulICCEOIR
                0x0000000080016884        0x4 ./source/portable/port.o
                0x0000000080016884                ulICCEOIR

.rodata.ulICCPMR
                0x0000000080016888        0x4
 .rodata.ulICCPMR
                0x0000000080016888        0x4 ./source/portable/port.o
                0x0000000080016888                ulICCPMR

.rodata.ulMaxAPIPriorityMask
                0x000000008001688c        0x4
 .rodata.ulMaxAPIPriorityMask
                0x000000008001688c        0x4 ./source/portable/port.o
                0x000000008001688c                ulMaxAPIPriorityMask

.rodata         0x0000000080016890      0x298
 .rodata        0x0000000080016890      0x104 ./source/portable/port.o
 .rodata        0x0000000080016994        0xb ./source/lib/printformat.o
 *fill*         0x000000008001699f        0x1 
 .rodata        0x00000000800169a0       0x52 ./source/kernel/FreeRTOS_tick_config.o
 *fill*         0x00000000800169f2        0x2 
 .rodata        0x00000000800169f4       0x1a ./source/kernel/heap_5.o
 *fill*         0x0000000080016a0e        0x2 
 .rodata        0x0000000080016a10       0x68 ./source/kernel/init.o
 .rodata        0x0000000080016a78       0x19 ./source/kernel/queue.o
 *fill*         0x0000000080016a91        0x3 
 .rodata        0x0000000080016a94       0x3f ./source/kernel/tasks.o
 *fill*         0x0000000080016ad3        0x1 
 .rodata        0x0000000080016ad4       0x20 ./source/bsp/timer/xscutimer.o
 .rodata        0x0000000080016af4       0x1c ./source/bsp/gic/xscugic.o
 .rodata        0x0000000080016b10       0x18 ./source/bsp/xgpiops.o

.rodata.xHeapRegions
                0x0000000080016b28       0x20
 .rodata.xHeapRegions
                0x0000000080016b28       0x20 ./source/kernel/init.o
                0x0000000080016b28                xHeapRegions

.rel.dyn        0x0000000080016b48        0x0
 .rel.iplt      0x0000000080016b48        0x0 ./source/portable/port.o

.data
 *(.data)

.data.ulCriticalNesting
                0x0000000080016b48        0x4
 .data.ulCriticalNesting
                0x0000000080016b48        0x4 ./source/portable/port.o
                0x0000000080016b48                ulCriticalNesting

.igot.plt       0x0000000080016b4c        0x0
 .igot.plt      0x0000000080016b4c        0x0 ./source/portable/port.o

.data.pxVectorTable.6571
                0x0000000080016b4c        0x4
 .data.pxVectorTable.6571
                0x0000000080016b4c        0x4 ./source/kernel/FreeRTOS_tick_config.o

.data.ulAdditionalOffset
                0x0000000080016b50        0x4
 .data.ulAdditionalOffset
                0x0000000080016b50        0x4 ./source/kernel/init.o
                0x0000000080016b50                ulAdditionalOffset

.data.XScuTimer_ConfigTable
                0x0000000080016b54        0x8
 .data.XScuTimer_ConfigTable
                0x0000000080016b54        0x8 ./source/bsp/timer/xscutimer_g.o
                0x0000000080016b54                XScuTimer_ConfigTable

.data.XScuGic_ConfigTable
                0x0000000080016b5c      0x624
 .data.XScuGic_ConfigTable
                0x0000000080016b5c      0x624 ./source/bsp/gic/xscugic_g.o
                0x0000000080016b5c                XScuGic_ConfigTable

.data.Xil_AssertWait
                0x0000000080017180        0x4
 .data.Xil_AssertWait
                0x0000000080017180        0x4 ./source/bsp/xil_assert.o
                0x0000000080017180                Xil_AssertWait

.bss            0x0000000080017184       0x10
 *(.bss)
 COMMON         0x0000000080017184        0xc ./source/kernel/FreeRTOS_tick_config.o
                0x0000000080017184                xInterruptController
 COMMON         0x0000000080017190        0x4 ./source/bsp/xil_assert.o
                0x0000000080017190                Xil_AssertStatus
                0x0000000080018000                . = ALIGN (0x1000)
                0x0000000080018000                _stack_start = .
                0x0000000080058000                _stack_end = (_stack_start + 0x40000)
OUTPUT(fros.elf elf32-littlearm)

.bss.ulPortTaskHasFPUContext
                0x0000000080018000        0x4
 .bss.ulPortTaskHasFPUContext
                0x0000000080018000        0x4 ./source/portable/port.o
                0x0000000080018000                ulPortTaskHasFPUContext

.bss.ulPortYieldRequired
                0x0000000080018004        0x4
 .bss.ulPortYieldRequired
                0x0000000080018004        0x4 ./source/portable/port.o
                0x0000000080018004                ulPortYieldRequired

.bss.ulPortInterruptNesting
                0x0000000080018008        0x4
 .bss.ulPortInterruptNesting
                0x0000000080018008        0x4 ./source/portable/port.o
                0x0000000080018008                ulPortInterruptNesting

.bss.xTimer     0x000000008001800c       0x10
 .bss.xTimer    0x000000008001800c       0x10 ./source/kernel/FreeRTOS_tick_config.o

.bss.xGpio      0x000000008001801c       0x20
 .bss.xGpio     0x000000008001801c       0x20 ./source/kernel/ParTest.o

.bss.xStart     0x000000008001803c        0x8
 .bss.xStart    0x000000008001803c        0x8 ./source/kernel/heap_5.o

.bss.pxEnd      0x0000000080018044        0x4
 .bss.pxEnd     0x0000000080018044        0x4 ./source/kernel/heap_5.o

.bss.xFreeBytesRemaining
                0x0000000080018048        0x4
 .bss.xFreeBytesRemaining
                0x0000000080018048        0x4 ./source/kernel/heap_5.o

.bss.xMinimumEverFreeBytesRemaining
                0x000000008001804c        0x4
 .bss.xMinimumEverFreeBytesRemaining
                0x000000008001804c        0x4 ./source/kernel/heap_5.o

.bss.xBlockAllocatedBit
                0x0000000080018050        0x4
 .bss.xBlockAllocatedBit
                0x0000000080018050        0x4 ./source/kernel/heap_5.o

.bss.ucHeap     0x0000000080018054    0x1f400
 .bss.ucHeap    0x0000000080018054    0x1f400 ./source/kernel/init.o

.bss.xQueue     0x0000000080037454        0x4
 .bss.xQueue    0x0000000080037454        0x4 ./source/kernel/init.o

.bss.xIdleTaskTCB.6706
                0x0000000080037458       0x58
 .bss.xIdleTaskTCB.6706
                0x0000000080037458       0x58 ./source/kernel/init.o

.bss.uxIdleTaskStack.6707
                0x00000000800374b0      0x3e8
 .bss.uxIdleTaskStack.6707
                0x00000000800374b0      0x3e8 ./source/kernel/init.o

.bss.pxCurrentTCB
                0x0000000080037898        0x4
 .bss.pxCurrentTCB
                0x0000000080037898        0x4 ./source/kernel/tasks.o
                0x0000000080037898                pxCurrentTCB

.bss.pxReadyTasksLists
                0x000000008003789c       0x8c
 .bss.pxReadyTasksLists
                0x000000008003789c       0x8c ./source/kernel/tasks.o

.bss.xDelayedTaskList1
                0x0000000080037928       0x14
 .bss.xDelayedTaskList1
                0x0000000080037928       0x14 ./source/kernel/tasks.o

.bss.xDelayedTaskList2
                0x000000008003793c       0x14
 .bss.xDelayedTaskList2
                0x000000008003793c       0x14 ./source/kernel/tasks.o

.bss.pxDelayedTaskList
                0x0000000080037950        0x4
 .bss.pxDelayedTaskList
                0x0000000080037950        0x4 ./source/kernel/tasks.o

.bss.pxOverflowDelayedTaskList
                0x0000000080037954        0x4
 .bss.pxOverflowDelayedTaskList
                0x0000000080037954        0x4 ./source/kernel/tasks.o

.bss.xPendingReadyList
                0x0000000080037958       0x14
 .bss.xPendingReadyList
                0x0000000080037958       0x14 ./source/kernel/tasks.o

.bss.xTasksWaitingTermination
                0x000000008003796c       0x14
 .bss.xTasksWaitingTermination
                0x000000008003796c       0x14 ./source/kernel/tasks.o

.bss.uxDeletedTasksWaitingCleanUp
                0x0000000080037980        0x4
 .bss.uxDeletedTasksWaitingCleanUp
                0x0000000080037980        0x4 ./source/kernel/tasks.o

.bss.xSuspendedTaskList
                0x0000000080037984       0x14
 .bss.xSuspendedTaskList
                0x0000000080037984       0x14 ./source/kernel/tasks.o

.bss.uxCurrentNumberOfTasks
                0x0000000080037998        0x4
 .bss.uxCurrentNumberOfTasks
                0x0000000080037998        0x4 ./source/kernel/tasks.o

.bss.xTickCount
                0x000000008003799c        0x4
 .bss.xTickCount
                0x000000008003799c        0x4 ./source/kernel/tasks.o

.bss.uxTopReadyPriority
                0x00000000800379a0        0x4
 .bss.uxTopReadyPriority
                0x00000000800379a0        0x4 ./source/kernel/tasks.o

.bss.xSchedulerRunning
                0x00000000800379a4        0x4
 .bss.xSchedulerRunning
                0x00000000800379a4        0x4 ./source/kernel/tasks.o

.bss.uxPendedTicks
                0x00000000800379a8        0x4
 .bss.uxPendedTicks
                0x00000000800379a8        0x4 ./source/kernel/tasks.o

.bss.xYieldPending
                0x00000000800379ac        0x4
 .bss.xYieldPending
                0x00000000800379ac        0x4 ./source/kernel/tasks.o

.bss.xNumOfOverflows
                0x00000000800379b0        0x4
 .bss.xNumOfOverflows
                0x00000000800379b0        0x4 ./source/kernel/tasks.o

.bss.uxTaskNumber
                0x00000000800379b4        0x4
 .bss.uxTaskNumber
                0x00000000800379b4        0x4 ./source/kernel/tasks.o

.bss.xNextTaskUnblockTime
                0x00000000800379b8        0x4
 .bss.xNextTaskUnblockTime
                0x00000000800379b8        0x4 ./source/kernel/tasks.o

.bss.xIdleTaskHandle
                0x00000000800379bc        0x4
 .bss.xIdleTaskHandle
                0x00000000800379bc        0x4 ./source/kernel/tasks.o

.bss.uxSchedulerSuspended
                0x00000000800379c0        0x4
 .bss.uxSchedulerSuspended
                0x00000000800379c0        0x4 ./source/kernel/tasks.o

.bss.CpuId      0x00000000800379c4        0x4
 .bss.CpuId     0x00000000800379c4        0x4 ./source/bsp/gic/xscugic.o

.bss.Xil_AssertCallbackRoutine
                0x00000000800379c8        0x4
 .bss.Xil_AssertCallbackRoutine
                0x00000000800379c8        0x4 ./source/bsp/xil_assert.o

.ARM.attributes
                0x0000000000000000       0x33
 .ARM.attributes
                0x0000000000000000       0x1b /usr/lib/gcc/arm-none-eabi/7.4.0/thumb/v7-ar/fpv3/hard/crti.o
 .ARM.attributes
                0x000000000000001b       0x33 ./source/portable/port.o
 .ARM.attributes
                0x000000000000004e       0x2b ./source/portable/portASM.o
 .ARM.attributes
                0x0000000000000079       0x33 ./source/platform/macuart.o
 .ARM.attributes
                0x00000000000000ac       0x33 ./source/lib/print.o
 .ARM.attributes
                0x00000000000000df       0x33 ./source/lib/printformat.o
 .ARM.attributes
                0x0000000000000112       0x33 ./source/kernel/FreeRTOS_tick_config.o
 .ARM.attributes
                0x0000000000000145       0x33 ./source/kernel/ParTest.o
 .ARM.attributes
                0x0000000000000178       0x2b ./source/kernel/head.o
 .ARM.attributes
                0x00000000000001a3       0x33 ./source/kernel/heap_5.o
 .ARM.attributes
                0x00000000000001d6       0x2b ./source/kernel/hyp_entry.o
 .ARM.attributes
                0x0000000000000201       0x33 ./source/kernel/init.o
 .ARM.attributes
                0x0000000000000234       0x33 ./source/kernel/list.o
 .ARM.attributes
                0x0000000000000267       0x33 ./source/kernel/queue.o
 .ARM.attributes
                0x000000000000029a       0x33 ./source/kernel/tasks.o
 .ARM.attributes
                0x00000000000002cd       0x33 ./source/bsp/timer/xscutimer.o
 .ARM.attributes
                0x0000000000000300       0x33 ./source/bsp/timer/xscutimer_g.o
 .ARM.attributes
                0x0000000000000333       0x33 ./source/bsp/timer/xscutimer_sinit.o
 .ARM.attributes
                0x0000000000000366       0x33 ./source/bsp/gic/xscugic.o
 .ARM.attributes
                0x0000000000000399       0x33 ./source/bsp/gic/xscugic_g.o
 .ARM.attributes
                0x00000000000003cc       0x33 ./source/bsp/gic/xscugic_sinit.o
 .ARM.attributes
                0x00000000000003ff       0x33 ./source/bsp/xgpiops.o
 .ARM.attributes
                0x0000000000000432       0x33 ./source/bsp/xil_assert.o
 .ARM.attributes
                0x0000000000000465       0x33 ./source/bsp/xplatform_info.o
 .ARM.attributes
                0x0000000000000498       0x1b /usr/lib/gcc/arm-none-eabi/7.4.0/thumb/v7-ar/fpv3/hard/libgcc.a(_udivsi3.o)
 .ARM.attributes
                0x00000000000004b3       0x1b /usr/lib/gcc/arm-none-eabi/7.4.0/thumb/v7-ar/fpv3/hard/libgcc.a(_dvmd_tls.o)
 .ARM.attributes
                0x00000000000004ce       0x19 /usr/lib/gcc/arm-none-eabi/7.4.0/../../../../arm-none-eabi/lib/thumb/v7-ar/fpv3/hard/libg.a(lib_a-memcpy.o)
 .ARM.attributes
                0x00000000000004e7       0x2d /usr/lib/gcc/arm-none-eabi/7.4.0/../../../../arm-none-eabi/lib/thumb/v7-ar/fpv3/hard/libg.a(lib_a-memset.o)

.comment        0x0000000000000000       0x21
 .comment       0x0000000000000000       0x21 ./source/portable/port.o
                                         0x22 (size before relaxing)
 .comment       0x0000000000000021       0x22 ./source/platform/macuart.o
 .comment       0x0000000000000021       0x22 ./source/lib/print.o
 .comment       0x0000000000000021       0x22 ./source/lib/printformat.o
 .comment       0x0000000000000021       0x22 ./source/kernel/FreeRTOS_tick_config.o
 .comment       0x0000000000000021       0x22 ./source/kernel/ParTest.o
 .comment       0x0000000000000021       0x22 ./source/kernel/heap_5.o
 .comment       0x0000000000000021       0x22 ./source/kernel/init.o
 .comment       0x0000000000000021       0x22 ./source/kernel/list.o
 .comment       0x0000000000000021       0x22 ./source/kernel/queue.o
 .comment       0x0000000000000021       0x22 ./source/kernel/tasks.o
 .comment       0x0000000000000021       0x22 ./source/bsp/timer/xscutimer.o
 .comment       0x0000000000000021       0x22 ./source/bsp/timer/xscutimer_g.o
 .comment       0x0000000000000021       0x22 ./source/bsp/timer/xscutimer_sinit.o
 .comment       0x0000000000000021       0x22 ./source/bsp/gic/xscugic.o
 .comment       0x0000000000000021       0x22 ./source/bsp/gic/xscugic_g.o
 .comment       0x0000000000000021       0x22 ./source/bsp/gic/xscugic_sinit.o
 .comment       0x0000000000000021       0x22 ./source/bsp/xgpiops.o
 .comment       0x0000000000000021       0x22 ./source/bsp/xil_assert.o
 .comment       0x0000000000000021       0x22 ./source/bsp/xplatform_info.o
 .comment       0x0000000000000021       0x22 /usr/lib/gcc/arm-none-eabi/7.4.0/../../../../arm-none-eabi/lib/thumb/v7-ar/fpv3/hard/libg.a(lib_a-memset.o)

.debug_info     0x0000000000000000    0x10254
 .debug_info    0x0000000000000000      0xc2c ./source/portable/port.o
 .debug_info    0x0000000000000c2c       0x26 ./source/portable/portASM.o
 .debug_info    0x0000000000000c52       0xc5 ./source/platform/macuart.o
 .debug_info    0x0000000000000d17       0x7e ./source/lib/print.o
 .debug_info    0x0000000000000d95      0x42d ./source/lib/printformat.o
 .debug_info    0x00000000000011c2      0xcbe ./source/kernel/FreeRTOS_tick_config.o
 .debug_info    0x0000000000001e80      0xb39 ./source/kernel/ParTest.o
 .debug_info    0x00000000000029b9       0x26 ./source/kernel/head.o
 .debug_info    0x00000000000029df      0xc7f ./source/kernel/heap_5.o
 .debug_info    0x000000000000365e       0x26 ./source/kernel/hyp_entry.o
 .debug_info    0x0000000000003684     0x10d7 ./source/kernel/init.o
 .debug_info    0x000000000000475b      0xbbd ./source/kernel/list.o
 .debug_info    0x0000000000005318     0x1e89 ./source/kernel/queue.o
 .debug_info    0x00000000000071a1     0x24a5 ./source/kernel/tasks.o
 .debug_info    0x0000000000009646      0xb7c ./source/bsp/timer/xscutimer.o
 .debug_info    0x000000000000a1c2      0x972 ./source/bsp/timer/xscutimer_g.o
 .debug_info    0x000000000000ab34      0x9be ./source/bsp/timer/xscutimer_sinit.o
 .debug_info    0x000000000000b4f2     0x1052 ./source/bsp/gic/xscugic.o
 .debug_info    0x000000000000c544      0xa52 ./source/bsp/gic/xscugic_g.o
 .debug_info    0x000000000000cf96      0xa2b ./source/bsp/gic/xscugic_sinit.o
 .debug_info    0x000000000000d9c1      0xf5a ./source/bsp/xgpiops.o
 .debug_info    0x000000000000e91b      0x1b0 ./source/bsp/xil_assert.o
 .debug_info    0x000000000000eacb      0x8ea ./source/bsp/xplatform_info.o
 .debug_info    0x000000000000f3b5       0x26 /usr/lib/gcc/arm-none-eabi/7.4.0/thumb/v7-ar/fpv3/hard/libgcc.a(_udivsi3.o)
 .debug_info    0x000000000000f3db       0x26 /usr/lib/gcc/arm-none-eabi/7.4.0/thumb/v7-ar/fpv3/hard/libgcc.a(_dvmd_tls.o)
 .debug_info    0x000000000000f401       0x26 /usr/lib/gcc/arm-none-eabi/7.4.0/../../../../arm-none-eabi/lib/thumb/v7-ar/fpv3/hard/libg.a(lib_a-memcpy.o)
 .debug_info    0x000000000000f427      0xe2d /usr/lib/gcc/arm-none-eabi/7.4.0/../../../../arm-none-eabi/lib/thumb/v7-ar/fpv3/hard/libg.a(lib_a-memset.o)

.debug_abbrev   0x0000000000000000     0x2bfb
 .debug_abbrev  0x0000000000000000      0x2d6 ./source/portable/port.o
 .debug_abbrev  0x00000000000002d6       0x14 ./source/portable/portASM.o
 .debug_abbrev  0x00000000000002ea       0xa9 ./source/platform/macuart.o
 .debug_abbrev  0x0000000000000393       0x85 ./source/lib/print.o
 .debug_abbrev  0x0000000000000418      0x183 ./source/lib/printformat.o
 .debug_abbrev  0x000000000000059b      0x270 ./source/kernel/FreeRTOS_tick_config.o
 .debug_abbrev  0x000000000000080b      0x1dc ./source/kernel/ParTest.o
 .debug_abbrev  0x00000000000009e7       0x14 ./source/kernel/head.o
 .debug_abbrev  0x00000000000009fb      0x27e ./source/kernel/heap_5.o
 .debug_abbrev  0x0000000000000c79       0x14 ./source/kernel/hyp_entry.o
 .debug_abbrev  0x0000000000000c8d      0x36a ./source/kernel/init.o
 .debug_abbrev  0x0000000000000ff7      0x217 ./source/kernel/list.o
 .debug_abbrev  0x000000000000120e      0x2e3 ./source/kernel/queue.o
 .debug_abbrev  0x00000000000014f1      0x35c ./source/kernel/tasks.o
 .debug_abbrev  0x000000000000184d      0x269 ./source/bsp/timer/xscutimer.o
 .debug_abbrev  0x0000000000001ab6      0x1b1 ./source/bsp/timer/xscutimer_g.o
 .debug_abbrev  0x0000000000001c67      0x1de ./source/bsp/timer/xscutimer_sinit.o
 .debug_abbrev  0x0000000000001e45      0x2a4 ./source/bsp/gic/xscugic.o
 .debug_abbrev  0x00000000000020e9      0x1be ./source/bsp/gic/xscugic_g.o
 .debug_abbrev  0x00000000000022a7      0x1e9 ./source/bsp/gic/xscugic_sinit.o
 .debug_abbrev  0x0000000000002490      0x2b0 ./source/bsp/xgpiops.o
 .debug_abbrev  0x0000000000002740       0xdc ./source/bsp/xil_assert.o
 .debug_abbrev  0x000000000000281c      0x1bc ./source/bsp/xplatform_info.o
 .debug_abbrev  0x00000000000029d8       0x14 /usr/lib/gcc/arm-none-eabi/7.4.0/thumb/v7-ar/fpv3/hard/libgcc.a(_udivsi3.o)
 .debug_abbrev  0x00000000000029ec       0x14 /usr/lib/gcc/arm-none-eabi/7.4.0/thumb/v7-ar/fpv3/hard/libgcc.a(_dvmd_tls.o)
 .debug_abbrev  0x0000000000002a00       0x14 /usr/lib/gcc/arm-none-eabi/7.4.0/../../../../arm-none-eabi/lib/thumb/v7-ar/fpv3/hard/libg.a(lib_a-memcpy.o)
 .debug_abbrev  0x0000000000002a14      0x1e7 /usr/lib/gcc/arm-none-eabi/7.4.0/../../../../arm-none-eabi/lib/thumb/v7-ar/fpv3/hard/libg.a(lib_a-memset.o)

.debug_aranges  0x0000000000000000      0x9b0
 .debug_aranges
                0x0000000000000000       0x70 ./source/portable/port.o
 .debug_aranges
                0x0000000000000070       0x20 ./source/portable/portASM.o
 .debug_aranges
                0x0000000000000090       0x38 ./source/platform/macuart.o
 .debug_aranges
                0x00000000000000c8       0x20 ./source/lib/print.o
 .debug_aranges
                0x00000000000000e8       0x78 ./source/lib/printformat.o
 .debug_aranges
                0x0000000000000160       0x40 ./source/kernel/FreeRTOS_tick_config.o
 .debug_aranges
                0x00000000000001a0       0x30 ./source/kernel/ParTest.o
 .debug_aranges
                0x00000000000001d0       0x20 ./source/kernel/head.o
 .debug_aranges
                0x00000000000001f0       0x48 ./source/kernel/heap_5.o
 .debug_aranges
                0x0000000000000238       0x20 ./source/kernel/hyp_entry.o
 .debug_aranges
                0x0000000000000258       0x98 ./source/kernel/init.o
 .debug_aranges
                0x00000000000002f0       0x40 ./source/kernel/list.o
 .debug_aranges
                0x0000000000000330      0x188 ./source/kernel/queue.o
 .debug_aranges
                0x00000000000004b8      0x218 ./source/kernel/tasks.o
 .debug_aranges
                0x00000000000006d0       0x50 ./source/bsp/timer/xscutimer.o
 .debug_aranges
                0x0000000000000720       0x18 ./source/bsp/timer/xscutimer_g.o
 .debug_aranges
                0x0000000000000738       0x20 ./source/bsp/timer/xscutimer_sinit.o
 .debug_aranges
                0x0000000000000758       0xb8 ./source/bsp/gic/xscugic.o
 .debug_aranges
                0x0000000000000810       0x18 ./source/bsp/gic/xscugic_g.o
 .debug_aranges
                0x0000000000000828       0x20 ./source/bsp/gic/xscugic_sinit.o
 .debug_aranges
                0x0000000000000848       0x98 ./source/bsp/xgpiops.o
 .debug_aranges
                0x00000000000008e0       0x30 ./source/bsp/xil_assert.o
 .debug_aranges
                0x0000000000000910       0x20 ./source/bsp/xplatform_info.o
 .debug_aranges
                0x0000000000000930       0x20 /usr/lib/gcc/arm-none-eabi/7.4.0/thumb/v7-ar/fpv3/hard/libgcc.a(_udivsi3.o)
 .debug_aranges
                0x0000000000000950       0x20 /usr/lib/gcc/arm-none-eabi/7.4.0/thumb/v7-ar/fpv3/hard/libgcc.a(_dvmd_tls.o)
 .debug_aranges
                0x0000000000000970       0x20 /usr/lib/gcc/arm-none-eabi/7.4.0/../../../../arm-none-eabi/lib/thumb/v7-ar/fpv3/hard/libg.a(lib_a-memcpy.o)
 .debug_aranges
                0x0000000000000990       0x20 /usr/lib/gcc/arm-none-eabi/7.4.0/../../../../arm-none-eabi/lib/thumb/v7-ar/fpv3/hard/libg.a(lib_a-memset.o)

.debug_ranges   0x0000000000000000      0x790
 .debug_ranges  0x0000000000000000       0x60 ./source/portable/port.o
 .debug_ranges  0x0000000000000060       0x28 ./source/platform/macuart.o
 .debug_ranges  0x0000000000000088       0x10 ./source/lib/print.o
 .debug_ranges  0x0000000000000098       0x68 ./source/lib/printformat.o
 .debug_ranges  0x0000000000000100       0x30 ./source/kernel/FreeRTOS_tick_config.o
 .debug_ranges  0x0000000000000130       0x20 ./source/kernel/ParTest.o
 .debug_ranges  0x0000000000000150       0x38 ./source/kernel/heap_5.o
 .debug_ranges  0x0000000000000188       0x88 ./source/kernel/init.o
 .debug_ranges  0x0000000000000210       0x30 ./source/kernel/list.o
 .debug_ranges  0x0000000000000240      0x178 ./source/kernel/queue.o
 .debug_ranges  0x00000000000003b8      0x208 ./source/kernel/tasks.o
 .debug_ranges  0x00000000000005c0       0x40 ./source/bsp/timer/xscutimer.o
 .debug_ranges  0x0000000000000600       0x10 ./source/bsp/timer/xscutimer_sinit.o
 .debug_ranges  0x0000000000000610       0xa8 ./source/bsp/gic/xscugic.o
 .debug_ranges  0x00000000000006b8       0x10 ./source/bsp/gic/xscugic_sinit.o
 .debug_ranges  0x00000000000006c8       0x88 ./source/bsp/xgpiops.o
 .debug_ranges  0x0000000000000750       0x20 ./source/bsp/xil_assert.o
 .debug_ranges  0x0000000000000770       0x10 ./source/bsp/xplatform_info.o
 .debug_ranges  0x0000000000000780       0x10 /usr/lib/gcc/arm-none-eabi/7.4.0/../../../../arm-none-eabi/lib/thumb/v7-ar/fpv3/hard/libg.a(lib_a-memset.o)

.debug_macro    0x0000000000000000     0x7c33
 .debug_macro   0x0000000000000000      0x2f2 ./source/portable/port.o
 .debug_macro   0x00000000000002f2      0xa54 ./source/portable/port.o
 .debug_macro   0x0000000000000d46       0x17 ./source/portable/port.o
 .debug_macro   0x0000000000000d5d       0x22 ./source/portable/port.o
 .debug_macro   0x0000000000000d7f       0x52 ./source/portable/port.o
 .debug_macro   0x0000000000000dd1       0x94 ./source/portable/port.o
 .debug_macro   0x0000000000000e65       0x35 ./source/portable/port.o
 .debug_macro   0x0000000000000e9a       0x34 ./source/portable/port.o
 .debug_macro   0x0000000000000ece       0x16 ./source/portable/port.o
 .debug_macro   0x0000000000000ee4      0x10e ./source/portable/port.o
 .debug_macro   0x0000000000000ff2       0x8d ./source/portable/port.o
 .debug_macro   0x000000000000107f       0x57 ./source/portable/port.o
 .debug_macro   0x00000000000010d6       0x58 ./source/portable/port.o
 .debug_macro   0x000000000000112e       0x1f ./source/portable/port.o
 .debug_macro   0x000000000000114d       0x43 ./source/portable/port.o
 .debug_macro   0x0000000000001190       0x20 ./source/portable/port.o
 .debug_macro   0x00000000000011b0      0x18e ./source/portable/port.o
 .debug_macro   0x000000000000133e      0x339 ./source/portable/port.o
 .debug_macro   0x0000000000001677       0x16 ./source/portable/port.o
 .debug_macro   0x000000000000168d       0x29 ./source/portable/port.o
 .debug_macro   0x00000000000016b6       0xef ./source/portable/port.o
 .debug_macro   0x00000000000017a5       0x6a ./source/portable/port.o
 .debug_macro   0x000000000000180f      0x1df ./source/portable/port.o
 .debug_macro   0x00000000000019ee       0x1c ./source/portable/port.o
 .debug_macro   0x0000000000001a0a      0x58a ./source/portable/port.o
 .debug_macro   0x0000000000001f94      0x5c4 ./source/portable/port.o
 .debug_macro   0x0000000000002558      0x122 ./source/portable/port.o
 .debug_macro   0x000000000000267a       0x4a ./source/portable/port.o
 .debug_macro   0x00000000000026c4       0x31 ./source/portable/port.o
 .debug_macro   0x00000000000026f5      0x400 ./source/portable/port.o
 .debug_macro   0x0000000000002af5      0x119 ./source/portable/port.o
 .debug_macro   0x0000000000002c0e       0x16 ./source/portable/port.o
 .debug_macro   0x0000000000002c24       0x35 ./source/portable/port.o
 .debug_macro   0x0000000000002c59       0x58 ./source/portable/port.o
 .debug_macro   0x0000000000002cb1       0x10 ./source/portable/port.o
 .debug_macro   0x0000000000002cc1      0x696 ./source/portable/port.o
 .debug_macro   0x0000000000003357       0x93 ./source/portable/port.o
 .debug_macro   0x00000000000033ea       0x54 ./source/portable/port.o
 .debug_macro   0x000000000000343e       0x6f ./source/portable/port.o
 .debug_macro   0x00000000000034ad       0x2e ./source/portable/port.o
 .debug_macro   0x00000000000034db       0xc8 ./source/portable/port.o
 .debug_macro   0x00000000000035a3      0x15a ./source/portable/port.o
 .debug_macro   0x00000000000036fd      0x143 ./source/portable/port.o
 .debug_macro   0x0000000000003840       0x1c ./source/portable/port.o
 .debug_macro   0x000000000000385c       0x26 ./source/portable/port.o
 .debug_macro   0x0000000000003882      0x48d ./source/portable/port.o
 .debug_macro   0x0000000000003d0f       0xb5 ./source/portable/port.o
 .debug_macro   0x0000000000003dc4       0xaa ./source/portable/port.o
 .debug_macro   0x0000000000003e6e       0x10 ./source/portable/port.o
 .debug_macro   0x0000000000003e7e      0x250 ./source/platform/macuart.o
 .debug_macro   0x00000000000040ce       0x11 ./source/lib/print.o
 .debug_macro   0x00000000000040df       0x3c ./source/lib/printformat.o
 .debug_macro   0x000000000000411b       0x16 ./source/lib/printformat.o
 .debug_macro   0x0000000000004131       0x64 ./source/lib/printformat.o
 .debug_macro   0x0000000000004195       0x1c ./source/lib/printformat.o
 .debug_macro   0x00000000000041b1      0x2ab ./source/kernel/FreeRTOS_tick_config.o
 .debug_macro   0x000000000000445c      0x174 ./source/kernel/FreeRTOS_tick_config.o
 .debug_macro   0x00000000000045d0       0x8e ./source/kernel/FreeRTOS_tick_config.o
 .debug_macro   0x000000000000465e       0x51 ./source/kernel/FreeRTOS_tick_config.o
 .debug_macro   0x00000000000046af       0x58 ./source/kernel/FreeRTOS_tick_config.o
 .debug_macro   0x0000000000004707       0x10 ./source/kernel/FreeRTOS_tick_config.o
 .debug_macro   0x0000000000004717       0x8b ./source/kernel/FreeRTOS_tick_config.o
 .debug_macro   0x00000000000047a2       0x4a ./source/kernel/FreeRTOS_tick_config.o
 .debug_macro   0x00000000000047ec       0x81 ./source/kernel/FreeRTOS_tick_config.o
 .debug_macro   0x000000000000486d      0x2a4 ./source/kernel/FreeRTOS_tick_config.o
 .debug_macro   0x0000000000004b11       0x35 ./source/kernel/FreeRTOS_tick_config.o
 .debug_macro   0x0000000000004b46      0x2ab ./source/kernel/ParTest.o
 .debug_macro   0x0000000000004df1       0x10 ./source/kernel/ParTest.o
 .debug_macro   0x0000000000004e01       0x9c ./source/kernel/ParTest.o
 .debug_macro   0x0000000000004e9d       0x58 ./source/kernel/ParTest.o
 .debug_macro   0x0000000000004ef5       0x66 ./source/kernel/ParTest.o
 .debug_macro   0x0000000000004f5b      0x29b ./source/kernel/heap_5.o
 .debug_macro   0x00000000000051f6      0x2ed ./source/kernel/init.o
 .debug_macro   0x00000000000054e3       0x5e ./source/kernel/init.o
 .debug_macro   0x0000000000005541       0x87 ./source/kernel/init.o
 .debug_macro   0x00000000000055c8      0x10c ./source/kernel/init.o
 .debug_macro   0x00000000000056d4      0x274 ./source/kernel/list.o
 .debug_macro   0x0000000000005948      0x2cd ./source/kernel/queue.o
 .debug_macro   0x0000000000005c15      0x11f ./source/kernel/queue.o
 .debug_macro   0x0000000000005d34      0x3ef ./source/kernel/tasks.o
 .debug_macro   0x0000000000006123       0x91 ./source/kernel/tasks.o
 .debug_macro   0x00000000000061b4       0x10 ./source/kernel/tasks.o
 .debug_macro   0x00000000000061c4       0x1c ./source/kernel/tasks.o
 .debug_macro   0x00000000000061e0       0x10 ./source/kernel/tasks.o
 .debug_macro   0x00000000000061f0       0x1c ./source/kernel/tasks.o
 .debug_macro   0x000000000000620c       0x52 ./source/kernel/tasks.o
 .debug_macro   0x000000000000625e       0x40 ./source/kernel/tasks.o
 .debug_macro   0x000000000000629e       0x10 ./source/kernel/tasks.o
 .debug_macro   0x00000000000062ae       0x40 ./source/kernel/tasks.o
 .debug_macro   0x00000000000062ee       0xd7 ./source/kernel/tasks.o
 .debug_macro   0x00000000000063c5       0x1c ./source/kernel/tasks.o
 .debug_macro   0x00000000000063e1       0x3d ./source/kernel/tasks.o
 .debug_macro   0x000000000000641e       0x16 ./source/kernel/tasks.o
 .debug_macro   0x0000000000006434      0x16f ./source/kernel/tasks.o
 .debug_macro   0x00000000000065a3      0x1e4 ./source/bsp/timer/xscutimer.o
 .debug_macro   0x0000000000006787       0x85 ./source/bsp/timer/xscutimer.o
 .debug_macro   0x000000000000680c      0x1e4 ./source/bsp/timer/xscutimer_g.o
 .debug_macro   0x00000000000069f0      0x1e4 ./source/bsp/timer/xscutimer_sinit.o
 .debug_macro   0x0000000000006bd4      0x1f4 ./source/bsp/gic/xscugic.o
 .debug_macro   0x0000000000006dc8      0x406 ./source/bsp/gic/xscugic.o
 .debug_macro   0x00000000000071ce      0x21a ./source/bsp/gic/xscugic_g.o
 .debug_macro   0x00000000000073e8      0x128 ./source/bsp/gic/xscugic_g.o
 .debug_macro   0x0000000000007510       0x75 ./source/bsp/gic/xscugic_g.o
 .debug_macro   0x0000000000007585      0x1eb ./source/bsp/gic/xscugic_sinit.o
 .debug_macro   0x0000000000007770      0x1f1 ./source/bsp/xgpiops.o
 .debug_macro   0x0000000000007961       0x8e ./source/bsp/xil_assert.o
 .debug_macro   0x00000000000079ef      0x1b7 ./source/bsp/xplatform_info.o
 .debug_macro   0x0000000000007ba6       0x8d ./source/bsp/xplatform_info.o

.debug_line     0x0000000000000000     0x6e73
 .debug_line    0x0000000000000000      0x578 ./source/portable/port.o
 .debug_line    0x0000000000000578       0xb6 ./source/portable/portASM.o
 .debug_line    0x000000000000062e       0xe4 ./source/platform/macuart.o
 .debug_line    0x0000000000000712       0x48 ./source/lib/print.o
 .debug_line    0x000000000000075a      0x2df ./source/lib/printformat.o
 .debug_line    0x0000000000000a39      0x562 ./source/kernel/FreeRTOS_tick_config.o
 .debug_line    0x0000000000000f9b      0x483 ./source/kernel/ParTest.o
 .debug_line    0x000000000000141e       0x50 ./source/kernel/head.o
 .debug_line    0x000000000000146e      0x51f ./source/kernel/heap_5.o
 .debug_line    0x000000000000198d       0x78 ./source/kernel/hyp_entry.o
 .debug_line    0x0000000000001a05      0x6a1 ./source/kernel/init.o
 .debug_line    0x00000000000020a6      0x46e ./source/kernel/list.o
 .debug_line    0x0000000000002514      0xcc6 ./source/kernel/queue.o
 .debug_line    0x00000000000031da     0x10a9 ./source/kernel/tasks.o
 .debug_line    0x0000000000004283      0x4d3 ./source/bsp/timer/xscutimer.o
 .debug_line    0x0000000000004756      0x350 ./source/bsp/timer/xscutimer_g.o
 .debug_line    0x0000000000004aa6      0x378 ./source/bsp/timer/xscutimer_sinit.o
 .debug_line    0x0000000000004e1e      0x91b ./source/bsp/gic/xscugic.o
 .debug_line    0x0000000000005739      0x38a ./source/bsp/gic/xscugic_g.o
 .debug_line    0x0000000000005ac3      0x381 ./source/bsp/gic/xscugic_sinit.o
 .debug_line    0x0000000000005e44      0x7d7 ./source/bsp/xgpiops.o
 .debug_line    0x000000000000661b      0x1bf ./source/bsp/xil_assert.o
 .debug_line    0x00000000000067da      0x303 ./source/bsp/xplatform_info.o
 .debug_line    0x0000000000006add       0x8c /usr/lib/gcc/arm-none-eabi/7.4.0/thumb/v7-ar/fpv3/hard/libgcc.a(_udivsi3.o)
 .debug_line    0x0000000000006b69       0x6d /usr/lib/gcc/arm-none-eabi/7.4.0/thumb/v7-ar/fpv3/hard/libgcc.a(_dvmd_tls.o)
 .debug_line    0x0000000000006bd6       0xc4 /usr/lib/gcc/arm-none-eabi/7.4.0/../../../../arm-none-eabi/lib/thumb/v7-ar/fpv3/hard/libg.a(lib_a-memcpy.o)
 .debug_line    0x0000000000006c9a      0x1d9 /usr/lib/gcc/arm-none-eabi/7.4.0/../../../../arm-none-eabi/lib/thumb/v7-ar/fpv3/hard/libg.a(lib_a-memset.o)

.debug_str      0x0000000000000000    0x1d2e2
 .debug_str     0x0000000000000000    0x13c6d ./source/portable/port.o
                                      0x13f41 (size before relaxing)
 .debug_str     0x0000000000013c6d       0x29 ./source/portable/portASM.o
                                         0x4f (size before relaxing)
 .debug_str     0x0000000000013c96      0xdb6 ./source/platform/macuart.o
                                       0x3a4f (size before relaxing)
 .debug_str     0x0000000000014a4c       0x22 ./source/lib/print.o
                                       0x2ca9 (size before relaxing)
 .debug_str     0x0000000000014a6e      0x2e2 ./source/lib/printformat.o
                                       0x3096 (size before relaxing)
 .debug_str     0x0000000000014d50     0x24ca ./source/kernel/FreeRTOS_tick_config.o
                                      0x15dd1 (size before relaxing)
 .debug_str     0x000000000001721a      0x864 ./source/kernel/ParTest.o
                                      0x140e1 (size before relaxing)
 .debug_str     0x0000000000017a7e       0x18 ./source/kernel/head.o
                                         0x4a (size before relaxing)
 .debug_str     0x0000000000017a96      0x30d ./source/kernel/heap_5.o
                                      0x13c6c (size before relaxing)
 .debug_str     0x0000000000017da3       0x1d ./source/kernel/hyp_entry.o
                                         0x4f (size before relaxing)
 .debug_str     0x0000000000017dc0      0xf4c ./source/kernel/init.o
                                      0x16273 (size before relaxing)
 .debug_str     0x0000000000018d0c      0x108 ./source/kernel/list.o
                                      0x13409 (size before relaxing)
 .debug_str     0x0000000000018e14      0xa5c ./source/kernel/queue.o
                                      0x14dae (size before relaxing)
 .debug_str     0x0000000000019870     0x2f4e ./source/kernel/tasks.o
                                      0x16c84 (size before relaxing)
 .debug_str     0x000000000001c7be       0xbc ./source/bsp/timer/xscutimer.o
                                       0xf960 (size before relaxing)
 .debug_str     0x000000000001c87a       0x38 ./source/bsp/timer/xscutimer_g.o
                                       0xf847 (size before relaxing)
 .debug_str     0x000000000001c8b2       0x44 ./source/bsp/timer/xscutimer_sinit.o
                                       0xf86f (size before relaxing)
 .debug_str     0x000000000001c8f6      0x20d ./source/bsp/gic/xscugic.o
                                      0x10624 (size before relaxing)
 .debug_str     0x000000000001cb03       0x1e ./source/bsp/gic/xscugic_g.o
                                      0x1143f (size before relaxing)
 .debug_str     0x000000000001cb21       0x37 ./source/bsp/gic/xscugic_sinit.o
                                      0x103ab (size before relaxing)
 .debug_str     0x000000000001cb58      0x1a4 ./source/bsp/xgpiops.o
                                       0xf59d (size before relaxing)
 .debug_str     0x000000000001ccfc       0x8a ./source/bsp/xil_assert.o
                                       0x432c (size before relaxing)
 .debug_str     0x000000000001cd86       0x31 ./source/bsp/xplatform_info.o
                                       0xdae7 (size before relaxing)
 .debug_str     0x000000000001cdb7       0xab /usr/lib/gcc/arm-none-eabi/7.4.0/thumb/v7-ar/fpv3/hard/libgcc.a(_udivsi3.o)
                                         0xb7 (size before relaxing)
 .debug_str     0x000000000001ce62       0xb7 /usr/lib/gcc/arm-none-eabi/7.4.0/thumb/v7-ar/fpv3/hard/libgcc.a(_dvmd_tls.o)
 .debug_str     0x000000000001ce62       0xb2 /usr/lib/gcc/arm-none-eabi/7.4.0/../../../../arm-none-eabi/lib/thumb/v7-ar/fpv3/hard/libg.a(lib_a-memcpy.o)
                                         0xbe (size before relaxing)
 .debug_str     0x000000000001cf14      0x3ce /usr/lib/gcc/arm-none-eabi/7.4.0/../../../../arm-none-eabi/lib/thumb/v7-ar/fpv3/hard/libg.a(lib_a-memset.o)
                                        0x8f8 (size before relaxing)

.debug_frame    0x0000000000000000     0x1d50
 .debug_frame   0x0000000000000000      0x15c ./source/portable/port.o
 .debug_frame   0x000000000000015c       0x8c ./source/platform/macuart.o
 .debug_frame   0x00000000000001e8       0x30 ./source/lib/print.o
 .debug_frame   0x0000000000000218      0x1ac ./source/lib/printformat.o
 .debug_frame   0x00000000000003c4       0xb0 ./source/kernel/FreeRTOS_tick_config.o
 .debug_frame   0x0000000000000474       0x70 ./source/kernel/ParTest.o
 .debug_frame   0x00000000000004e4       0xd8 ./source/kernel/heap_5.o
 .debug_frame   0x00000000000005bc      0x1f4 ./source/kernel/init.o
 .debug_frame   0x00000000000007b0       0xb0 ./source/kernel/list.o
 .debug_frame   0x0000000000000860      0x5e8 ./source/kernel/queue.o
 .debug_frame   0x0000000000000e48      0x818 ./source/kernel/tasks.o
 .debug_frame   0x0000000000001660       0xf0 ./source/bsp/timer/xscutimer.o
 .debug_frame   0x0000000000001750       0x30 ./source/bsp/timer/xscutimer_sinit.o
 .debug_frame   0x0000000000001780      0x298 ./source/bsp/gic/xscugic.o
 .debug_frame   0x0000000000001a18       0x30 ./source/bsp/gic/xscugic_sinit.o
 .debug_frame   0x0000000000001a48      0x210 ./source/bsp/xgpiops.o
 .debug_frame   0x0000000000001c58       0x70 ./source/bsp/xil_assert.o
 .debug_frame   0x0000000000001cc8       0x30 ./source/bsp/xplatform_info.o
 .debug_frame   0x0000000000001cf8       0x20 /usr/lib/gcc/arm-none-eabi/7.4.0/thumb/v7-ar/fpv3/hard/libgcc.a(_udivsi3.o)
 .debug_frame   0x0000000000001d18       0x38 /usr/lib/gcc/arm-none-eabi/7.4.0/../../../../arm-none-eabi/lib/thumb/v7-ar/fpv3/hard/libg.a(lib_a-memset.o)

.debug_loc      0x0000000000000000      0x15f
 .debug_loc     0x0000000000000000      0x15f /usr/lib/gcc/arm-none-eabi/7.4.0/../../../../arm-none-eabi/lib/thumb/v7-ar/fpv3/hard/libg.a(lib_a-memset.o)
